Component: Arm Compiler for Embedded 6.19 Tool: armlink [5e73cb00]

==============================================================================

Section Cross References

    main.o(.text.main) refers to qf_port.o(.text.QF_init) for QF_init
    main.o(.text.main) refers to main.o(.bss.main.smlPoolSto) for main.smlPoolSto
    main.o(.text.main) refers to qf_dyn.o(.text.QF_poolInit) for QF_poolInit
    main.o(.text.main) refers to bsp_system.o(.text.bsp_system_init) for bsp_system_init
    main.o(.text.main) refers to bsp_gpio.o(.text.bsp_gpio_user_key_init) for bsp_gpio_user_key_init
    main.o(.text.main) refers to bsp_gpio.o(.text.bsp_gpio_PB0_init) for bsp_gpio_PB0_init
    main.o(.text.main) refers to bsp_gpio.o(.text.bsp_gpio_PB1_init) for bsp_gpio_PB1_init
    main.o(.text.main) refers to bsp_gpio.o(.text.bsp_gpio_PB10_init) for bsp_gpio_PB10_init
    main.o(.text.main) refers to bsp_i2c.o(.text.bsp_i2c_init) for bsp_i2c_init
    main.o(.text.main) refers to veml6040.o(.text.veml6040_init) for veml6040_init
    main.o(.text.main) refers to sdd1306.o(.text.sdd1306_init) for sdd1306_init
    main.o(.text.main) refers to central.o(.text.Central_ctor) for Central_ctor
    main.o(.text.main) refers to central.o(.rodata.AO_Central) for AO_Central
    main.o(.text.main) refers to main.o(.bss.main.centralStack) for main.centralStack
    main.o(.text.main) refers to main.o(.bss.main.central_queueSto) for main.central_queueSto
    main.o(.text.main) refers to qf_port.o(.text.QActive_start_) for QActive_start_
    main.o(.text.main) refers to qf_port.o(.text.QF_run) for QF_run
    main.o(.ARM.exidx.text.main) refers to main.o(.text.main) for [Anonymous Symbol]
    main.o(.text.DebounceSwitch) refers to main.o(.bss.DebounceSwitch.State) for DebounceSwitch.State
    main.o(.text.DebounceSwitch) refers to bsp_gpio.o(.text.bsp_gpio_user_key_get_state) for bsp_gpio_user_key_get_state
    main.o(.ARM.exidx.text.DebounceSwitch) refers to main.o(.text.DebounceSwitch) for [Anonymous Symbol]
    main.o(.text.DebounceSwitch2) refers to main.o(.bss.DebounceSwitch2.State) for DebounceSwitch2.State
    main.o(.text.DebounceSwitch2) refers to bsp_gpio.o(.text.bsp_gpio_PB1_get_state) for bsp_gpio_PB1_get_state
    main.o(.ARM.exidx.text.DebounceSwitch2) refers to main.o(.text.DebounceSwitch2) for [Anonymous Symbol]
    main.o(.text.DebounceSwitch3) refers to main.o(.bss.DebounceSwitch3.State) for DebounceSwitch3.State
    main.o(.text.DebounceSwitch3) refers to bsp_gpio.o(.text.bsp_gpio_PB0_get_state) for bsp_gpio_PB0_get_state
    main.o(.ARM.exidx.text.DebounceSwitch3) refers to main.o(.text.DebounceSwitch3) for [Anonymous Symbol]
    main.o(.text.App_TimeTickHook) refers to qf_time.o(.text.QTimeEvt_tick_) for QTimeEvt_tick_
    main.o(.text.App_TimeTickHook) refers to main.o(.text.DebounceSwitch) for DebounceSwitch
    main.o(.text.App_TimeTickHook) refers to qf_dyn.o(.text.QF_newX_) for QF_newX_
    main.o(.text.App_TimeTickHook) refers to central.o(.rodata.AO_Central) for AO_Central
    main.o(.text.App_TimeTickHook) refers to qf_port.o(.text.QActive_post_) for QActive_post_
    main.o(.text.App_TimeTickHook) refers to main.o(.text.DebounceSwitch2) for DebounceSwitch2
    main.o(.text.App_TimeTickHook) refers to main.o(.text.DebounceSwitch3) for DebounceSwitch3
    main.o(.ARM.exidx.text.App_TimeTickHook) refers to main.o(.text.App_TimeTickHook) for [Anonymous Symbol]
    stm32f4xx_it.o(.ARM.exidx.text.NMI_Handler) refers to stm32f4xx_it.o(.text.NMI_Handler) for [Anonymous Symbol]
    stm32f4xx_it.o(.ARM.exidx.text.HardFault_Handler) refers to stm32f4xx_it.o(.text.HardFault_Handler) for [Anonymous Symbol]
    stm32f4xx_it.o(.ARM.exidx.text.MemManage_Handler) refers to stm32f4xx_it.o(.text.MemManage_Handler) for [Anonymous Symbol]
    stm32f4xx_it.o(.ARM.exidx.text.BusFault_Handler) refers to stm32f4xx_it.o(.text.BusFault_Handler) for [Anonymous Symbol]
    stm32f4xx_it.o(.ARM.exidx.text.UsageFault_Handler) refers to stm32f4xx_it.o(.text.UsageFault_Handler) for [Anonymous Symbol]
    stm32f4xx_it.o(.ARM.exidx.text.SVC_Handler) refers to stm32f4xx_it.o(.text.SVC_Handler) for [Anonymous Symbol]
    stm32f4xx_it.o(.ARM.exidx.text.DebugMon_Handler) refers to stm32f4xx_it.o(.text.DebugMon_Handler) for [Anonymous Symbol]
    stm32f4xx_it.o(.ARM.exidx.text.PendSV_Handler) refers to stm32f4xx_it.o(.text.PendSV_Handler) for [Anonymous Symbol]
    stm32f4xx_it.o(.ARM.exidx.text.SysTick_Handler) refers to stm32f4xx_it.o(.text.SysTick_Handler) for [Anonymous Symbol]
    stm32f4xx_it.o(.ARM.exidx.text.EXTI15_10_IRQHandler) refers to stm32f4xx_it.o(.text.EXTI15_10_IRQHandler) for [Anonymous Symbol]
    stm32f4xx_it.o(.ARM.exidx.text.OTG_FS_IRQHandler) refers to stm32f4xx_it.o(.text.OTG_FS_IRQHandler) for [Anonymous Symbol]
    stm32f4xx_it.o(.ARM.exidx.text.EXTI0_IRQHandler) refers to stm32f4xx_it.o(.text.EXTI0_IRQHandler) for [Anonymous Symbol]
[...]
    [Anonymous Symbol]                       0x0800189c   Section        0  os_q.o(.text.OSQPend)
    [Anonymous Symbol]                       0x08001a44   Section        0  os_q.o(.text.OSQPost)
    [Anonymous Symbol]                       0x08001b0c   Section        0  os_core.o(.text.OSStart)
    [Anonymous Symbol]                       0x08001b60   Section        0  os_cpu_c.o(.text.OSTCBInitHook)
    [Anonymous Symbol]                       0x08001b70   Section        0  os_task.o(.text.OSTaskCreateExt)
    [Anonymous Symbol]                       0x08001cc4   Section        0  os_cpu_c.o(.text.OSTaskCreateHook)
    [Anonymous Symbol]                       0x08001cd4   Section        0  os_task.o(.text.OSTaskDel)
    [Anonymous Symbol]                       0x08001f18   Section        0  os_cpu_c.o(.text.OSTaskDelHook)
    [Anonymous Symbol]                       0x08001f28   Section        0  os_cpu_c.o(.text.OSTaskIdleHook)
    [Anonymous Symbol]                       0x08001f30   Section        0  os_task.o(.text.OSTaskNameSet)
    [Anonymous Symbol]                       0x0800200c   Section        0  os_cpu_c.o(.text.OSTaskReturnHook)
    [Anonymous Symbol]                       0x0800201c   Section        0  os_cpu_c.o(.text.OSTaskStatHook)
    [Anonymous Symbol]                       0x08002024   Section        0  os_task.o(.text.OSTaskStkChk)
    [Anonymous Symbol]                       0x08002144   Section        0  os_cpu_c.o(.text.OSTaskStkInit)
    [Anonymous Symbol]                       0x08002254   Section        0  os_task.o(.text.OSTaskSuspend)
    [Anonymous Symbol]                       0x080023a8   Section        0  os_cpu_c.o(.text.OSTaskSwHook)
    [Anonymous Symbol]                       0x080023b0   Section        0  os_time.o(.text.OSTimeDly)
    [Anonymous Symbol]                       0x08002464   Section        0  os_core.o(.text.OSTimeTick)
    [Anonymous Symbol]                       0x080025d0   Section        0  os_cpu_c.o(.text.OSTimeTickHook)
    [Anonymous Symbol]                       0x080025d8   Section        0  os_cpu_c.o(.text.OS_CPU_SysTickHandler)
    [Anonymous Symbol]                       0x08002604   Section        0  os_core.o(.text.OS_Dummy)
    [Anonymous Symbol]                       0x08002608   Section        0  os_core.o(.text.OS_EventTaskRdy)
    [Anonymous Symbol]                       0x080026ec   Section        0  os_core.o(.text.OS_EventTaskRemove)
    [Anonymous Symbol]                       0x08002738   Section        0  os_core.o(.text.OS_EventTaskRemoveMulti)
    [Anonymous Symbol]                       0x080027b0   Section        0  os_core.o(.text.OS_EventTaskWait)
    [Anonymous Symbol]                       0x08002834   Section        0  os_core.o(.text.OS_EventWaitListInit)
    [Anonymous Symbol]                       0x0800286c   Section        0  os_flag.o(.text.OS_FlagInit)
    [Anonymous Symbol]                       0x08002914   Section        0  os_flag.o(.text.OS_FlagUnlink)
    OS_InitEventList                         0x0800296d   Thumb Code   178  os_core.o(.text.OS_InitEventList)
    [Anonymous Symbol]                       0x0800296c   Section        0  os_core.o(.text.OS_InitEventList)
    OS_InitMisc                              0x08002a21   Thumb Code   114  os_core.o(.text.OS_InitMisc)
    [Anonymous Symbol]                       0x08002a20   Section        0  os_core.o(.text.OS_InitMisc)
    OS_InitRdyList                           0x08002a95   Thumb Code   106  os_core.o(.text.OS_InitRdyList)
    [Anonymous Symbol]                       0x08002a94   Section        0  os_core.o(.text.OS_InitRdyList)
    OS_InitTCBList                           0x08002b01   Thumb Code   188  os_core.o(.text.OS_InitTCBList)
    [Anonymous Symbol]                       0x08002b00   Section        0  os_core.o(.text.OS_InitTCBList)
    OS_InitTaskIdle                          0x08002bbd   Thumb Code    76  os_core.o(.text.OS_InitTaskIdle)
    [Anonymous Symbol]                       0x08002bbc   Section        0  os_core.o(.text.OS_InitTaskIdle)
    OS_InitTaskStat                          0x08002c09   Thumb Code    76  os_core.o(.text.OS_InitTaskStat)
    [Anonymous Symbol]                       0x08002c08   Section        0  os_core.o(.text.OS_InitTaskStat)
    [Anonymous Symbol]                       0x08002c54   Section        0  os_core.o(.text.OS_MemClr)
    [Anonymous Symbol]                       0x08002c80   Section        0  os_mem.o(.text.OS_MemInit)
    [Anonymous Symbol]                       0x08002d1c   Section        0  os_q.o(.text.OS_QInit)
    [Anonymous Symbol]                       0x08002dac   Section        0  os_core.o(.text.OS_Sched)
    OS_SchedNew                              0x08002e49   Thumb Code    60  os_core.o(.text.OS_SchedNew)
    [Anonymous Symbol]                       0x08002e48   Section        0  os_core.o(.text.OS_SchedNew)
    [Anonymous Symbol]                       0x08002e84   Section        0  os_core.o(.text.OS_TCBInit)
    [Anonymous Symbol]                       0x080030a0   Section        0  os_core.o(.text.OS_TaskIdle)
    [Anonymous Symbol]                       0x080030d8   Section        0  os_task.o(.text.OS_TaskReturn)
    [Anonymous Symbol]                       0x080030f0   Section        0  os_core.o(.text.OS_TaskStat)
    [Anonymous Symbol]                       0x08003244   Section        0  os_core.o(.text.OS_TaskStatStkChk)
    [Anonymous Symbol]                       0x080032bc   Section        0  os_task.o(.text.OS_TaskStkClr)
    [Anonymous Symbol]                       0x08003300   Section        0  stm32f4xx_it.o(.text.OTG_FS_IRQHandler)
    [Anonymous Symbol]                       0x08003304   Section        0  qf_qact.o(.text.QActive_ctor)
    [Anonymous Symbol]                       0x0800332c   Section        0  qf_port.o(.text.QActive_get_)
    [Anonymous Symbol]                       0x08003378   Section        0  qf_port.o(.text.QActive_post_)
    [Anonymous Symbol]                       0x0800346c   Section        0  qf_qact.o(.text.QActive_register_)
    [Anonymous Symbol]                       0x080035b0   Section        0  qf_port.o(.text.QActive_start_)
    QEvt_ctor                                0x080036ad   Thumb Code    38  qf_time.o(.text.QEvt_ctor)
    [Anonymous Symbol]                       0x080036ac   Section        0  qf_time.o(.text.QEvt_ctor)
    QEvt_getPoolId_                          0x080036d5   Thumb Code    16  qf_dyn.o(.text.QEvt_getPoolId_)
    [Anonymous Symbol]                       0x080036d4   Section        0  qf_dyn.o(.text.QEvt_getPoolId_)
    QEvt_getPoolId_                          0x080036e5   Thumb Code    16  qf_port.o(.text.QEvt_getPoolId_)
    [Anonymous Symbol]                       0x080036e4   Section        0  qf_port.o(.text.QEvt_getPoolId_)
    QEvt_refCtr_dec_                         0x080036f5   Thumb Code    16  qf_dyn.o(.text.QEvt_refCtr_dec_)
    [Anonymous Symbol]                       0x080036f4   Section        0  qf_dyn.o(.text.QEvt_refCtr_dec_)
    QEvt_refCtr_inc_                         0x08003705   Thumb Code    16  qf_port.o(.text.QEvt_refCtr_inc_)
    [Anonymous Symbol]                       0x08003704   Section        0  qf_port.o(.text.QEvt_refCtr_inc_)
    QEvt_verify_                             0x08003715   Thumb Code    44  qep_hsm.o(.text.QEvt_verify_)
    [Anonymous Symbol]                       0x08003714   Section        0  qep_hsm.o(.text.QEvt_verify_)
    QEvt_verify_                             0x08003741   Thumb Code    44  qf_dyn.o(.text.QEvt_verify_)
    [Anonymous Symbol]                       0x08003740   Section        0  qf_dyn.o(.text.QEvt_verify_)
    [Anonymous Symbol]                       0x0800376c   Section        0  qf_act.o(.text.QF_bzero_)
    [Anonymous Symbol]                       0x0800379c   Section        0  qf_dyn.o(.text.QF_gc)
    [Anonymous Symbol]                       0x0800385c   Section        0  qf_port.o(.text.QF_init)
    [Anonymous Symbol]                       0x08003864   Section        0  qf_dyn.o(.text.QF_newX_)
    [Anonymous Symbol]                       0x08003984   Section        0  app.o(.text.QF_onStartup)
    [Anonymous Symbol]                       0x08003988   Section        0  qf_dyn.o(.text.QF_poolInit)
    [Anonymous Symbol]                       0x08003a30   Section        0  qf_port.o(.text.QF_run)
    [Anonymous Symbol]                       0x08003a40   Section        0  qep_hsm.o(.text.QHsm_ctor)
    [Anonymous Symbol]                       0x08003a68   Section        0  qep_hsm.o(.text.QHsm_dispatch_)
    [Anonymous Symbol]                       0x08003c98   Section        0  qep_hsm.o(.text.QHsm_init_)
    [Anonymous Symbol]                       0x08003e10   Section        0  qep_hsm.o(.text.QHsm_top)
    [Anonymous Symbol]                       0x08003e1c   Section        0  qep_hsm.o(.text.QHsm_tran_)
    [Anonymous Symbol]                       0x080040bc   Section        0  qf_mem.o(.text.QMPool_get)
    [Anonymous Symbol]                       0x080041b4   Section        0  qf_mem.o(.text.QMPool_init)
    [Anonymous Symbol]                       0x080042c8   Section        0  qf_mem.o(.text.QMPool_put)
    [Anonymous Symbol]                       0x08004344   Section        0  qf_time.o(.text.QTimeEvt_armX)
    [Anonymous Symbol]                       0x080043f8   Section        0  qf_time.o(.text.QTimeEvt_ctorX)
    [Anonymous Symbol]                       0x08004460   Section        0  qf_time.o(.text.QTimeEvt_disarm)
    [Anonymous Symbol]                       0x080044bc   Section        0  qf_time.o(.text.QTimeEvt_tick_)
    [Anonymous Symbol]                       0x08004600   Section        0  app.o(.text.Q_onError)
    [Anonymous Symbol]                       0x08004610   Section        0  stm32f4xx_it.o(.text.SVC_Handler)
    [Anonymous Symbol]                       0x08004614   Section        0  system_stm32f4xx.o(.text.SystemCoreClockUpdate)
    [Anonymous Symbol]                       0x08004744   Section        0  system_stm32f4xx.o(.text.SystemInit)
    [Anonymous Symbol]                       0x08004748   Section        0  tickerkeeper.o(.text.TickerKeeper_ctor)
    [Anonymous Symbol]                       0x0800478c   Section        0  tickerkeeper.o(.text.TickerKeeper_initial)
    [Anonymous Symbol]                       0x080047b0   Section        0  tickerkeeper.o(.text.TickerKeeper_paused)
    [Anonymous Symbol]                       0x080047f0   Section        0  tickerkeeper.o(.text.TickerKeeper_running)
    [Anonymous Symbol]                       0x08004884   Section        0  stm32f4xx_it.o(.text.UsageFault_Handler)
    [Anonymous Symbol]                       0x08004888   Section        0  bsp_system.o(.text.bsp_flash_init)
    [Anonymous Symbol]                       0x080048b0   Section        0  bsp_gpio.o(.text.bsp_gpio_PA7_reset)
    [Anonymous Symbol]                       0x080048c0   Section        0  bsp_gpio.o(.text.bsp_gpio_PA7_set)
    [Anonymous Symbol]                       0x080048d0   Section        0  bsp_gpio.o(.text.bsp_gpio_PB0_get_state)
    [Anonymous Symbol]                       0x080048e0   Section        0  bsp_gpio.o(.text.bsp_gpio_PB0_init)
    [Anonymous Symbol]                       0x08004914   Section        0  bsp_gpio.o(.text.bsp_gpio_PB10_init)
    [Anonymous Symbol]                       0x0800496c   Section        0  bsp_gpio.o(.text.bsp_gpio_PB10_reset)
    [Anonymous Symbol]                       0x08004980   Section        0  bsp_gpio.o(.text.bsp_gpio_PB10_set)
    [Anonymous Symbol]                       0x08004994   Section        0  bsp_gpio.o(.text.bsp_gpio_PB1_get_state)
    [Anonymous Symbol]                       0x080049a4   Section        0  bsp_gpio.o(.text.bsp_gpio_PB1_init)
    [Anonymous Symbol]                       0x080049d8   Section        0  bsp_gpio.o(.text.bsp_gpio_user_key_get_state)
    [Anonymous Symbol]                       0x080049e8   Section        0  bsp_gpio.o(.text.bsp_gpio_user_key_init)
    [Anonymous Symbol]                       0x08004a18   Section        0  bsp_i2c.o(.text.bsp_i2c_init)
    [Anonymous Symbol]                       0x08004bd0   Section        0  bsp_i2c.o(.text.bsp_i2c_master_receive)
    [Anonymous Symbol]                       0x08004ee8   Section        0  bsp_i2c.o(.text.bsp_i2c_master_receive_reg)
    [Anonymous Symbol]                       0x08005068   Section        0  bsp_i2c.o(.text.bsp_i2c_master_transfer)
    bsp_rcc_clock_init                       0x080051f5   Thumb Code   474  bsp_system.o(.text.bsp_rcc_clock_init)
    [Anonymous Symbol]                       0x080051f4   Section        0  bsp_system.o(.text.bsp_rcc_clock_init)
    [Anonymous Symbol]                       0x080053d0   Section        0  bsp_system.o(.text.bsp_system_init)
    bsp_systick_init                         0x080053e1   Thumb Code    90  bsp_system.o(.text.bsp_systick_init)
    [Anonymous Symbol]                       0x080053e0   Section        0  bsp_system.o(.text.bsp_systick_init)
    calculateHue                             0x0800543d   Thumb Code   352  central.o(.text.calculateHue)
    [Anonymous Symbol]                       0x0800543c   Section        0  central.o(.text.calculateHue)
    [Anonymous Symbol]                       0x0800559c   Section        0  main.o(.text.main)
    [Anonymous Symbol]                       0x08005618   Section        0  sdd1306.o(.text.sdd1306_clear_area)
    [Anonymous Symbol]                       0x0800567c   Section        0  sdd1306.o(.text.sdd1306_draw)
    [Anonymous Symbol]                       0x080056ec   Section        0  sdd1306.o(.text.sdd1306_init)
    task_function                            0x08005751   Thumb Code    40  qf_port.o(.text.task_function)
    [Anonymous Symbol]                       0x08005750   Section        0  qf_port.o(.text.task_function)
    [Anonymous Symbol]                       0x08005778   Section        0  veml6040.o(.text.veml6040_get_data_raw)
    [Anonymous Symbol]                       0x08005820   Section        0  veml6040.o(.text.veml6040_init)
    .L__const.sdd1306_init.initializeCmds    0x08005840   Data          26  sdd1306.o(.rodata..L__const.sdd1306_init.initializeCmds)
    QActive_ctor.vtable                      0x08005978   Data           8  qf_qact.o(.rodata.QActive_ctor.vtable)
    [Anonymous Symbol]                       0x08005978   Section        0  qf_qact.o(.rodata.QActive_ctor.vtable)
    QHsm_ctor.vtable                         0x08005990   Data           8  qep_hsm.o(.rodata.QHsm_ctor.vtable)
    [Anonymous Symbol]                       0x08005990   Section        0  qep_hsm.o(.rodata.QHsm_ctor.vtable)
    Q_this_module_                           0x08005998   Data          14  central.o(.rodata.Q_this_module_)
    [Anonymous Symbol]                       0x08005998   Section        0  central.o(.rodata.Q_this_module_)
    Q_this_module_                           0x080059a6   Data           8  qep_hsm.o(.rodata.Q_this_module_)
    [Anonymous Symbol]                       0x080059a6   Section        0  qep_hsm.o(.rodata.Q_this_module_)
    Q_this_module_                           0x080059ae   Data           7  qf_dyn.o(.rodata.Q_this_module_)
    [Anonymous Symbol]                       0x080059ae   Section        0  qf_dyn.o(.rodata.Q_this_module_)
    Q_this_module_                           0x080059b5   Data           7  qf_mem.o(.rodata.Q_this_module_)
    [Anonymous Symbol]                       0x080059b5   Section        0  qf_mem.o(.rodata.Q_this_module_)
    Q_this_module_                           0x080059bc   Data           8  qf_qact.o(.rodata.Q_this_module_)
    [Anonymous Symbol]                       0x080059bc   Section        0  qf_qact.o(.rodata.Q_this_module_)
    Q_this_module_                           0x080059c4   Data           8  qf_time.o(.rodata.Q_this_module_)
    [Anonymous Symbol]                       0x080059c4   Section        0  qf_time.o(.rodata.Q_this_module_)
    Q_this_module_                           0x080059cc   Data           8  qf_port.o(.rodata.Q_this_module_)
    [Anonymous Symbol]                       0x080059cc   Section        0  qf_port.o(.rodata.Q_this_module_)
    font16x16                                0x080059d4   Data         594  central.o(.rodata.font16x16)
    [Anonymous Symbol]                       0x080059d4   Section        0  central.o(.rodata.font16x16)
    .L.str                                   0x08005c26   Data           2  os_core.o(.rodata.str1.1)
    .L.str                                   0x08005c26   Data           2  os_core.o(.rodata.str1.1)
    .L.str                                   0x08005c26   Data           2  os_core.o(.rodata.str1.1)
    .L.str                                   0x08005c26   Data           2  os_core.o(.rodata.str1.1)
    .L.str                                   0x08005c26   Data           2  os_core.o(.rodata.str1.1)
    [Anonymous Symbol]                       0x08005c26   Section        0  os_core.o(.rodata.str1.1)
    .L.str.1                                 0x08005c28   Data          14  os_core.o(.rodata.str1.1)
    .L.str.2                                 0x08005c36   Data          14  os_core.o(.rodata.str1.1)
    zeros                                    0x20000004   Data        1025  sdd1306.o(.data.zeros)
    [Anonymous Symbol]                       0x20000004   Section        0  sdd1306.o(.data.zeros)
    .bss                                     0x20000408   Section       96  libspace.o(.bss)
    DebounceSwitch.State                     0x20000468   Data           2  main.o(.bss.DebounceSwitch.State)
    [Anonymous Symbol]                       0x20000468   Section        0  main.o(.bss.DebounceSwitch.State)
    DebounceSwitch2.State                    0x2000046a   Data           2  main.o(.bss.DebounceSwitch2.State)
    [Anonymous Symbol]                       0x2000046a   Section        0  main.o(.bss.DebounceSwitch2.State)
    DebounceSwitch3.State                    0x2000046c   Data           2  main.o(.bss.DebounceSwitch3.State)
    [Anonymous Symbol]                       0x2000046c   Section        0  main.o(.bss.DebounceSwitch3.State)
    l_central                                0x200018a8   Data          92  central.o(.bss.l_central)
    [Anonymous Symbol]                       0x200018a8   Section        0  central.o(.bss.l_central)
    main.centralStack                        0x20001904   Data        2048  main.o(.bss.main.centralStack)
    [Anonymous Symbol]                       0x20001904   Section        0  main.o(.bss.main.centralStack)
    main.central_queueSto                    0x20002104   Data         400  main.o(.bss.main.central_queueSto)
    [Anonymous Symbol]                       0x20002104   Section        0  main.o(.bss.main.central_queueSto)
    main.smlPoolSto                          0x20002294   Data         200  main.o(.bss.main.smlPoolSto)
    [Anonymous Symbol]                       0x20002294   Section        0  main.o(.bss.main.smlPoolSto)
    Heap_Mem                                 0x20002360   Data         512  startup_stm32f411xe.o(HEAP)
    HEAP                                     0x20002360   Section      512  startup_stm32f411xe.o(HEAP)
    Stack_Mem                                0x20002560   Data        1024  startup_stm32f411xe.o(STACK)
    STACK                                    0x20002560   Section     1024  startup_stm32f411xe.o(STACK)
    __initial_sp                             0x20002960   Data           0  startup_stm32f411xe.o(STACK)

    Global Symbols

    Symbol Name                              Value     Ov Type        Size  Object(Section)

    BuildAttributes$$THM_ISAv4$E$P$D$K$B$S$7EM$PE$A:L22UL41UL21$X:L11$S22US41US21$IEEE1$IW$~IW$USESV6$~STKCKD$USESV7$~SHL$OTIME$ROPI$EBA8$UX$STANDARDLIB$REQ8$PRES8$EABIv2 0x00000000   Number         0  anon$$obj.o ABSOLUTE
    __fp_init_empty                          0x00000000   Number         0  fpinit_empty.o ABSOLUTE
    __ARM_exceptions_init                     - Undefined Weak Reference
    __alloca_initialize                       - Undefined Weak Reference
    __arm_preinit_                            - Undefined Weak Reference
    __arm_relocate_pie_                       - Undefined Weak Reference
    __cpp_initialize__aeabi_                  - Undefined Weak Reference
    __cxa_finalize                            - Undefined Weak Reference
    __rt_locale                               - Undefined Weak Reference
    __sigvec_lookup                           - Undefined Weak Reference
    __user_heap_extent                        - Undefined Weak Reference
    _atexit_init                              - Undefined Weak Reference
    _call_atexit_fns                          - Undefined Weak Reference
    _clock_init                               - Undefined Weak Reference
    _fp_trap_init                             - Undefined Weak Reference
    _fp_trap_shutdown                         - Undefined Weak Reference
    _get_lc_collate                           - Undefined Weak Reference
    _get_lc_ctype                             - Undefined Weak Reference
    _get_lc_monetary                          - Undefined Weak Reference
    _get_lc_numeric                           - Undefined Weak Reference
    _get_lc_time                              - Undefined Weak Reference
    _getenv_init                              - Undefined Weak Reference
    _handle_redirection                       - Undefined Weak Reference
    _initio                                   - Undefined Weak Reference
    _mutex_acquire                            - Undefined Weak Reference
    _mutex_free                               - Undefined Weak Reference
    _mutex_release                            - Undefined Weak Reference
    _rand_init                                - Undefined Weak Reference
    _signal_finish                            - Undefined Weak Reference
    _signal_init                              - Undefined Weak Reference
    _terminateio                              - Undefined Weak Reference
    __Vectors_Size                           0x00000198   Number         0  startup_stm32f411xe.o ABSOLUTE
    __Vectors                                0x08000000   Data           4  startup_stm32f411xe.o(RESET)
    __Vectors_End                            0x08000198   Data           0  startup_stm32f411xe.o(RESET)
    __main                                   0x08000199   Thumb Code     8  __main.o(!!!main)
    __scatterload                            0x080001a1   Thumb Code     0  __scatter.o(!!!scatter)
    __scatterload_rt2                        0x080001a1   Thumb Code    44  __scatter.o(!!!scatter)
    __scatterload_rt2_thumb_only             0x080001a1   Thumb Code     0  __scatter.o(!!!scatter)
    __scatterload_null                       0x080001af   Thumb Code     0  __scatter.o(!!!scatter)
    __decompress                             0x080001d5   Thumb Code    58  __dczerorl.o(!!dczerorl)
    __decompress0                            0x080001d5   Thumb Code     0  __dczerorl.o(!!dczerorl)
    __scatterload_zeroinit                   0x08000211   Thumb Code    28  __scatter_zi.o(!!handler_zi)
    __rt_lib_init                            0x0800022d   Thumb Code     0  libinit.o(.ARM.Collect$$libinit$$00000000)
    __rt_lib_init_alloca_1                   0x0800022f   Thumb Code     0  libinit2.o(.ARM.Collect$$libinit$$00000030)
    __rt_lib_init_argv_1                     0x0800022f   Thumb Code     0  libinit2.o(.ARM.Collect$$libinit$$0000002E)
    __rt_lib_init_atexit_1                   0x0800022f   Thumb Code     0  libinit2.o(.ARM.Collect$$libinit$$0000001D)
    __rt_lib_init_clock_1                    0x0800022f   Thumb Code     0  libinit2.o(.ARM.Collect$$libinit$$00000023)
    __rt_lib_init_cpp_1                      0x0800022f   Thumb Code     0  libinit2.o(.ARM.Collect$$libinit$$00000034)
    __rt_lib_init_exceptions_1               0x0800022f   Thumb Code     0  libinit2.o(.ARM.Collect$$libinit$$00000032)
    __rt_lib_init_fp_1                       0x0800022f   Thumb Code     0  libinit2.o(.ARM.Collect$$libinit$$00000002)
    __rt_lib_init_fp_trap_1                  0x0800022f   Thumb Code     0  libinit2.o(.ARM.Collect$$libinit$$00000021)
    __rt_lib_init_getenv_1                   0x0800022f   Thumb Code     0  libinit2.o(.ARM.Collect$$libinit$$00000025)
    __rt_lib_init_heap_1                     0x0800022f   Thumb Code     0  libinit2.o(.ARM.Collect$$libinit$$0000000C)
    __rt_lib_init_lc_collate_1               0x0800022f   Thumb Code     0  libinit2.o(.ARM.Collect$$libinit$$00000013)
    __rt_lib_init_lc_ctype_1                 0x0800022f   Thumb Code     0  libinit2.o(.ARM.Collect$$libinit$$00000015)
    __rt_lib_init_lc_monetary_1              0x0800022f   Thumb Code     0  libinit2.o(.ARM.Collect$$libinit$$00000017)
    __rt_lib_init_lc_numeric_1               0x0800022f   Thumb Code     0  libinit2.o(.ARM.Collect$$libinit$$00000019)
    __rt_lib_init_lc_time_1                  0x0800022f   Thumb Code     0  libinit2.o(.ARM.Collect$$libinit$$0000001B)
    __rt_lib_init_preinit_1                  0x0800022f   Thumb Code     0  libinit2.o(.ARM.Collect$$libinit$$00000006)
    __rt_lib_init_rand_1                     0x0800022f   Thumb Code     0  libinit2.o(.ARM.Collect$$libinit$$00000010)
    __rt_lib_init_relocate_pie_1             0x0800022f   Thumb Code     0  libinit2.o(.ARM.Collect$$libinit$$00000004)
    __rt_lib_init_return                     0x0800022f   Thumb Code     0  libinit2.o(.ARM.Collect$$libinit$$00000035)
    __rt_lib_init_signal_1                   0x0800022f   Thumb Code     0  libinit2.o(.ARM.Collect$$libinit$$0000001F)
    __rt_lib_init_stdio_1                    0x0800022f   Thumb Code     0  libinit2.o(.ARM.Collect$$libinit$$00000027)
    __rt_lib_init_user_alloc_1               0x0800022f   Thumb Code     0  libinit2.o(.ARM.Collect$$libinit$$0000000E)
    __rt_lib_shutdown                        0x08000231   Thumb Code     0  libshutdown.o(.ARM.Collect$$libshutdown$$00000000)
    __rt_lib_shutdown_cpp_1                  0x08000233   Thumb Code     0  libshutdown2.o(.ARM.Collect$$libshutdown$$00000002)
    __rt_lib_shutdown_fp_trap_1              0x08000233   Thumb Code     0  libshutdown2.o(.ARM.Collect$$libshutdown$$00000007)
    __rt_lib_shutdown_heap_1                 0x08000233   Thumb Code     0  libshutdown2.o(.ARM.Collect$$libshutdown$$0000000F)
    __rt_lib_shutdown_return                 0x08000233   Thumb Code     0  libshutdown2.o(.ARM.Collect$$libshutdown$$00000010)
    __rt_lib_shutdown_signal_1               0x08000233   Thumb Code     0  libshutdown2.o(.ARM.Collect$$libshutdown$$0000000A)
    __rt_lib_shutdown_stdio_1                0x08000233   Thumb Code     0  libshutdown2.o(.ARM.Collect$$libshutdown$$00000004)
    __rt_lib_shutdown_user_alloc_1           0x08000233   Thumb Code     0  libshutdown2.o(.ARM.Collect$$libshutdown$$0000000C)
    __rt_entry                               0x08000235   Thumb Code     0  __rtentry.o(.ARM.Collect$$rtentry$$00000000)
    __rt_entry_presh_1                       0x08000235   Thumb Code     0  __rtentry2.o(.ARM.Collect$$rtentry$$00000002)
    __rt_entry_sh                            0x08000235   Thumb Code     0  __rtentry4.o(.ARM.Collect$$rtentry$$00000004)
    __rt_entry_li                            0x0800023b   Thumb Code     0  __rtentry2.o(.ARM.Collect$$rtentry$$0000000A)
    __rt_entry_postsh_1                      0x0800023b   Thumb Code     0  __rtentry2.o(.ARM.Collect$$rtentry$$00000009)
    __rt_entry_main                          0x0800023f   Thumb Code     0  __rtentry2.o(.ARM.Collect$$rtentry$$0000000D)
    __rt_entry_postli_1                      0x0800023f   Thumb Code     0  __rtentry2.o(.ARM.Collect$$rtentry$$0000000C)
    __rt_exit                                0x08000247   Thumb Code     0  rtexit.o(.ARM.Collect$$rtexit$$00000000)
    __rt_exit_ls                             0x08000249   Thumb Code     0  rtexit2.o(.ARM.Collect$$rtexit$$00000003)
    __rt_exit_prels_1                        0x08000249   Thumb Code     0  rtexit2.o(.ARM.Collect$$rtexit$$00000002)
    __rt_exit_exit                           0x0800024d   Thumb Code     0  rtexit2.o(.ARM.Collect$$rtexit$$00000004)
    OS_CPU_SR_Save                           0x08000255   Thumb Code     0  os_cpu_a.o(.text)
    OS_CPU_SR_Restore                        0x08000271   Thumb Code     0  os_cpu_a.o(.text)
    OSStartHighRdy                           0x08000283   Thumb Code     0  os_cpu_a.o(.text)
    OSCtxSw                                  0x080002db   Thumb Code     0  os_cpu_a.o(.text)
    OSIntCtxSw                               0x080002db   Thumb Code     0  os_cpu_a.o(.text)
    OS_CPU_PendSVHandler                     0x080002e5   Thumb Code     0  os_cpu_a.o(.text)
    Reset_Handler                            0x08000369   Thumb Code     8  startup_stm32f411xe.o(.text)
    ADC_IRQHandler                           0x08000383   Thumb Code     0  startup_stm32f411xe.o(.text)
    DMA1_Stream0_IRQHandler                  0x08000383   Thumb Code     0  startup_stm32f411xe.o(.text)
    DMA1_Stream1_IRQHandler                  0x08000383   Thumb Code     0  startup_stm32f411xe.o(.text)
    DMA1_Stream2_IRQHandler                  0x08000383   Thumb Code     0  startup_stm32f411xe.o(.text)
    DMA1_Stream3_IRQHandler                  0x08000383   Thumb Code     0  startup_stm32f411xe.o(.text)
    DMA1_Stream4_IRQHandler                  0x08000383   Thumb Code     0  startup_stm32f411xe.o(.text)
    DMA1_Stream5_IRQHandler                  0x08000383   Thumb Code     0  startup_stm32f411xe.o(.text)
    DMA1_Stream6_IRQHandler                  0x08000383   Thumb Code     0  startup_stm32f411xe.o(.text)
    DMA1_Stream7_IRQHandler                  0x08000383   Thumb Code     0  startup_stm32f411xe.o(.text)
    DMA2_Stream0_IRQHandler                  0x08000383   Thumb Code     0  startup_stm32f411xe.o(.text)
    DMA2_Stream1_IRQHandler                  0x08000383   Thumb Code     0  startup_stm32f411xe.o(.text)
    DMA2_Stream4_IRQHandler                  0x08000383   Thumb Code     0  startup_stm32f411xe.o(.text)
    DMA2_Stream5_IRQHandler                  0x08000383   Thumb Code     0  startup_stm32f411xe.o(.text)
    DMA2_Stream6_IRQHandler                  0x08000383   Thumb Code     0  startup_stm32f411xe.o(.text)
    DMA2_Stream7_IRQHandler                  0x08000383   Thumb Code     0  startup_stm32f411xe.o(.text)
    EXTI1_IRQHandler                         0x08000383   Thumb Code     0  startup_stm32f411xe.o(.text)
    EXTI2_IRQHandler                         0x08000383   Thumb Code     0  startup_stm32f411xe.o(.text)
    EXTI3_IRQHandler                         0x08000383   Thumb Code     0  startup_stm32f411xe.o(.text)
    EXTI4_IRQHandler                         0x08000383   Thumb Code     0  startup_stm32f411xe.o(.text)
    EXTI9_5_IRQHandler                       0x08000383   Thumb Code     0  startup_stm32f411xe.o(.text)
    FLASH_IRQHandler                         0x08000383   Thumb Code     0  startup_stm32f411xe.o(.text)
    FPU_IRQHandler                           0x08000383   Thumb Code     0  startup_stm32f411xe.o(.text)
    I2C1_ER_IRQHandler                       0x08000383   Thumb Code     0  startup_stm32f411xe.o(.text)
    I2C1_EV_IRQHandler                       0x08000383   Thumb Code     0  startup_stm32f411xe.o(.text)
    I2C2_ER_IRQHandler                       0x08000383   Thumb Code     0  startup_stm32f411xe.o(.text)
    I2C2_EV_IRQHandler                       0x08000383   Thumb Code     0  startup_stm32f411xe.o(.text)
    I2C3_ER_IRQHandler                       0x08000383   Thumb Code     0  startup_stm32f411xe.o(.text)
    I2C3_EV_IRQHandler                       0x08000383   Thumb Code     0  startup_stm32f411xe.o(.text)
    OTG_FS_WKUP_IRQHandler                   0x08000383   Thumb Code     0  startup_stm32f411xe.o(.text)
    PVD_IRQHandler                           0x08000383   Thumb Code     0  startup_stm32f411xe.o(.text)
    RCC_IRQHandler                           0x08000383   Thumb Code     0  startup_stm32f411xe.o(.text)
    RTC_Alarm_IRQHandler                     0x08000383   Thumb Code     0  startup_stm32f411xe.o(.text)
    RTC_WKUP_IRQHandler                      0x08000383   Thumb Code     0  startup_stm32f411xe.o(.text)
    SDIO_IRQHandler                          0x08000383   Thumb Code     0  startup_stm32f411xe.o(.text)
    SPI1_IRQHandler                          0x08000383   Thumb Code     0  startup_stm32f411xe.o(.text)
    SPI2_IRQHandler                          0x08000383   Thumb Code     0  startup_stm32f411xe.o(.text)
    SPI3_IRQHandler                          0x08000383   Thumb Code     0  startup_stm32f411xe.o(.text)
    SPI4_IRQHandler                          0x08000383   Thumb Code     0  startup_stm32f411xe.o(.text)
    SPI5_IRQHandler                          0x08000383   Thumb Code     0  startup_stm32f411xe.o(.text)
    TAMP_STAMP_IRQHandler                    0x08000383   Thumb Code     0  startup_stm32f411xe.o(.text)
    TIM1_BRK_TIM9_IRQHandler                 0x08000383   Thumb Code     0  startup_stm32f411xe.o(.text)
    TIM1_CC_IRQHandler                       0x08000383   Thumb Code     0  startup_stm32f411xe.o(.text)
    TIM1_TRG_COM_TIM11_IRQHandler            0x08000383   Thumb Code     0  startup_stm32f411xe.o(.text)
    TIM1_UP_TIM10_IRQHandler                 0x08000383   Thumb Code     0  startup_stm32f411xe.o(.text)
    TIM2_IRQHandler                          0x08000383   Thumb Code     0  startup_stm32f411xe.o(.text)
    TIM3_IRQHandler                          0x08000383   Thumb Code     0  startup_stm32f411xe.o(.text)
    TIM4_IRQHandler                          0x08000383   Thumb Code     0  startup_stm32f411xe.o(.text)
    TIM5_IRQHandler                          0x08000383   Thumb Code     0  startup_stm32f411xe.o(.text)
    USART1_IRQHandler                        0x08000383   Thumb Code     0  startup_stm32f411xe.o(.text)
    USART2_IRQHandler                        0x08000383   Thumb Code     0  startup_stm32f411xe.o(.text)
    USART6_IRQHandler                        0x08000383   Thumb Code     0  startup_stm32f411xe.o(.text)
    WWDG_IRQHandler                          0x08000383   Thumb Code     0  startup_stm32f411xe.o(.text)
    __user_initial_stackheap                 0x08000385   Thumb Code     0  startup_stm32f411xe.o(.text)
    exit                                     0x080003a9   Thumb Code    18  exit.o(.text)
    __aeabi_memcpy                           0x080003bb   Thumb Code     0  rt_memcpy_v6.o(.text)
    __rt_memcpy                              0x080003bb   Thumb Code   138  rt_memcpy_v6.o(.text)
    _memcpy_lastbytes                        0x08000421   Thumb Code     0  rt_memcpy_v6.o(.text)
    __use_two_region_memory                  0x08000445   Thumb Code     2  heapauxi.o(.text)
    __rt_heap_escrow                         0x08000447   Thumb Code     2  heapauxi.o(.text)
    __rt_heap_expand                         0x08000449   Thumb Code     2  heapauxi.o(.text)
    __aeabi_memcpy4                          0x0800044b   Thumb Code     0  rt_memcpy_w.o(.text)
    __aeabi_memcpy8                          0x0800044b   Thumb Code     0  rt_memcpy_w.o(.text)
    __rt_memcpy_w                            0x0800044b   Thumb Code   100  rt_memcpy_w.o(.text)
    _memcpy_lastbytes_aligned                0x08000493   Thumb Code     0  rt_memcpy_w.o(.text)
    __user_libspace                          0x080004b1   Thumb Code     8  libspace.o(.text)
    __user_perproc_libspace                  0x080004b1   Thumb Code     0  libspace.o(.text)
    __user_perthread_libspace                0x080004b1   Thumb Code     0  libspace.o(.text)
    _sys_exit                                0x080004b9   Thumb Code     8  sys_exit.o(.text)
    __I$use$semihosting                      0x080004c5   Thumb Code     0  use_no_semi.o(.text)
    __use_no_semihosting_swi                 0x080004c5   Thumb Code     2  use_no_semi.o(.text)
    __semihosting_library_function           0x080004c7   Thumb Code     0  indicate_semi.o(.text)
    __user_setup_stackheap                   0x080004c7   Thumb Code    74  sys_stackheap_outer.o(.text)
    App_TCBInitHook                          0x08000511   Thumb Code     8  app_hooks.o(.text.App_TCBInitHook)
    App_TaskCreateHook                       0x08000519   Thumb Code     8  app_hooks.o(.text.App_TaskCreateHook)
    App_TaskDelHook                          0x08000521   Thumb Code     8  app_hooks.o(.text.App_TaskDelHook)
    App_TaskIdleHook                         0x08000529   Thumb Code     2  app_hooks.o(.text.App_TaskIdleHook)
    App_TaskReturnHook                       0x0800052d   Thumb Code     8  app_hooks.o(.text.App_TaskReturnHook)
    App_TaskStatHook                         0x08000535   Thumb Code     2  app_hooks.o(.text.App_TaskStatHook)
    App_TaskSwHook                           0x08000539   Thumb Code     2  app_hooks.o(.text.App_TaskSwHook)
    App_TimeTickHook                         0x0800053d   Thumb Code   154  main.o(.text.App_TimeTickHook)
    BusFault_Handler                         0x080005d9   Thumb Code     4  stm32f4xx_it.o(.text.BusFault_Handler)
    Central_ctor                             0x080005dd   Thumb Code    40  central.o(.text.Central_ctor)
    Central_initial                          0x08000605   Thumb Code   142  central.o(.text.Central_initial)
    Central_percentdata                      0x08000695   Thumb Code  1174  central.o(.text.Central_percentdata)
    Central_rawdata                          0x08000b2d   Thumb Code  1504  central.o(.text.Central_rawdata)
    Central_started                          0x0800110d   Thumb Code   344  central.o(.text.Central_started)
    DMA2_Stream2_IRQHandler                  0x08001265   Thumb Code   250  bsp_spi.o(.text.DMA2_Stream2_IRQHandler)
    DMA2_Stream3_IRQHandler                  0x08001361   Thumb Code   384  bsp_spi.o(.text.DMA2_Stream3_IRQHandler)
    DebounceSwitch                           0x080014e1   Thumb Code    78  main.o(.text.DebounceSwitch)
    DebounceSwitch2                          0x08001531   Thumb Code    78  main.o(.text.DebounceSwitch2)
    DebounceSwitch3                          0x08001581   Thumb Code    78  main.o(.text.DebounceSwitch3)
    DebugMon_Handler                         0x080015d1   Thumb Code     2  stm32f4xx_it.o(.text.DebugMon_Handler)
    EXTI0_IRQHandler                         0x080015d5   Thumb Code     2  stm32f4xx_it.o(.text.EXTI0_IRQHandler)
    EXTI15_10_IRQHandler                     0x080015d9   Thumb Code     2  stm32f4xx_it.o(.text.EXTI15_10_IRQHandler)
    HardFault_Handler                        0x080015dd   Thumb Code     4  stm32f4xx_it.o(.text.HardFault_Handler)
    MemManage_Handler                        0x080015e1   Thumb Code     4  stm32f4xx_it.o(.text.MemManage_Handler)
    NMI_Handler                              0x080015e5   Thumb Code     4  stm32f4xx_it.o(.text.NMI_Handler)
    OSInit                                   0x080015e9   Thumb Code    48  os_core.o(.text.OSInit)
    OSInitHookBegin                          0x08001619   Thumb Code    90  os_cpu_c.o(.text.OSInitHookBegin)
    OSInitHookEnd                            0x08001675   Thumb Code     2  os_cpu_c.o(.text.OSInitHookEnd)
    OSIntEnter                               0x08001679   Thumb Code    52  os_core.o(.text.OSIntEnter)
    OSIntExit                                0x080016ad   Thumb Code   210  os_core.o(.text.OSIntExit)
    OSQCreate                                0x08001781   Thumb Code   282  os_q.o(.text.OSQCreate)
    OSQPend                                  0x0800189d   Thumb Code   424  os_q.o(.text.OSQPend)
    OSQPost                                  0x08001a45   Thumb Code   200  os_q.o(.text.OSQPost)
    OSStart                                  0x08001b0d   Thumb Code    84  os_core.o(.text.OSStart)
    OSTCBInitHook                            0x08001b61   Thumb Code    16  os_cpu_c.o(.text.OSTCBInitHook)
    OSTaskCreateExt                          0x08001b71   Thumb Code   338  os_task.o(.text.OSTaskCreateExt)
    OSTaskCreateHook                         0x08001cc5   Thumb Code    16  os_cpu_c.o(.text.OSTaskCreateHook)
    OSTaskDel                                0x08001cd5   Thumb Code   578  os_task.o(.text.OSTaskDel)
    OSTaskDelHook                            0x08001f19   Thumb Code    16  os_cpu_c.o(.text.OSTaskDelHook)
    OSTaskIdleHook                           0x08001f29   Thumb Code     8  os_cpu_c.o(.text.OSTaskIdleHook)
    OSTaskNameSet                            0x08001f31   Thumb Code   220  os_task.o(.text.OSTaskNameSet)
    OSTaskReturnHook                         0x0800200d   Thumb Code    16  os_cpu_c.o(.text.OSTaskReturnHook)
    OSTaskStatHook                           0x0800201d   Thumb Code     8  os_cpu_c.o(.text.OSTaskStatHook)
    OSTaskStkChk                             0x08002025   Thumb Code   286  os_task.o(.text.OSTaskStkChk)
    OSTaskStkInit                            0x08002145   Thumb Code   270  os_cpu_c.o(.text.OSTaskStkInit)
    OSTaskSuspend                            0x08002255   Thumb Code   340  os_task.o(.text.OSTaskSuspend)
    OSTaskSwHook                             0x080023a9   Thumb Code     8  os_cpu_c.o(.text.OSTaskSwHook)
    OSTimeDly                                0x080023b1   Thumb Code   178  os_time.o(.text.OSTimeDly)
    OSTimeTick                               0x08002465   Thumb Code   364  os_core.o(.text.OSTimeTick)
    OSTimeTickHook                           0x080025d1   Thumb Code     8  os_cpu_c.o(.text.OSTimeTickHook)
    OS_CPU_SysTickHandler                    0x080025d9   Thumb Code    42  os_cpu_c.o(.text.OS_CPU_SysTickHandler)
    OS_Dummy                                 0x08002605   Thumb Code     2  os_core.o(.text.OS_Dummy)
    OS_EventTaskRdy                          0x08002609   Thumb Code   228  os_core.o(.text.OS_EventTaskRdy)
    OS_EventTaskRemove                       0x080026ed   Thumb Code    76  os_core.o(.text.OS_EventTaskRemove)
    OS_EventTaskRemoveMulti                  0x08002739   Thumb Code   118  os_core.o(.text.OS_EventTaskRemoveMulti)
    OS_EventTaskWait                         0x080027b1   Thumb Code   130  os_core.o(.text.OS_EventTaskWait)
    OS_EventWaitListInit                     0x08002835   Thumb Code    56  os_core.o(.text.OS_EventWaitListInit)
    OS_FlagInit                              0x0800286d   Thumb Code   166  os_flag.o(.text.OS_FlagInit)
    OS_FlagUnlink                            0x08002915   Thumb Code    88  os_flag.o(.text.OS_FlagUnlink)
    OS_MemClr                                0x08002c55   Thumb Code    44  os_core.o(.text.OS_MemClr)
    OS_MemInit                               0x08002c81   Thumb Code   156  os_mem.o(.text.OS_MemInit)
    OS_QInit                                 0x08002d1d   Thumb Code   144  os_q.o(.text.OS_QInit)
    OS_Sched                                 0x08002dad   Thumb Code   156  os_core.o(.text.OS_Sched)
    OS_TCBInit                               0x08002e85   Thumb Code   538  os_core.o(.text.OS_TCBInit)
    OS_TaskIdle                              0x080030a1   Thumb Code    54  os_core.o(.text.OS_TaskIdle)
    OS_TaskReturn                            0x080030d9   Thumb Code    24  os_task.o(.text.OS_TaskReturn)
    OS_TaskStat                              0x080030f1   Thumb Code   338  os_core.o(.text.OS_TaskStat)
    OS_TaskStatStkChk                        0x08003245   Thumb Code   118  os_core.o(.text.OS_TaskStatStkChk)
    OS_TaskStkClr                            0x080032bd   Thumb Code    66  os_task.o(.text.OS_TaskStkClr)
    OTG_FS_IRQHandler                        0x08003301   Thumb Code     2  stm32f4xx_it.o(.text.OTG_FS_IRQHandler)
    QActive_ctor                             0x08003305   Thumb Code    40  qf_qact.o(.text.QActive_ctor)
    QActive_get_                             0x0800332d   Thumb Code    76  qf_port.o(.text.QActive_get_)
    QActive_post_                            0x08003379   Thumb Code   242  qf_port.o(.text.QActive_post_)
    QActive_register_                        0x0800346d   Thumb Code   324  qf_qact.o(.text.QActive_register_)
    QActive_start_                           0x080035b1   Thumb Code   252  qf_port.o(.text.QActive_start_)
    QF_bzero_                                0x0800376d   Thumb Code    48  qf_act.o(.text.QF_bzero_)
    QF_gc                                    0x0800379d   Thumb Code   190  qf_dyn.o(.text.QF_gc)
    QF_init                                  0x0800385d   Thumb Code     8  qf_port.o(.text.QF_init)
    QF_newX_                                 0x08003865   Thumb Code   286  qf_dyn.o(.text.QF_newX_)
    QF_onStartup                             0x08003985   Thumb Code     2  app.o(.text.QF_onStartup)
    QF_poolInit                              0x08003989   Thumb Code   168  qf_dyn.o(.text.QF_poolInit)
    QF_run                                   0x08003a31   Thumb Code    14  qf_port.o(.text.QF_run)
    QHsm_ctor                                0x08003a41   Thumb Code    40  qep_hsm.o(.text.QHsm_ctor)
    QHsm_dispatch_                           0x08003a69   Thumb Code   560  qep_hsm.o(.text.QHsm_dispatch_)
    QHsm_init_                               0x08003c99   Thumb Code   376  qep_hsm.o(.text.QHsm_init_)
    QHsm_top                                 0x08003e11   Thumb Code    12  qep_hsm.o(.text.QHsm_top)
    QHsm_tran_                               0x08003e1d   Thumb Code   672  qep_hsm.o(.text.QHsm_tran_)
    QMPool_get                               0x080040bd   Thumb Code   248  qf_mem.o(.text.QMPool_get)
    QMPool_init                              0x080041b5   Thumb Code   276  qf_mem.o(.text.QMPool_init)
    QMPool_put                               0x080042c9   Thumb Code   124  qf_mem.o(.text.QMPool_put)
    QTimeEvt_armX                            0x08004345   Thumb Code   180  qf_time.o(.text.QTimeEvt_armX)
    QTimeEvt_ctorX                           0x080043f9   Thumb Code   102  qf_time.o(.text.QTimeEvt_ctorX)
    QTimeEvt_disarm                          0x08004461   Thumb Code    90  qf_time.o(.text.QTimeEvt_disarm)
    QTimeEvt_tick_                           0x080044bd   Thumb Code   322  qf_time.o(.text.QTimeEvt_tick_)
    Q_onError                                0x08004601   Thumb Code    14  app.o(.text.Q_onError)
    SVC_Handler                              0x08004611   Thumb Code     2  stm32f4xx_it.o(.text.SVC_Handler)
    SystemCoreClockUpdate                    0x08004615   Thumb Code   302  system_stm32f4xx.o(.text.SystemCoreClockUpdate)
    SystemInit                               0x08004745   Thumb Code     2  system_stm32f4xx.o(.text.SystemInit)
    TickerKeeper_ctor                        0x08004749   Thumb Code    66  tickerkeeper.o(.text.TickerKeeper_ctor)
    TickerKeeper_initial                     0x0800478d   Thumb Code    36  tickerkeeper.o(.text.TickerKeeper_initial)
    TickerKeeper_paused                      0x080047b1   Thumb Code    64  tickerkeeper.o(.text.TickerKeeper_paused)
    TickerKeeper_running                     0x080047f1   Thumb Code   146  tickerkeeper.o(.text.TickerKeeper_running)
    UsageFault_Handler                       0x08004885   Thumb Code     4  stm32f4xx_it.o(.text.UsageFault_Handler)
    bsp_flash_init                           0x08004889   Thumb Code    38  bsp_system.o(.text.bsp_flash_init)
    bsp_gpio_PA7_reset                       0x080048b1   Thumb Code    16  bsp_gpio.o(.text.bsp_gpio_PA7_reset)
    bsp_gpio_PA7_set                         0x080048c1   Thumb Code    16  bsp_gpio.o(.text.bsp_gpio_PA7_set)
    bsp_gpio_PB0_get_state                   0x080048d1   Thumb Code    16  bsp_gpio.o(.text.bsp_gpio_PB0_get_state)
    bsp_gpio_PB0_init                        0x080048e1   Thumb Code    52  bsp_gpio.o(.text.bsp_gpio_PB0_init)
    bsp_gpio_PB10_init                       0x08004915   Thumb Code    86  bsp_gpio.o(.text.bsp_gpio_PB10_init)
    bsp_gpio_PB10_reset                      0x0800496d   Thumb Code    18  bsp_gpio.o(.text.bsp_gpio_PB10_reset)
    bsp_gpio_PB10_set                        0x08004981   Thumb Code    18  bsp_gpio.o(.text.bsp_gpio_PB10_set)
    bsp_gpio_PB1_get_state                   0x08004995   Thumb Code    16  bsp_gpio.o(.text.bsp_gpio_PB1_get_state)
    bsp_gpio_PB1_init                        0x080049a5   Thumb Code    52  bsp_gpio.o(.text.bsp_gpio_PB1_init)
    bsp_gpio_user_key_get_state              0x080049d9   Thumb Code    14  bsp_gpio.o(.text.bsp_gpio_user_key_get_state)
    bsp_gpio_user_key_init                   0x080049e9   Thumb Code    48  bsp_gpio.o(.text.bsp_gpio_user_key_init)
    bsp_i2c_init                             0x08004a19   Thumb Code   440  bsp_i2c.o(.text.bsp_i2c_init)
    bsp_i2c_master_receive                   0x08004bd1   Thumb Code   792  bsp_i2c.o(.text.bsp_i2c_master_receive)
    bsp_i2c_master_receive_reg               0x08004ee9   Thumb Code   384  bsp_i2c.o(.text.bsp_i2c_master_receive_reg)
    bsp_i2c_master_transfer                  0x08005069   Thumb Code   396  bsp_i2c.o(.text.bsp_i2c_master_transfer)
    bsp_system_init                          0x080053d1   Thumb Code    16  bsp_system.o(.text.bsp_system_init)
    main                                     0x0800559d   Thumb Code   122  main.o(.text.main)
    sdd1306_clear_area                       0x08005619   Thumb Code   100  sdd1306.o(.text.sdd1306_clear_area)
    sdd1306_draw                             0x0800567d   Thumb Code   112  sdd1306.o(.text.sdd1306_draw)
    sdd1306_init                             0x080056ed   Thumb Code   100  sdd1306.o(.text.sdd1306_init)
    veml6040_get_data_raw                    0x08005779   Thumb Code   166  veml6040.o(.text.veml6040_get_data_raw)
    veml6040_init                            0x08005821   Thumb Code    32  veml6040.o(.text.veml6040_init)
    AHBPrescTable                            0x0800585a   Data          16  system_stm32f4xx.o(.rodata.AHBPrescTable)
    AO_Central                               0x0800586c   Data           4  central.o(.rodata.AO_Central)
    APBPrescTable                            0x08005870   Data           8  system_stm32f4xx.o(.rodata.APBPrescTable)
    OSUnMapTbl                               0x08005878   Data         256  os_core.o(.rodata.OSUnMapTbl)
    QEvt_reserved_                           0x08005980   Data          16  qep_hsm.o(.rodata.QEvt_reserved_)
    Region$$Table$$Base                      0x08005c44   Number         0  anon$$obj.o(Region$$Table)
    Region$$Table$$Limit                     0x08005c64   Number         0  anon$$obj.o(Region$$Table)
    SystemCoreClock                          0x20000000   Data           4  system_stm32f4xx.o(.data.SystemCoreClock)
    __libspace_start                         0x20000408   Data          96  libspace.o(.bss)
    __temporary_stack_top$libspace           0x20000468   Data           0  libspace.o(.bss)
    OSCPUUsage                               0x2000046e   Data           1  os_core.o(.bss.OSCPUUsage)
    OSCtxSwCtr                               0x20000470   Data           4  os_core.o(.bss.OSCtxSwCtr)
    OSEventFreeList                          0x20000474   Data           4  os_core.o(.bss.OSEventFreeList)
    OSEventTbl                               0x20000478   Data         240  os_core.o(.bss.OSEventTbl)
    OSFlagFreeList                           0x20000568   Data           4  os_core.o(.bss.OSFlagFreeList)
    OSFlagTbl                                0x2000056c   Data          80  os_core.o(.bss.OSFlagTbl)
    OSIdleCtr                                0x200005bc   Data           4  os_core.o(.bss.OSIdleCtr)
    OSIdleCtrMax                             0x200005c0   Data           4  os_core.o(.bss.OSIdleCtrMax)
    OSIdleCtrRun                             0x200005c4   Data           4  os_core.o(.bss.OSIdleCtrRun)
    OSIntNesting                             0x200005c8   Data           1  os_core.o(.bss.OSIntNesting)
    OSLockNesting                            0x200005c9   Data           1  os_core.o(.bss.OSLockNesting)
    OSMemFreeList                            0x200005cc   Data           4  os_core.o(.bss.OSMemFreeList)
    OSMemTbl                                 0x200005d0   Data         120  os_core.o(.bss.OSMemTbl)
    OSPrioCur                                0x20000648   Data           1  os_core.o(.bss.OSPrioCur)
    OSPrioHighRdy                            0x20000649   Data           1  os_core.o(.bss.OSPrioHighRdy)
    OSQFreeList                              0x2000064c   Data           4  os_core.o(.bss.OSQFreeList)
    OSQTbl                                   0x20000650   Data          96  os_core.o(.bss.OSQTbl)
    OSRdyGrp                                 0x200006b0   Data           1  os_core.o(.bss.OSRdyGrp)
    OSRdyTbl                                 0x200006b1   Data           8  os_core.o(.bss.OSRdyTbl)
    OSRunning                                0x200006b9   Data           1  os_core.o(.bss.OSRunning)
    OSStatRdy                                0x200006ba   Data           1  os_core.o(.bss.OSStatRdy)
    OSTCBCur                                 0x200006bc   Data           4  os_core.o(.bss.OSTCBCur)
    OSTCBFreeList                            0x200006c0   Data           4  os_core.o(.bss.OSTCBFreeList)
    OSTCBHighRdy                             0x200006c4   Data           4  os_core.o(.bss.OSTCBHighRdy)
    OSTCBList                                0x200006c8   Data           4  os_core.o(.bss.OSTCBList)
    OSTCBPrioTbl                             0x200006cc   Data         256  os_core.o(.bss.OSTCBPrioTbl)
    OSTCBTbl                                 0x200007cc   Data        2024  os_core.o(.bss.OSTCBTbl)
    OSTaskCtr                                0x20000fb4   Data           1  os_core.o(.bss.OSTaskCtr)
    OSTaskIdleStk                            0x20000fb8   Data         512  os_core.o(.bss.OSTaskIdleStk)
    OSTaskRegNextAvailID                     0x200011b8   Data           1  os_core.o(.bss.OSTaskRegNextAvailID)
    OSTaskStatStk                            0x200011bc   Data         512  os_core.o(.bss.OSTaskStatStk)
    OSTickStepState                          0x200013bc   Data           1  os_core.o(.bss.OSTickStepState)
    OSTime                                   0x200013c0   Data           4  os_core.o(.bss.OSTime)
    OS_CPU_ExceptStk                         0x200013c4   Data        1024  os_cpu_c.o(.bss.OS_CPU_ExceptStk)
    OS_CPU_ExceptStkBase                     0x200017c4   Data           4  os_cpu_c.o(.bss.OS_CPU_ExceptStkBase)
    OS_KA_BASEPRI_Boundary                   0x200017c8   Data           4  os_cpu_c.o(.bss.OS_KA_BASEPRI_Boundary)
    QActive_registry_                        0x200017cc   Data         132  qf_act.o(.bss.QActive_registry_)
    QF_priv_                                 0x20001850   Data          64  qf_act.o(.bss.QF_priv_)
    QTimeEvt_timeEvtHead_                    0x20001890   Data          20  qf_time.o(.bss.QTimeEvt_timeEvtHead_)
    SPIUtil                                  0x200018a4   Data           4  bsp_spi.o(.bss.SPIUtil)
    tmpreg                                   0x2000235c   Data           4  bsp_system.o(.bss.tmpreg)



==============================================================================

Memory Map of the image

  Image Entry point : 0x08000369

  Load Region LR_1 (Base: 0x08000000, Size: 0x0000606c, Max: 0xffffffff, ABSOLUTE, COMPRESSED[0x00005c74])

    Execution Region ER_RO (Exec base: 0x08000000, Load base: 0x08000000, Size: 0x00005c64, Max: 0xffffffff, ABSOLUTE)

    Exec Addr    Load Addr    Size         Type   Attr      Idx    E Section Name        Object

    0x08000000   0x08000000   0x00000198   Data   RO          947    RESET               startup_stm32f411xe.o
    0x08000198   0x08000198   0x00000008   Code   RO         1032  * !!!main             c_w.l(__main.o)
    0x080001a0   0x080001a0   0x00000034   Code   RO         1247    !!!scatter          c_w.l(__scatter.o)
    0x080001d4   0x080001d4   0x0000003a   Code   RO         1245    !!dczerorl          c_w.l(__dczerorl.o)
    0x0800020e   0x0800020e   0x00000002   PAD
    0x08000210   0x08000210   0x0000001c   Code   RO         1249    !!handler_zi        c_w.l(__scatter_zi.o)
    0x0800022c   0x0800022c   0x00000002   Code   RO         1195    .ARM.Collect$$libinit$$00000000  c_w.l(libinit.o)
    0x0800022e   0x0800022e   0x00000000   Code   RO         1073    .ARM.Collect$$libinit$$00000002  c_w.l(libinit2.o)
    0x0800022e   0x0800022e   0x00000000   Code   RO         1075    .ARM.Collect$$libinit$$00000004  c_w.l(libinit2.o)
    0x0800022e   0x0800022e   0x00000000   Code   RO         1077    .ARM.Collect$$libinit$$00000006  c_w.l(libinit2.o)
    0x0800022e   0x0800022e   0x00000000   Code   RO         1080    .ARM.Collect$$libinit$$0000000C  c_w.l(libinit2.o)
    0x0800022e   0x0800022e   0x00000000   Code   RO         1082    .ARM.Collect$$libinit$$0000000E  c_w.l(libinit2.o)
    0x0800022e   0x0800022e   0x00000000   Code   RO         1084    .ARM.Collect$$libinit$$00000010  c_w.l(libinit2.o)
    0x0800022e   0x0800022e   0x00000000   Code   RO         1087    .ARM.Collect$$libinit$$00000013  c_w.l(libinit2.o)
    0x0800022e   0x0800022e   0x00000000   Code   RO         1089    .ARM.Collect$$libinit$$00000015  c_w.l(libinit2.o)
    0x0800022e   0x0800022e   0x00000000   Code   RO         1091    .ARM.Collect$$libinit$$00000017  c_w.l(libinit2.o)
    0x0800022e   0x0800022e   0x00000000   Code   RO         1093    .ARM.Collect$$libinit$$00000019  c_w.l(libinit2.o)
    0x0800022e   0x0800022e   0x00000000   Code   RO         1095    .ARM.Collect$$libinit$$0000001B  c_w.l(libinit2.o)
    0x0800022e   0x0800022e   0x00000000   Code   RO         1097    .ARM.Collect$$libinit$$0000001D  c_w.l(libinit2.o)
    0x0800022e   0x0800022e   0x00000000   Code   RO         1099    .ARM.Collect$$libinit$$0000001F  c_w.l(libinit2.o)
    0x0800022e   0x0800022e   0x00000000   Code   RO         1101    .ARM.Collect$$libinit$$00000021  c_w.l(libinit2.o)
    0x0800022e   0x0800022e   0x00000000   Code   RO         1103    .ARM.Collect$$libinit$$00000023  c_w.l(libinit2.o)
    0x0800022e   0x0800022e   0x00000000   Code   RO         1105    .ARM.Collect$$libinit$$00000025  c_w.l(libinit2.o)
    0x0800022e   0x0800022e   0x00000000   Code   RO         1107    .ARM.Collect$$libinit$$00000027  c_w.l(libinit2.o)
    0x0800022e   0x0800022e   0x00000000   Code   RO         1111    .ARM.Collect$$libinit$$0000002E  c_w.l(libinit2.o)
    0x0800022e   0x0800022e   0x00000000   Code   RO         1113    .ARM.Collect$$libinit$$00000030  c_w.l(libinit2.o)
    0x0800022e   0x0800022e   0x00000000   Code   RO         1115    .ARM.Collect$$libinit$$00000032  c_w.l(libinit2.o)
    0x0800022e   0x0800022e   0x00000000   Code   RO         1117    .ARM.Collect$$libinit$$00000034  c_w.l(libinit2.o)
    0x0800022e   0x0800022e   0x00000002   Code   RO         1118    .ARM.Collect$$libinit$$00000035  c_w.l(libinit2.o)
    0x08000230   0x08000230   0x00000002   Code   RO         1196    .ARM.Collect$$libshutdown$$00000000  c_w.l(libshutdown.o)
    0x08000232   0x08000232   0x00000000   Code   RO         1206    .ARM.Collect$$libshutdown$$00000002  c_w.l(libshutdown2.o)
    0x08000232   0x08000232   0x00000000   Code   RO         1208    .ARM.Collect$$libshutdown$$00000004  c_w.l(libshutdown2.o)
    0x08000232   0x08000232   0x00000000   Code   RO         1211    .ARM.Collect$$libshutdown$$00000007  c_w.l(libshutdown2.o)
    0x08000232   0x08000232   0x00000000   Code   RO         1214    .ARM.Collect$$libshutdown$$0000000A  c_w.l(libshutdown2.o)
    0x08000232   0x08000232   0x00000000   Code   RO         1216    .ARM.Collect$$libshutdown$$0000000C  c_w.l(libshutdown2.o)
    0x08000232   0x08000232   0x00000000   Code   RO         1219    .ARM.Collect$$libshutdown$$0000000F  c_w.l(libshutdown2.o)
    0x08000232   0x08000232   0x00000002   Code   RO         1220    .ARM.Collect$$libshutdown$$00000010  c_w.l(libshutdown2.o)
    0x08000234   0x08000234   0x00000000   Code   RO         1036    .ARM.Collect$$rtentry$$00000000  c_w.l(__rtentry.o)
    0x08000234   0x08000234   0x00000000   Code   RO         1127    .ARM.Collect$$rtentry$$00000002  c_w.l(__rtentry2.o)
    0x08000234   0x08000234   0x00000006   Code   RO         1139    .ARM.Collect$$rtentry$$00000004  c_w.l(__rtentry4.o)
    0x0800023a   0x0800023a   0x00000000   Code   RO         1129    .ARM.Collect$$rtentry$$00000009  c_w.l(__rtentry2.o)
    0x0800023a   0x0800023a   0x00000004   Code   RO         1130    .ARM.Collect$$rtentry$$0000000A  c_w.l(__rtentry2.o)
    0x0800023e   0x0800023e   0x00000000   Code   RO         1132    .ARM.Collect$$rtentry$$0000000C  c_w.l(__rtentry2.o)
    0x0800023e   0x0800023e   0x00000008   Code   RO         1133    .ARM.Collect$$rtentry$$0000000D  c_w.l(__rtentry2.o)
    0x08000246   0x08000246   0x00000002   Code   RO         1037    .ARM.Collect$$rtexit$$00000000  c_w.l(rtexit.o)
    0x08000248   0x08000248   0x00000000   Code   RO         1142    .ARM.Collect$$rtexit$$00000002  c_w.l(rtexit2.o)
    0x08000248   0x08000248   0x00000004   Code   RO         1143    .ARM.Collect$$rtexit$$00000003  c_w.l(rtexit2.o)
    0x0800024c   0x0800024c   0x00000006   Code   RO         1144    .ARM.Collect$$rtexit$$00000004  c_w.l(rtexit2.o)
    0x08000252   0x08000252   0x00000002   PAD
    0x08000254   0x08000254   0x00000114   Code   RO          568    .text               os_cpu_a.o
    0x08000368   0x08000368   0x00000040   Code   RO          948  * .text               startup_stm32f411xe.o
    0x080003a8   0x080003a8   0x00000012   Code   RO         1024    .text               c_w.l(exit.o)
    0x080003ba   0x080003ba   0x0000008a   Code   RO         1026    .text               c_w.l(rt_memcpy_v6.o)
    0x08000444   0x08000444   0x00000006   Code   RO         1030    .text               c_w.l(heapauxi.o)
    0x0800044a   0x0800044a   0x00000064   Code   RO         1068    .text               c_w.l(rt_memcpy_w.o)
    0x080004ae   0x080004ae   0x00000002   PAD
    0x080004b0   0x080004b0   0x00000008   Code   RO         1123    .text               c_w.l(libspace.o)
    0x080004b8   0x080004b8   0x0000000c   Code   RO         1167    .text               c_w.l(sys_exit.o)
    0x080004c4   0x080004c4   0x00000002   Code   RO         1171    .text               c_w.l(use_no_semi.o)
    0x080004c6   0x080004c6   0x00000000   Code   RO         1173    .text               c_w.l(indicate_semi.o)
    0x080004c6   0x080004c6   0x0000004a   Code   RO         1174    .text               c_w.l(sys_stackheap_outer.o)
    0x08000510   0x08000510   0x00000008   Code   RO          560    .text.App_TCBInitHook  app_hooks.o
    0x08000518   0x08000518   0x00000008   Code   RO          548    .text.App_TaskCreateHook  app_hooks.o
    0x08000520   0x08000520   0x00000008   Code   RO          550    .text.App_TaskDelHook  app_hooks.o
    0x08000528   0x08000528   0x00000002   Code   RO          552    .text.App_TaskIdleHook  app_hooks.o
    0x0800052a   0x0800052a   0x00000002   PAD
    0x0800052c   0x0800052c   0x00000008   Code   RO          556    .text.App_TaskReturnHook  app_hooks.o
    0x08000534   0x08000534   0x00000002   Code   RO          554    .text.App_TaskStatHook  app_hooks.o
    0x08000536   0x08000536   0x00000002   PAD
    0x08000538   0x08000538   0x00000002   Code   RO          558    .text.App_TaskSwHook  app_hooks.o
    0x0800053a   0x0800053a   0x00000002   PAD
    0x0800053c   0x0800053c   0x0000009a   Code   RO           10    .text.App_TimeTickHook  main.o
    0x080005d6   0x080005d6   0x00000002   PAD
    0x080005d8   0x080005d8   0x00000004   Code   RO           32    .text.BusFault_Handler  stm32f4xx_it.o
    0x080005dc   0x080005dc   0x00000028   Code   RO           72    .text.Central_ctor  central.o
    0x08000604   0x08000604   0x0000008e   Code   RO           74    .text.Central_initial  central.o
    0x08000692   0x08000692   0x00000002   PAD
    0x08000694   0x08000694   0x00000496   Code   RO           78    .text.Central_percentdata  central.o
    0x08000b2a   0x08000b2a   0x00000002   PAD
    0x08000b2c   0x08000b2c   0x000005e0   Code   RO           82    .text.Central_rawdata  central.o
    0x0800110c   0x0800110c   0x00000158   Code   RO           76    .text.Central_started  central.o
    0x08001264   0x08001264   0x000000fa   Code   RO          210    .text.DMA2_Stream2_IRQHandler  bsp_spi.o
    0x0800135e   0x0800135e   0x00000002   PAD
    0x08001360   0x08001360   0x00000180   Code   RO          208    .text.DMA2_Stream3_IRQHandler  bsp_spi.o
    0x080014e0   0x080014e0   0x0000004e   Code   RO            4    .text.DebounceSwitch  main.o
    0x0800152e   0x0800152e   0x00000002   PAD
    0x08001530   0x08001530   0x0000004e   Code   RO            6    .text.DebounceSwitch2  main.o
    0x0800157e   0x0800157e   0x00000002   PAD
    0x08001580   0x08001580   0x0000004e   Code   RO            8    .text.DebounceSwitch3  main.o
    0x080015ce   0x080015ce   0x00000002   PAD
    0x080015d0   0x080015d0   0x00000002   Code   RO           38    .text.DebugMon_Handler  stm32f4xx_it.o
    0x080015d2   0x080015d2   0x00000002   PAD
    0x080015d4   0x080015d4   0x00000002   Code   RO           48    .text.EXTI0_IRQHandler  stm32f4xx_it.o
    0x080015d6   0x080015d6   0x00000002   PAD
    0x080015d8   0x080015d8   0x00000002   Code   RO           44    .text.EXTI15_10_IRQHandler  stm32f4xx_it.o
    0x080015da   0x080015da   0x00000002   PAD
    0x080015dc   0x080015dc   0x00000004   Code   RO           28    .text.HardFault_Handler  stm32f4xx_it.o
    0x080015e0   0x080015e0   0x00000004   Code   RO           30    .text.MemManage_Handler  stm32f4xx_it.o
    0x080015e4   0x080015e4   0x00000004   Code   RO           26    .text.NMI_Handler   stm32f4xx_it.o
    0x080015e8   0x080015e8   0x00000030   Code   RO          238    .text.OSInit        os_core.o
    0x08001618   0x08001618   0x0000005a   Code   RO          574    .text.OSInitHookBegin  os_cpu_c.o
    0x08001672   0x08001672   0x00000002   PAD
    0x08001674   0x08001674   0x00000002   Code   RO          576    .text.OSInitHookEnd  os_cpu_c.o
    0x08001676   0x08001676   0x00000002   PAD
    0x08001678   0x08001678   0x00000034   Code   RO          252    .text.OSIntEnter    os_core.o
    0x080016ac   0x080016ac   0x000000d2   Code   RO          254    .text.OSIntExit     os_core.o
    0x0800177e   0x0800177e   0x00000002   PAD
    0x08001780   0x08001780   0x0000011a   Code   RO          438    .text.OSQCreate     os_q.o
    0x0800189a   0x0800189a   0x00000002   PAD
    0x0800189c   0x0800189c   0x000001a8   Code   RO          444    .text.OSQPend       os_q.o
    0x08001a44   0x08001a44   0x000000c8   Code   RO          448    .text.OSQPost       os_q.o
    0x08001b0c   0x08001b0c   0x00000054   Code   RO          262    .text.OSStart       os_core.o
    0x08001b60   0x08001b60   0x00000010   Code   RO          592    .text.OSTCBInitHook  os_cpu_c.o
    0x08001b70   0x08001b70   0x00000152   Code   RO          494    .text.OSTaskCreateExt  os_task.o
    0x08001cc2   0x08001cc2   0x00000002   PAD
    0x08001cc4   0x08001cc4   0x00000010   Code   RO          578    .text.OSTaskCreateHook  os_cpu_c.o
    0x08001cd4   0x08001cd4   0x00000242   Code   RO          498    .text.OSTaskDel     os_task.o
    0x08001f16   0x08001f16   0x00000002   PAD
    0x08001f18   0x08001f18   0x00000010   Code   RO          580    .text.OSTaskDelHook  os_cpu_c.o
    0x08001f28   0x08001f28   0x00000008   Code   RO          582    .text.OSTaskIdleHook  os_cpu_c.o
    0x08001f30   0x08001f30   0x000000dc   Code   RO          504    .text.OSTaskNameSet  os_task.o
    0x0800200c   0x0800200c   0x00000010   Code   RO          584    .text.OSTaskReturnHook  os_cpu_c.o
    0x0800201c   0x0800201c   0x00000008   Code   RO          586    .text.OSTaskStatHook  os_cpu_c.o
    0x08002024   0x08002024   0x0000011e   Code   RO          508    .text.OSTaskStkChk  os_task.o
    0x08002142   0x08002142   0x00000002   PAD
    0x08002144   0x08002144   0x0000010e   Code   RO          588    .text.OSTaskStkInit  os_cpu_c.o
    0x08002252   0x08002252   0x00000002   PAD
    0x08002254   0x08002254   0x00000154   Code   RO          510    .text.OSTaskSuspend  os_task.o
    0x080023a8   0x080023a8   0x00000008   Code   RO          590    .text.OSTaskSwHook  os_cpu_c.o
    0x080023b0   0x080023b0   0x000000b2   Code   RO          530    .text.OSTimeDly     os_time.o
    0x08002462   0x08002462   0x00000002   PAD
    0x08002464   0x08002464   0x0000016c   Code   RO          266    .text.OSTimeTick    os_core.o
    0x080025d0   0x080025d0   0x00000008   Code   RO          594    .text.OSTimeTickHook  os_cpu_c.o
    0x080025d8   0x080025d8   0x0000002a   Code   RO          596    .text.OS_CPU_SysTickHandler  os_cpu_c.o
    0x08002602   0x08002602   0x00000002   PAD
    0x08002604   0x08002604   0x00000002   Code   RO          270    .text.OS_Dummy      os_core.o
    0x08002606   0x08002606   0x00000002   PAD
    0x08002608   0x08002608   0x000000e4   Code   RO          272    .text.OS_EventTaskRdy  os_core.o
    0x080026ec   0x080026ec   0x0000004c   Code   RO          274    .text.OS_EventTaskRemove  os_core.o
    0x08002738   0x08002738   0x00000076   Code   RO          236    .text.OS_EventTaskRemoveMulti  os_core.o
    0x080027ae   0x080027ae   0x00000002   PAD
    0x080027b0   0x080027b0   0x00000082   Code   RO          276    .text.OS_EventTaskWait  os_core.o
    0x08002832   0x08002832   0x00000002   PAD
    0x08002834   0x08002834   0x00000038   Code   RO          278    .text.OS_EventWaitListInit  os_core.o
    0x0800286c   0x0800286c   0x000000a6   Code   RO          358    .text.OS_FlagInit   os_flag.o
    0x08002912   0x08002912   0x00000002   PAD
    0x08002914   0x08002914   0x00000058   Code   RO          350    .text.OS_FlagUnlink  os_flag.o
    0x0800296c   0x0800296c   0x000000b2   Code   RO          246    .text.OS_InitEventList  os_core.o
    0x08002a1e   0x08002a1e   0x00000002   PAD
    0x08002a20   0x08002a20   0x00000072   Code   RO          240    .text.OS_InitMisc   os_core.o
    0x08002a92   0x08002a92   0x00000002   PAD
    0x08002a94   0x08002a94   0x0000006a   Code   RO          242    .text.OS_InitRdyList  os_core.o
    0x08002afe   0x08002afe   0x00000002   PAD
    0x08002b00   0x08002b00   0x000000bc   Code   RO          244    .text.OS_InitTCBList  os_core.o
    0x08002bbc   0x08002bbc   0x0000004c   Code   RO          248    .text.OS_InitTaskIdle  os_core.o
    0x08002c08   0x08002c08   0x0000004c   Code   RO          250    .text.OS_InitTaskStat  os_core.o
    0x08002c54   0x08002c54   0x0000002c   Code   RO          280    .text.OS_MemClr     os_core.o
    0x08002c80   0x08002c80   0x0000009c   Code   RO          404    .text.OS_MemInit    os_mem.o
    0x08002d1c   0x08002d1c   0x00000090   Code   RO          456    .text.OS_QInit      os_q.o
    0x08002dac   0x08002dac   0x0000009c   Code   RO          234    .text.OS_Sched      os_core.o
    0x08002e48   0x08002e48   0x0000003c   Code   RO          256    .text.OS_SchedNew   os_core.o
    0x08002e84   0x08002e84   0x0000021a   Code   RO          290    .text.OS_TCBInit    os_core.o
    0x0800309e   0x0800309e   0x00000002   PAD
    0x080030a0   0x080030a0   0x00000036   Code   RO          284    .text.OS_TaskIdle   os_core.o
    0x080030d6   0x080030d6   0x00000002   PAD
    0x080030d8   0x080030d8   0x00000018   Code   RO          520    .text.OS_TaskReturn  os_task.o
    0x080030f0   0x080030f0   0x00000152   Code   RO          286    .text.OS_TaskStat   os_core.o
    0x08003242   0x08003242   0x00000002   PAD
    0x08003244   0x08003244   0x00000076   Code   RO          288    .text.OS_TaskStatStkChk  os_core.o
    0x080032ba   0x080032ba   0x00000002   PAD
    0x080032bc   0x080032bc   0x00000042   Code   RO          496    .text.OS_TaskStkClr  os_task.o
    0x080032fe   0x080032fe   0x00000002   PAD
    0x08003300   0x08003300   0x00000002   Code   RO           46    .text.OTG_FS_IRQHandler  stm32f4xx_it.o
    0x08003302   0x08003302   0x00000002   PAD
    0x08003304   0x08003304   0x00000028   Code   RO          812    .text.QActive_ctor  qf_qact.o
    0x0800332c   0x0800332c   0x0000004c   Code   RO          904    .text.QActive_get_  qf_port.o
    0x08003378   0x08003378   0x000000f2   Code   RO          896    .text.QActive_post_  qf_port.o
    0x0800346a   0x0800346a   0x00000002   PAD
    0x0800346c   0x0800346c   0x00000144   Code   RO          814    .text.QActive_register_  qf_qact.o
    0x080035b0   0x080035b0   0x000000fc   Code   RO          890    .text.QActive_start_  qf_port.o
    0x080036ac   0x080036ac   0x00000026   Code   RO          859    .text.QEvt_ctor     qf_time.o
    0x080036d2   0x080036d2   0x00000002   PAD
    0x080036d4   0x080036d4   0x00000010   Code   RO          740    .text.QEvt_getPoolId_  qf_dyn.o
    0x080036e4   0x080036e4   0x00000010   Code   RO          898    .text.QEvt_getPoolId_  qf_port.o
    0x080036f4   0x080036f4   0x00000010   Code   RO          742    .text.QEvt_refCtr_dec_  qf_dyn.o
    0x08003704   0x08003704   0x00000010   Code   RO          900    .text.QEvt_refCtr_inc_  qf_port.o
    0x08003714   0x08003714   0x0000002c   Code   RO          649    .text.QEvt_verify_  qep_hsm.o
    0x08003740   0x08003740   0x0000002c   Code   RO          738    .text.QEvt_verify_  qf_dyn.o
    0x0800376c   0x0800376c   0x00000030   Code   RO          696    .text.QF_bzero_     qf_act.o
    0x0800379c   0x0800379c   0x000000be   Code   RO          736    .text.QF_gc         qf_dyn.o
    0x0800385a   0x0800385a   0x00000002   PAD
    0x0800385c   0x0800385c   0x00000008   Code   RO          884    .text.QF_init       qf_port.o
    0x08003864   0x08003864   0x0000011e   Code   RO          734    .text.QF_newX_      qf_dyn.o
    0x08003982   0x08003982   0x00000002   PAD
    0x08003984   0x08003984   0x00000002   Code   RO           57    .text.QF_onStartup  app.o
    0x08003986   0x08003986   0x00000002   PAD
    0x08003988   0x08003988   0x000000a8   Code   RO          728    .text.QF_poolInit   qf_dyn.o
    0x08003a30   0x08003a30   0x0000000e   Code   RO          886    .text.QF_run        qf_port.o
    0x08003a3e   0x08003a3e   0x00000002   PAD
    0x08003a40   0x08003a40   0x00000028   Code   RO          641    .text.QHsm_ctor     qep_hsm.o
    0x08003a68   0x08003a68   0x00000230   Code   RO          645    .text.QHsm_dispatch_  qep_hsm.o
    0x08003c98   0x08003c98   0x00000178   Code   RO          643    .text.QHsm_init_    qep_hsm.o
    0x08003e10   0x08003e10   0x0000000c   Code   RO          647    .text.QHsm_top      qep_hsm.o
    0x08003e1c   0x08003e1c   0x000002a0   Code   RO          651    .text.QHsm_tran_    qep_hsm.o
    0x080040bc   0x080040bc   0x000000f8   Code   RO          760    .text.QMPool_get    qf_mem.o
    0x080041b4   0x080041b4   0x00000114   Code   RO          758    .text.QMPool_init   qf_mem.o
    0x080042c8   0x080042c8   0x0000007c   Code   RO          762    .text.QMPool_put    qf_mem.o
    0x08004344   0x08004344   0x000000b4   Code   RO          861    .text.QTimeEvt_armX  qf_time.o
    0x080043f8   0x080043f8   0x00000066   Code   RO          857    .text.QTimeEvt_ctorX  qf_time.o
    0x0800445e   0x0800445e   0x00000002   PAD
    0x08004460   0x08004460   0x0000005a   Code   RO          863    .text.QTimeEvt_disarm  qf_time.o
    0x080044ba   0x080044ba   0x00000002   PAD
    0x080044bc   0x080044bc   0x00000142   Code   RO          871    .text.QTimeEvt_tick_  qf_time.o
    0x080045fe   0x080045fe   0x00000002   PAD
    0x08004600   0x08004600   0x0000000e   Code   RO           63    .text.Q_onError     app.o
    0x0800460e   0x0800460e   0x00000002   PAD
    0x08004610   0x08004610   0x00000002   Code   RO           36    .text.SVC_Handler   stm32f4xx_it.o
    0x08004612   0x08004612   0x00000002   PAD
    0x08004614   0x08004614   0x0000012e   Code   RO          955    .text.SystemCoreClockUpdate  system_stm32f4xx.o
    0x08004742   0x08004742   0x00000002   PAD
    0x08004744   0x08004744   0x00000002   Code   RO          953    .text.SystemInit    system_stm32f4xx.o
    0x08004746   0x08004746   0x00000002   PAD
    0x08004748   0x08004748   0x00000042   Code   RO          101    .text.TickerKeeper_ctor  tickerkeeper.o
    0x0800478a   0x0800478a   0x00000002   PAD
    0x0800478c   0x0800478c   0x00000024   Code   RO           95    .text.TickerKeeper_initial  tickerkeeper.o
    0x080047b0   0x080047b0   0x00000040   Code   RO           99    .text.TickerKeeper_paused  tickerkeeper.o
    0x080047f0   0x080047f0   0x00000092   Code   RO           97    .text.TickerKeeper_running  tickerkeeper.o
    0x08004882   0x08004882   0x00000002   PAD
    0x08004884   0x08004884   0x00000004   Code   RO           34    .text.UsageFault_Handler  stm32f4xx_it.o
    0x08004888   0x08004888   0x00000026   Code   RO          186    .text.bsp_flash_init  bsp_system.o
    0x080048ae   0x080048ae   0x00000002   PAD
    0x080048b0   0x080048b0   0x00000010   Code   RO          130    .text.bsp_gpio_PA7_reset  bsp_gpio.o
    0x080048c0   0x080048c0   0x00000010   Code   RO          128    .text.bsp_gpio_PA7_set  bsp_gpio.o
    0x080048d0   0x080048d0   0x00000010   Code   RO          152    .text.bsp_gpio_PB0_get_state  bsp_gpio.o
    0x080048e0   0x080048e0   0x00000034   Code   RO          146    .text.bsp_gpio_PB0_init  bsp_gpio.o
    0x08004914   0x08004914   0x00000056   Code   RO          132    .text.bsp_gpio_PB10_init  bsp_gpio.o
    0x0800496a   0x0800496a   0x00000002   PAD
    0x0800496c   0x0800496c   0x00000012   Code   RO          136    .text.bsp_gpio_PB10_reset  bsp_gpio.o
    0x0800497e   0x0800497e   0x00000002   PAD
    0x08004980   0x08004980   0x00000012   Code   RO          134    .text.bsp_gpio_PB10_set  bsp_gpio.o
    0x08004992   0x08004992   0x00000002   PAD
    0x08004994   0x08004994   0x00000010   Code   RO          160    .text.bsp_gpio_PB1_get_state  bsp_gpio.o
    0x080049a4   0x080049a4   0x00000034   Code   RO          154    .text.bsp_gpio_PB1_init  bsp_gpio.o
    0x080049d8   0x080049d8   0x0000000e   Code   RO          124    .text.bsp_gpio_user_key_get_state  bsp_gpio.o
    0x080049e6   0x080049e6   0x00000002   PAD
    0x080049e8   0x080049e8   0x00000030   Code   RO          116    .text.bsp_gpio_user_key_init  bsp_gpio.o
    0x08004a18   0x08004a18   0x000001b8   Code   RO          169    .text.bsp_i2c_init  bsp_i2c.o
    0x08004bd0   0x08004bd0   0x00000318   Code   RO          173    .text.bsp_i2c_master_receive  bsp_i2c.o
    0x08004ee8   0x08004ee8   0x00000180   Code   RO          175    .text.bsp_i2c_master_receive_reg  bsp_i2c.o
    0x08005068   0x08005068   0x0000018c   Code   RO          171    .text.bsp_i2c_master_transfer  bsp_i2c.o
    0x080051f4   0x080051f4   0x000001da   Code   RO          188    .text.bsp_rcc_clock_init  bsp_system.o
    0x080053ce   0x080053ce   0x00000002   PAD
    0x080053d0   0x080053d0   0x00000010   Code   RO          184    .text.bsp_system_init  bsp_system.o
    0x080053e0   0x080053e0   0x0000005a   Code   RO          190    .text.bsp_systick_init  bsp_system.o
    0x0800543a   0x0800543a   0x00000002   PAD
    0x0800543c   0x0800543c   0x00000160   Code   RO           80    .text.calculateHue  central.o
    0x0800559c   0x0800559c   0x0000007a   Code   RO            2    .text.main          main.o
    0x08005616   0x08005616   0x00000002   PAD
    0x08005618   0x08005618   0x00000064   Code   RO          616    .text.sdd1306_clear_area  sdd1306.o
    0x0800567c   0x0800567c   0x00000070   Code   RO          614    .text.sdd1306_draw  sdd1306.o
    0x080056ec   0x080056ec   0x00000064   Code   RO          612    .text.sdd1306_init  sdd1306.o
    0x08005750   0x08005750   0x00000028   Code   RO          892    .text.task_function  qf_port.o
    0x08005778   0x08005778   0x000000a6   Code   RO          630    .text.veml6040_get_data_raw  veml6040.o
    0x0800581e   0x0800581e   0x00000002   PAD
    0x08005820   0x08005820   0x00000020   Code   RO          628    .text.veml6040_init  veml6040.o
    0x08005840   0x08005840   0x0000001a   Data   RO          618    .rodata..L__const.sdd1306_init.initializeCmds  sdd1306.o
    0x0800585a   0x0800585a   0x00000010   Data   RO          958    .rodata.AHBPrescTable  system_stm32f4xx.o
    0x0800586a   0x0800586a   0x00000002   PAD
    0x0800586c   0x0800586c   0x00000004   Data   RO           85    .rodata.AO_Central  central.o
    0x08005870   0x08005870   0x00000008   Data   RO          959    .rodata.APBPrescTable  system_stm32f4xx.o
    0x08005878   0x08005878   0x00000100   Data   RO          292    .rodata.OSUnMapTbl  os_core.o
    0x08005978   0x08005978   0x00000008   Data   RO          818    .rodata.QActive_ctor.vtable  qf_qact.o
    0x08005980   0x08005980   0x00000010   Data   RO          658    .rodata.QEvt_reserved_  qep_hsm.o
    0x08005990   0x08005990   0x00000008   Data   RO          659    .rodata.QHsm_ctor.vtable  qep_hsm.o
    0x08005998   0x08005998   0x0000000e   Data   RO           86    .rodata.Q_this_module_  central.o
    0x080059a6   0x080059a6   0x00000008   Data   RO          660    .rodata.Q_this_module_  qep_hsm.o
    0x080059ae   0x080059ae   0x00000007   Data   RO          750    .rodata.Q_this_module_  qf_dyn.o
    0x080059b5   0x080059b5   0x00000007   Data   RO          764    .rodata.Q_this_module_  qf_mem.o
    0x080059bc   0x080059bc   0x00000008   Data   RO          819    .rodata.Q_this_module_  qf_qact.o
    0x080059c4   0x080059c4   0x00000008   Data   RO          875    .rodata.Q_this_module_  qf_time.o
    0x080059cc   0x080059cc   0x00000008   Data   RO          906    .rodata.Q_this_module_  qf_port.o
    0x080059d4   0x080059d4   0x00000252   Data   RO           87    .rodata.font16x16   central.o
    0x08005c26   0x08005c26   0x0000001e   Data   RO          313    .rodata.str1.1      os_core.o
    0x08005c44   0x08005c44   0x00000020   Data   RO         1244    Region$$Table       anon$$obj.o


    Execution Region ER_RW (Exec base: 0x20000000, Load base: 0x08005c64, Size: 0x00000408, Max: 0xffffffff, ABSOLUTE, COMPRESSED[0x00000010])

    Exec Addr    Load Addr    Size         Type   Attr      Idx    E Section Name        Object

    0x20000000   COMPRESSED   0x00000004   Data   RW          957    .data.SystemCoreClock  system_stm32f4xx.o
    0x20000004   COMPRESSED   0x00000401   Data   RW          620    .data.zeros         sdd1306.o


    Execution Region ER_ZI (Exec base: 0x20000408, Load base: 0x08005c74, Size: 0x00002558, Max: 0xffffffff, ABSOLUTE)

    Exec Addr    Load Addr    Size         Type   Attr      Idx    E Section Name        Object

    0x20000408        -       0x00000060   Zero   RW         1124    .bss                c_w.l(libspace.o)
    0x20000468        -       0x00000002   Zero   RW           15    .bss.DebounceSwitch.State  main.o
    0x2000046a        -       0x00000002   Zero   RW           16    .bss.DebounceSwitch2.State  main.o
    0x2000046c        -       0x00000002   Zero   RW           17    .bss.DebounceSwitch3.State  main.o
    0x2000046e        -       0x00000001   Zero   RW          310    .bss.OSCPUUsage     os_core.o
    0x2000046f   0x08005c74   0x00000001   PAD
    0x20000470        -       0x00000004   Zero   RW          301    .bss.OSCtxSwCtr     os_core.o
    0x20000474        -       0x00000004   Zero   RW          315    .bss.OSEventFreeList  os_core.o
    0x20000478        -       0x000000f0   Zero   RW          316    .bss.OSEventTbl     os_core.o
    0x20000568        -       0x00000004   Zero   RW          318    .bss.OSFlagFreeList  os_core.o
    0x2000056c        -       0x00000050   Zero   RW          317    .bss.OSFlagTbl      os_core.o
    0x200005bc        -       0x00000004   Zero   RW          302    .bss.OSIdleCtr      os_core.o
    0x200005c0        -       0x00000004   Zero   RW          303    .bss.OSIdleCtrMax   os_core.o
    0x200005c4        -       0x00000004   Zero   RW          311    .bss.OSIdleCtrRun   os_core.o
    0x200005c8        -       0x00000001   Zero   RW          293    .bss.OSIntNesting   os_core.o
    0x200005c9        -       0x00000001   Zero   RW          294    .bss.OSLockNesting  os_core.o
    0x200005ca   0x08005c74   0x00000002   PAD
    0x200005cc        -       0x00000004   Zero   RW          322    .bss.OSMemFreeList  os_core.o
    0x200005d0        -       0x00000078   Zero   RW          323    .bss.OSMemTbl       os_core.o
    0x20000648        -       0x00000001   Zero   RW          300    .bss.OSPrioCur      os_core.o
    0x20000649        -       0x00000001   Zero   RW          298    .bss.OSPrioHighRdy  os_core.o
    0x2000064a   0x08005c74   0x00000002   PAD
    0x2000064c        -       0x00000004   Zero   RW          324    .bss.OSQFreeList    os_core.o
    0x20000650        -       0x00000060   Zero   RW          325    .bss.OSQTbl         os_core.o
    0x200006b0        -       0x00000001   Zero   RW          308    .bss.OSRdyGrp       os_core.o
    0x200006b1        -       0x00000008   Zero   RW          309    .bss.OSRdyTbl       os_core.o
    0x200006b9        -       0x00000001   Zero   RW          296    .bss.OSRunning      os_core.o
    0x200006ba        -       0x00000001   Zero   RW          304    .bss.OSStatRdy      os_core.o
    0x200006bb   0x08005c74   0x00000001   PAD
    0x200006bc        -       0x00000004   Zero   RW          295    .bss.OSTCBCur       os_core.o
    0x200006c0        -       0x00000004   Zero   RW          312    .bss.OSTCBFreeList  os_core.o
    0x200006c4        -       0x00000004   Zero   RW          299    .bss.OSTCBHighRdy   os_core.o
    0x200006c8        -       0x00000004   Zero   RW          307    .bss.OSTCBList      os_core.o
    0x200006cc        -       0x00000100   Zero   RW          297    .bss.OSTCBPrioTbl   os_core.o
    0x200007cc        -       0x000007e8   Zero   RW          321    .bss.OSTCBTbl       os_core.o
    0x20000fb4        -       0x00000001   Zero   RW          314    .bss.OSTaskCtr      os_core.o
    0x20000fb5   0x08005c74   0x00000003   PAD
    0x20000fb8        -       0x00000200   Zero   RW          320    .bss.OSTaskIdleStk  os_core.o
    0x200011b8        -       0x00000001   Zero   RW          326    .bss.OSTaskRegNextAvailID  os_core.o
    0x200011b9   0x08005c74   0x00000003   PAD
    0x200011bc        -       0x00000200   Zero   RW          319    .bss.OSTaskStatStk  os_core.o
    0x200013bc        -       0x00000001   Zero   RW          306    .bss.OSTickStepState  os_core.o
    0x200013bd   0x08005c74   0x00000003   PAD
    0x200013c0        -       0x00000004   Zero   RW          305    .bss.OSTime         os_core.o
    0x200013c4        -       0x00000400   Zero   RW          602    .bss.OS_CPU_ExceptStk  os_cpu_c.o
    0x200017c4        -       0x00000004   Zero   RW          603    .bss.OS_CPU_ExceptStkBase  os_cpu_c.o
    0x200017c8        -       0x00000004   Zero   RW          604    .bss.OS_KA_BASEPRI_Boundary  os_cpu_c.o
    0x200017cc        -       0x00000084   Zero   RW          701    .bss.QActive_registry_  qf_act.o
    0x20001850        -       0x00000040   Zero   RW          702    .bss.QF_priv_       qf_act.o
    0x20001890        -       0x00000014   Zero   RW          876    .bss.QTimeEvt_timeEvtHead_  qf_time.o
    0x200018a4        -       0x00000004   Zero   RW          216    .bss.SPIUtil        bsp_spi.o
    0x200018a8        -       0x0000005c   Zero   RW           84    .bss.l_central      central.o
    0x20001904        -       0x00000800   Zero   RW           13    .bss.main.centralStack  main.o
    0x20002104        -       0x00000190   Zero   RW           12    .bss.main.central_queueSto  main.o
    0x20002294        -       0x000000c8   Zero   RW           14    .bss.main.smlPoolSto  main.o
    0x2000235c        -       0x00000004   Zero   RW          192    .bss.tmpreg         bsp_system.o
    0x20002360        -       0x00000200   Zero   RW          946    HEAP                startup_stm32f411xe.o
    0x20002560        -       0x00000400   Zero   RW          945    STACK               startup_stm32f411xe.o


==============================================================================

Image component sizes


      Code (inc. data)   RO Data    RW Data    ZI Data      Debug   Object Name

        16          0          0          0          0        723   app.o
        38          0          0          0          0       2597   app_hooks.o
       352          0          0          0          0       6776   bsp_gpio.o
      2012          0          0          0          0       4049   bsp_i2c.o
       634          0          0          0          4       6186   bsp_spi.o
       618          0          0          0          4       2501   bsp_system.o
      3556         32        612          0         92       7150   central.o
       510          0          0          0       2654       3825   main.o
      3414          0        286          0       3911      12582   os_core.o
       276         32          0          0          0        368   os_cpu_a.o
       500          0          0          0       1032       4195   os_cpu_c.o
       254          0          0          0          0       7927   os_flag.o
       156          0          0          0          0       3252   os_mem.o
      1050          0          0          0          0       5708   os_q.o
      1852          0          0          0          0       8447   os_task.o
       178          0          0          0          0       3260   os_time.o
      1704          0         32          0          0       5545   qep_hsm.o
        48          0          0          0        196       3555   qf_act.o
       720          0          7          0          0       3124   qf_dyn.o
       648          0          7          0          0       2300   qf_mem.o
       664          0          8          0          0       5325   qf_port.o
       364          0         16          0          0       3372   qf_qact.o
       732          0          8          0         20       5516   qf_time.o
       312          0         26       1025          0       1337   sdd1306.o
        64         26        408          0       1536        824   startup_stm32f411xe.o
        30          0          0          0          0       1223   stm32f4xx_it.o
       304          0         24          4          0       2137   system_stm32f4xx.o
       312          0          0          0          0       4057   tickerkeeper.o
       198          0          0          0          0       1147   veml6040.o

    ----------------------------------------------------------------------
     21636         90       1468       1032       9464     119008   Object Totals
         0          0         32          0          0          0   (incl. Generated)
       120          0          2          3         15          0   (incl. Padding)

    ----------------------------------------------------------------------

      Code (inc. data)   RO Data    RW Data    ZI Data      Debug   Library Member Name

        58          0          0          0          0          0   __dczerorl.o
         8          0          0          0          0         68   __main.o
         0          0          0          0          0          0   __rtentry.o
        12          0          0          0          0          0   __rtentry2.o
         6          0          0          0          0          0   __rtentry4.o
        52          8          0          0          0          0   __scatter.o
        28          0          0          0          0          0   __scatter_zi.o
        18          0          0          0          0         80   exit.o
         6          0          0          0          0        152   heapauxi.o
         0          0          0          0          0          0   indicate_semi.o
         2          0          0          0          0          0   libinit.o
         2          0          0          0          0          0   libinit2.o
         2          0          0          0          0          0   libshutdown.o
         2          0          0          0          0          0   libshutdown2.o
         8          4          0          0         96         68   libspace.o
       138          0          0          0          0         68   rt_memcpy_v6.o
       100          0          0          0          0         80   rt_memcpy_w.o
         2          0          0          0          0          0   rtexit.o
        10          0          0          0          0          0   rtexit2.o
        12          4          0          0          0         68   sys_exit.o
        74          0          0          0          0         80   sys_stackheap_outer.o
         2          0          0          0          0         68   use_no_semi.o

    ----------------------------------------------------------------------
       548         16          0          0         96        732   Library Totals
         6          0          0          0          0          0   (incl. Padding)

    ----------------------------------------------------------------------

      Code (inc. data)   RO Data    RW Data    ZI Data      Debug   Library Name

       542         16          0          0         96        732   c_w.l

    ----------------------------------------------------------------------
       548         16          0          0         96        732   Library Totals

    ----------------------------------------------------------------------

==============================================================================


      Code (inc. data)   RO Data    RW Data    ZI Data      Debug   

     22184        106       1468       1032       9560     119008   Grand Totals
     22184        106       1468         16       9560     119008   ELF Image Totals (compressed)
     22184        106       1468         16          0          0   ROM Totals

==============================================================================

    Total RO  Size (Code + RO Data)                23652 (  23.10kB)
    Total RW  Size (RW Data + ZI Data)             10592 (  10.34kB)
    Total ROM Size (Code + RO Data + RW Data)      23668 (  23.11kB)

==============================================================================

