Component: Arm Compiler for Embedded 6.19 Tool: armlink [5e73cb00]

==============================================================================

Section Cross References

    main.o(.text.Task_OLEDUpdate) refers to main.o(.bss.i2cMutex) for i2cMutex
    main.o(.text.Task_OLEDUpdate) refers to main.o(.bss.err) for err
    main.o(.text.Task_OLEDUpdate) refers to os_mutex.o(.text.OSMutexPend) for OSMutexPend
    main.o(.text.Task_OLEDUpdate) refers to main.o(.rodata.str1.1) for .L.str
    main.o(.text.Task_OLEDUpdate) refers to printf.o(.text) for printf
    main.o(.text.Task_OLEDUpdate) refers to main.o(.rodata.font16x16) for font16x16
    main.o(.text.Task_OLEDUpdate) refers to sdd1306.o(.text.sdd1306_draw) for sdd1306_draw
    main.o(.text.Task_OLEDUpdate) refers to os_mutex.o(.text.OSMutexPost) for OSMutexPost
    main.o(.text.Task_OLEDUpdate) refers to main.o(.bss.RGBCountMutex) for RGBCountMutex
    main.o(.text.Task_OLEDUpdate) refers to main.o(.bss.RGBCount) for RGBCount
    main.o(.text.Task_OLEDUpdate) refers to main.o(.bss.ChangeMode) for ChangeMode
    main.o(.text.Task_OLEDUpdate) refers to sdd1306.o(.text.sdd1306_clear_area) for sdd1306_clear_area
    main.o(.text.Task_OLEDUpdate) refers to os_time.o(.text.OSTimeDly) for OSTimeDly
    main.o(.ARM.exidx.text.Task_OLEDUpdate) refers to main.o(.text.Task_OLEDUpdate) for [Anonymous Symbol]
    main.o(.text.Task_ColourSampling) refers to main.o(.bss.RGBCountMutex) for RGBCountMutex
    main.o(.text.Task_ColourSampling) refers to main.o(.bss.err) for err
    main.o(.text.Task_ColourSampling) refers to os_mutex.o(.text.OSMutexPend) for OSMutexPend
    main.o(.text.Task_ColourSampling) refers to main.o(.rodata.str1.1) for .L.str
    main.o(.text.Task_ColourSampling) refers to printf.o(.text) for printf
    main.o(.text.Task_ColourSampling) refers to main.o(.bss.i2cMutex) for i2cMutex
    main.o(.text.Task_ColourSampling) refers to main.o(.bss.RGBCount) for RGBCount
    main.o(.text.Task_ColourSampling) refers to veml6040.o(.text.veml6040_get_data_raw) for veml6040_get_data_raw
    main.o(.text.Task_ColourSampling) refers to os_mutex.o(.text.OSMutexPost) for OSMutexPost
    main.o(.text.Task_ColourSampling) refers to os_time.o(.text.OSTimeDly) for OSTimeDly
    main.o(.ARM.exidx.text.Task_ColourSampling) refers to main.o(.text.Task_ColourSampling) for [Anonymous Symbol]
    main.o(.text.Task_Veml_LedToggle) refers to bsp_gpio.o(.text.bsp_gpio_PA7_reset) for bsp_gpio_PA7_reset
    main.o(.text.Task_Veml_LedToggle) refers to main.o(.bss.pa6switchSem) for pa6switchSem
    main.o(.text.Task_Veml_LedToggle) refers to main.o(.bss.err) for err
    main.o(.text.Task_Veml_LedToggle) refers to os_sem.o(.text.OSSemPend) for OSSemPend
    main.o(.text.Task_Veml_LedToggle) refers to bsp_gpio.o(.text.bsp_gpio_PA7_set) for bsp_gpio_PA7_set
    main.o(.ARM.exidx.text.Task_Veml_LedToggle) refers to main.o(.text.Task_Veml_LedToggle) for [Anonymous Symbol]
    main.o(.text.main) refers to bsp_system.o(.text.bsp_system_init) for bsp_system_init
    main.o(.text.main) refers to bsp_gpio.o(.text.bsp_gpio_user_key_init) for bsp_gpio_user_key_init
    main.o(.text.main) refers to bsp_gpio.o(.text.bsp_gpio_PA7_init) for bsp_gpio_PA7_init
    main.o(.text.main) refers to bsp_gpio.o(.text.bsp_gpio_PA6_init) for bsp_gpio_PA6_init
    main.o(.text.main) refers to bsp_i2c.o(.text.bsp_i2c_init) for bsp_i2c_init
    main.o(.text.main) refers to veml6040.o(.text.veml6040_init) for veml6040_init
    main.o(.text.main) refers to sdd1306.o(.text.sdd1306_init) for sdd1306_init
    main.o(.text.main) refers to os_core.o(.text.OSInit) for OSInit
    main.o(.text.main) refers to main.o(.bss.err) for err
    main.o(.text.main) refers to os_mutex.o(.text.OSMutexCreate) for OSMutexCreate
    main.o(.text.main) refers to main.o(.bss.i2cMutex) for i2cMutex
    main.o(.text.main) refers to main.o(.rodata.str1.1) for .L.str
    main.o(.text.main) refers to printf.o(.text) for printf
    main.o(.text.main) refers to main.o(.bss.RGBCountMutex) for RGBCountMutex
    main.o(.text.main) refers to os_sem.o(.text.OSSemCreate) for OSSemCreate
    main.o(.text.main) refers to main.o(.bss.pa6switchSem) for pa6switchSem
    main.o(.text.main) refers to h1_alloc.o(.text) for malloc
    main.o(.text.main) refers to main.o(.bss.RGBCount) for RGBCount
    main.o(.text.main) refers to main.o(.bss.TaskStk_OLEDUpdate) for TaskStk_OLEDUpdate
    main.o(.text.main) refers to main.o(.text.Task_OLEDUpdate) for Task_OLEDUpdate
    main.o(.text.main) refers to os_task.o(.text.OSTaskCreateExt) for OSTaskCreateExt
    main.o(.text.main) refers to main.o(.bss.TaskStk_ColourSampling) for TaskStk_ColourSampling
    main.o(.text.main) refers to main.o(.text.Task_ColourSampling) for Task_ColourSampling
    main.o(.text.main) refers to main.o(.bss.TaskStk_Veml_LedToggle) for TaskStk_Veml_LedToggle
    main.o(.text.main) refers to main.o(.text.Task_Veml_LedToggle) for Task_Veml_LedToggle
[...]
    TIM1_TRG_COM_TIM11_IRQHandler            0x0800043f   Thumb Code     0  startup_stm32f411xe.o(.text)
    TIM1_UP_TIM10_IRQHandler                 0x0800043f   Thumb Code     0  startup_stm32f411xe.o(.text)
    TIM2_IRQHandler                          0x0800043f   Thumb Code     0  startup_stm32f411xe.o(.text)
    TIM3_IRQHandler                          0x0800043f   Thumb Code     0  startup_stm32f411xe.o(.text)
    TIM4_IRQHandler                          0x0800043f   Thumb Code     0  startup_stm32f411xe.o(.text)
    TIM5_IRQHandler                          0x0800043f   Thumb Code     0  startup_stm32f411xe.o(.text)
    USART1_IRQHandler                        0x0800043f   Thumb Code     0  startup_stm32f411xe.o(.text)
    USART2_IRQHandler                        0x0800043f   Thumb Code     0  startup_stm32f411xe.o(.text)
    USART6_IRQHandler                        0x0800043f   Thumb Code     0  startup_stm32f411xe.o(.text)
    WWDG_IRQHandler                          0x0800043f   Thumb Code     0  startup_stm32f411xe.o(.text)
    __user_initial_stackheap                 0x08000441   Thumb Code     0  startup_stm32f411xe.o(.text)
    malloc                                   0x08000465   Thumb Code    94  h1_alloc.o(.text)
    printf                                   0x080004c5   Thumb Code    20  printf.o(.text)
    __aeabi_memcpy                           0x080004dd   Thumb Code     0  rt_memcpy_v6.o(.text)
    __rt_memcpy                              0x080004dd   Thumb Code   138  rt_memcpy_v6.o(.text)
    _memcpy_lastbytes                        0x08000543   Thumb Code     0  rt_memcpy_v6.o(.text)
    strcmp                                   0x08000569   Thumb Code   124  strcmpv7em.o(.text)
    __use_two_region_memory                  0x080005e5   Thumb Code     2  heapauxi.o(.text)
    __rt_heap_escrow                         0x080005e7   Thumb Code     2  heapauxi.o(.text)
    __rt_heap_expand                         0x080005e9   Thumb Code     2  heapauxi.o(.text)
    __rt_heap_descriptor                     0x080005ed   Thumb Code     8  rt_heap_descriptor_intlibspace.o(.text)
    __use_no_heap                            0x080005f5   Thumb Code     2  hguard.o(.text)
    __heap$guard                             0x080005f7   Thumb Code     2  hguard.o(.text)
    _terminate_user_alloc                    0x080005f9   Thumb Code     2  init_alloc.o(.text)
    _init_user_alloc                         0x080005fb   Thumb Code     2  init_alloc.o(.text)
    __Heap_Full                              0x080005fd   Thumb Code    34  init_alloc.o(.text)
    __Heap_Broken                            0x0800061f   Thumb Code     6  init_alloc.o(.text)
    _init_alloc                              0x08000625   Thumb Code    94  init_alloc.o(.text)
    __Heap_Initialize                        0x08000683   Thumb Code    10  h1_init.o(.text)
    __Heap_DescSize                          0x0800068d   Thumb Code     4  h1_init.o(.text)
    free                                     0x08000691   Thumb Code    78  h1_free.o(.text)
    _printf_pre_padding                      0x080006df   Thumb Code    44  _printf_pad.o(.text)
    _printf_post_padding                     0x0800070b   Thumb Code    34  _printf_pad.o(.text)
    _printf_truncate_signed                  0x0800072d   Thumb Code    18  _printf_truncate.o(.text)
    _printf_truncate_unsigned                0x0800073f   Thumb Code    18  _printf_truncate.o(.text)
    _printf_str                              0x08000751   Thumb Code    82  _printf_str.o(.text)
    _printf_int_dec                          0x080007a5   Thumb Code   104  _printf_dec.o(.text)
    _printf_charcount                        0x0800081d   Thumb Code    40  _printf_charcount.o(.text)
    _printf_char_file                        0x08000845   Thumb Code    32  _printf_char_file.o(.text)
    _printf_wctomb                           0x08000869   Thumb Code   182  _printf_wctomb.o(.text)
    _printf_longlong_dec                     0x08000925   Thumb Code   108  _printf_longlong_dec.o(.text)
    _printf_longlong_oct                     0x080009a1   Thumb Code    68  _printf_oct_int_ll.o(.text)
    _printf_int_oct                          0x080009e5   Thumb Code    24  _printf_oct_int_ll.o(.text)
    _printf_ll_oct                           0x080009fd   Thumb Code    12  _printf_oct_int_ll.o(.text)
    _printf_longlong_hex                     0x08000a11   Thumb Code    86  _printf_hex_int_ll_ptr.o(.text)
    _printf_int_hex                          0x08000a67   Thumb Code    28  _printf_hex_int_ll_ptr.o(.text)
    _printf_ll_hex                           0x08000a83   Thumb Code    12  _printf_hex_int_ll_ptr.o(.text)
    _printf_hex_ptr                          0x08000a8f   Thumb Code    18  _printf_hex_int_ll_ptr.o(.text)
    __printf                                 0x08000aa5   Thumb Code   388  __printf_flags_ss_wp.o(.text)
    __aeabi_memcpy4                          0x08000c2d   Thumb Code     0  rt_memcpy_w.o(.text)
    __aeabi_memcpy8                          0x08000c2d   Thumb Code     0  rt_memcpy_w.o(.text)
    __rt_memcpy_w                            0x08000c2d   Thumb Code   100  rt_memcpy_w.o(.text)
    _memcpy_lastbytes_aligned                0x08000c75   Thumb Code     0  rt_memcpy_w.o(.text)
    __user_libspace                          0x08000c91   Thumb Code     8  libspace.o(.text)
    __user_perproc_libspace                  0x08000c91   Thumb Code     0  libspace.o(.text)
    __user_perthread_libspace                0x08000c91   Thumb Code     0  libspace.o(.text)
    __Heap_ProvideMemory                     0x08000c99   Thumb Code    52  h1_extend.o(.text)
    _maybe_terminate_alloc                   0x08000c99   Thumb Code     0  maybetermalloc1.o(.text)
    _ll_udiv10                               0x08000ccd   Thumb Code   138  lludiv10.o(.text)
    _printf_int_common                       0x08000d57   Thumb Code   178  _printf_intcommon.o(.text)
    _printf_fp_dec_real                      0x08000fb9   Thumb Code   620  _printf_fp_dec.o(.text)
    _printf_fp_hex_real                      0x08001225   Thumb Code   756  _printf_fp_hex.o(.text)
    _printf_char_common                      0x0800152b   Thumb Code    32  _printf_char_common.o(.text)
    _printf_cs_common                        0x08001551   Thumb Code    20  _printf_char.o(.text)
    _printf_char                             0x08001565   Thumb Code    16  _printf_char.o(.text)
    _printf_string                           0x08001575   Thumb Code     8  _printf_char.o(.text)
    _printf_lcs_common                       0x0800157d   Thumb Code    20  _printf_wchar.o(.text)
    _printf_wchar                            0x08001591   Thumb Code    16  _printf_wchar.o(.text)
    _printf_wstring                          0x080015a1   Thumb Code     8  _printf_wchar.o(.text)
    ferror                                   0x080015a9   Thumb Code     8  ferror.o(.text)
    _initio                                  0x080015b1   Thumb Code   210  initio.o(.text)
    _terminateio                             0x08001683   Thumb Code    56  initio.o(.text)
    _c16rtomb                                0x080016e9   Thumb Code    72  _c16rtomb.o(.text)
    _wcrtomb                                 0x080016e9   Thumb Code     0  _c16rtomb.o(.text)
    __rt_SIGRTMEM                            0x08001731   Thumb Code    14  defsig_rtmem_outer.o(.text)
    __I$use$semihosting                      0x0800173f   Thumb Code     0  use_no_semi.o(.text)
    __use_no_semihosting_swi                 0x0800173f   Thumb Code     2  use_no_semi.o(.text)
    __semihosting_library_function           0x08001741   Thumb Code     0  indicate_semi.o(.text)
    __user_setup_stackheap                   0x08001741   Thumb Code    74  sys_stackheap_outer.o(.text)
    __rt_ctype_table                         0x0800178d   Thumb Code    16  rt_ctype_table.o(.text)
    __rt_locale                              0x0800179d   Thumb Code     8  rt_locale_intlibspace.o(.text)
    _printf_fp_infnan                        0x080017a5   Thumb Code   112  _printf_fp_infnan.o(.text)
    _btod_etento                             0x08001825   Thumb Code   224  bigflt0.o(.text)
    __flsbuf                                 0x08001909   Thumb Code   482  flsbuf.o(.text)
    __flsbuf_byte                            0x08001909   Thumb Code     0  flsbuf.o(.text)
    __flsbuf_wide                            0x08001909   Thumb Code     0  flsbuf.o(.text)
    setvbuf                                  0x08001aeb   Thumb Code    70  setvbuf.o(.text)
    freopen                                  0x08001b31   Thumb Code   160  fopen.o(.text)
    fopen                                    0x08001bd1   Thumb Code    74  fopen.o(.text)
    _fclose_internal                         0x08001c21   Thumb Code    76  fclose.o(.text)
    fclose                                   0x08001c21   Thumb Code     0  fclose.o(.text)
    exit                                     0x08001c6d   Thumb Code    18  exit.o(.text)
    __sig_exit                               0x08001c7f   Thumb Code    10  defsig_exit.o(.text)
    __rt_SIGRTRED                            0x08001c89   Thumb Code    14  defsig_rtred_outer.o(.text)
    __rt_SIGRTMEM_inner                      0x08001c99   Thumb Code    22  defsig_rtmem_inner.o(.text)
    __aeabi_memclr4                          0x08001ce9   Thumb Code     0  rt_memclr_w.o(.text)
    __aeabi_memclr8                          0x08001ce9   Thumb Code     0  rt_memclr_w.o(.text)
    __rt_memclr_w                            0x08001ce9   Thumb Code     0  rt_memclr_w.o(.text)
    _memset_w                                0x08001ced   Thumb Code    74  rt_memclr_w.o(.text)
    _sys_exit                                0x08001d39   Thumb Code     8  sys_exit.o(.text)
    _fseek                                   0x08001d45   Thumb Code   242  fseek.o(.text)
    fseek                                    0x08001d45   Thumb Code     0  fseek.o(.text)
    _seterr                                  0x08001e3d   Thumb Code    20  stdio.o(.text)
    _writebuf                                0x08001e51   Thumb Code   108  stdio.o(.text)
    _fflush                                  0x08001ebd   Thumb Code    70  stdio.o(.text)
    _deferredlazyseek                        0x08001f03   Thumb Code    60  stdio.o(.text)
    __default_signal_display                 0x08001f45   Thumb Code    50  defsig_general.o(.text)
    __rt_SIGRTRED_inner                      0x08001f79   Thumb Code    14  defsig_rtred_inner.o(.text)
    _ttywrch                                 0x08001fad   Thumb Code    14  sys_wrch.o(.text)
    _ftell_internal                          0x08001fbb   Thumb Code    66  ftell.o(.text)
    ftell                                    0x08001fbb   Thumb Code     0  ftell.o(.text)
    __aeabi_errno_addr                       0x08001ffd   Thumb Code     8  rt_errno_addr_intlibspace.o(.text)
    __errno$intlibspace                      0x08001ffd   Thumb Code     0  rt_errno_addr_intlibspace.o(.text)
    __rt_errno_addr$intlibspace              0x08001ffd   Thumb Code     0  rt_errno_addr_intlibspace.o(.text)
    App_TCBInitHook                          0x08002005   Thumb Code     8  app_hooks.o(.text.App_TCBInitHook)
    App_TaskCreateHook                       0x0800200d   Thumb Code     8  app_hooks.o(.text.App_TaskCreateHook)
    App_TaskDelHook                          0x08002015   Thumb Code     8  app_hooks.o(.text.App_TaskDelHook)
    App_TaskIdleHook                         0x0800201d   Thumb Code     2  app_hooks.o(.text.App_TaskIdleHook)
    App_TaskReturnHook                       0x08002021   Thumb Code     8  app_hooks.o(.text.App_TaskReturnHook)
    App_TaskStatHook                         0x08002029   Thumb Code     2  app_hooks.o(.text.App_TaskStatHook)
    App_TaskSwHook                           0x0800202d   Thumb Code     2  app_hooks.o(.text.App_TaskSwHook)
    App_TimeTickHook                         0x08002031   Thumb Code    50  main.o(.text.App_TimeTickHook)
    BusFault_Handler                         0x08002065   Thumb Code     4  stm32f4xx_it.o(.text.BusFault_Handler)
    DebounceSwitch                           0x08002069   Thumb Code    78  main.o(.text.DebounceSwitch)
    DebounceSwitch2                          0x080020b9   Thumb Code    78  main.o(.text.DebounceSwitch2)
    DebugMon_Handler                         0x08002109   Thumb Code     2  stm32f4xx_it.o(.text.DebugMon_Handler)
    EXTI0_IRQHandler                         0x0800210d   Thumb Code     2  stm32f4xx_it.o(.text.EXTI0_IRQHandler)
    EXTI15_10_IRQHandler                     0x08002111   Thumb Code     2  stm32f4xx_it.o(.text.EXTI15_10_IRQHandler)
    HardFault_Handler                        0x08002115   Thumb Code     4  stm32f4xx_it.o(.text.HardFault_Handler)
    ITM_SendChar                             0x08002119   Thumb Code    66  retarget_io.o(.text.ITM_SendChar)
    MemManage_Handler                        0x0800215d   Thumb Code     4  stm32f4xx_it.o(.text.MemManage_Handler)
    NMI_Handler                              0x08002161   Thumb Code     4  stm32f4xx_it.o(.text.NMI_Handler)
    OSDebugInit                              0x08002165   Thumb Code   466  os_dbg_r.o(.text.OSDebugInit)
    OSInit                                   0x08002339   Thumb Code    52  os_core.o(.text.OSInit)
    OSInitHookBegin                          0x0800236d   Thumb Code    90  os_cpu_c.o(.text.OSInitHookBegin)
    OSInitHookEnd                            0x080023c9   Thumb Code     2  os_cpu_c.o(.text.OSInitHookEnd)
    OSIntEnter                               0x080023cd   Thumb Code    52  os_core.o(.text.OSIntEnter)
    OSIntExit                                0x08002401   Thumb Code   210  os_core.o(.text.OSIntExit)
    OSMutexCreate                            0x080024d5   Thumb Code   314  os_mutex.o(.text.OSMutexCreate)
    OSMutexPend                              0x08002611   Thumb Code   870  os_mutex.o(.text.OSMutexPend)
    OSMutexPost                              0x08002979   Thumb Code   380  os_mutex.o(.text.OSMutexPost)
    OSSemCreate                              0x08002bd1   Thumb Code   146  os_sem.o(.text.OSSemCreate)
    OSSemPend                                0x08002c65   Thumb Code   332  os_sem.o(.text.OSSemPend)
    OSSemPost                                0x08002db1   Thumb Code   162  os_sem.o(.text.OSSemPost)
    OSStart                                  0x08002e55   Thumb Code    84  os_core.o(.text.OSStart)
    OSTCBInitHook                            0x08002ea9   Thumb Code    16  os_cpu_c.o(.text.OSTCBInitHook)
    OSTaskCreateExt                          0x08002eb9   Thumb Code   338  os_task.o(.text.OSTaskCreateExt)
    OSTaskCreateHook                         0x0800300d   Thumb Code    16  os_cpu_c.o(.text.OSTaskCreateHook)
    OSTaskDel                                0x0800301d   Thumb Code   578  os_task.o(.text.OSTaskDel)
    OSTaskDelHook                            0x08003261   Thumb Code    16  os_cpu_c.o(.text.OSTaskDelHook)
    OSTaskIdleHook                           0x08003271   Thumb Code     8  os_cpu_c.o(.text.OSTaskIdleHook)
    OSTaskNameSet                            0x08003279   Thumb Code   220  os_task.o(.text.OSTaskNameSet)
    OSTaskReturnHook                         0x08003355   Thumb Code    16  os_cpu_c.o(.text.OSTaskReturnHook)
    OSTaskStatHook                           0x08003365   Thumb Code     8  os_cpu_c.o(.text.OSTaskStatHook)
    OSTaskStkChk                             0x0800336d   Thumb Code   286  os_task.o(.text.OSTaskStkChk)
    OSTaskStkInit                            0x0800348d   Thumb Code   270  os_cpu_c.o(.text.OSTaskStkInit)
    OSTaskSuspend                            0x0800359d   Thumb Code   340  os_task.o(.text.OSTaskSuspend)
    OSTaskSwHook                             0x080036f1   Thumb Code     8  os_cpu_c.o(.text.OSTaskSwHook)
    OSTimeDly                                0x080036f9   Thumb Code   178  os_time.o(.text.OSTimeDly)
    OSTimeTick                               0x080037ad   Thumb Code   364  os_core.o(.text.OSTimeTick)
    OSTimeTickHook                           0x08003919   Thumb Code     8  os_cpu_c.o(.text.OSTimeTickHook)
    OS_CPU_SysTickHandler                    0x08003921   Thumb Code    42  os_cpu_c.o(.text.OS_CPU_SysTickHandler)
    OS_Dummy                                 0x0800394d   Thumb Code     2  os_core.o(.text.OS_Dummy)
    OS_EventTaskRdy                          0x08003951   Thumb Code   228  os_core.o(.text.OS_EventTaskRdy)
    OS_EventTaskRemove                       0x08003a35   Thumb Code    76  os_core.o(.text.OS_EventTaskRemove)
    OS_EventTaskRemoveMulti                  0x08003a81   Thumb Code   118  os_core.o(.text.OS_EventTaskRemoveMulti)
    OS_EventTaskWait                         0x08003af9   Thumb Code   130  os_core.o(.text.OS_EventTaskWait)
    OS_EventWaitListInit                     0x08003b7d   Thumb Code    56  os_core.o(.text.OS_EventWaitListInit)
    OS_FlagInit                              0x08003bb5   Thumb Code   166  os_flag.o(.text.OS_FlagInit)
    OS_FlagUnlink                            0x08003c5d   Thumb Code    88  os_flag.o(.text.OS_FlagUnlink)
    OS_MemClr                                0x08003f9d   Thumb Code    44  os_core.o(.text.OS_MemClr)
    OS_MemInit                               0x08003fc9   Thumb Code   156  os_mem.o(.text.OS_MemInit)
    OS_QInit                                 0x08004065   Thumb Code   144  os_q.o(.text.OS_QInit)
    OS_Sched                                 0x080040f5   Thumb Code   156  os_core.o(.text.OS_Sched)
    OS_TCBInit                               0x080041cd   Thumb Code   538  os_core.o(.text.OS_TCBInit)
    OS_TaskIdle                              0x080043e9   Thumb Code    54  os_core.o(.text.OS_TaskIdle)
    OS_TaskReturn                            0x08004421   Thumb Code    24  os_task.o(.text.OS_TaskReturn)
    OS_TaskStat                              0x08004439   Thumb Code   338  os_core.o(.text.OS_TaskStat)
    OS_TaskStatStkChk                        0x0800458d   Thumb Code   118  os_core.o(.text.OS_TaskStatStkChk)
    OS_TaskStkClr                            0x08004605   Thumb Code    66  os_task.o(.text.OS_TaskStkClr)
    OTG_FS_IRQHandler                        0x08004649   Thumb Code     2  stm32f4xx_it.o(.text.OTG_FS_IRQHandler)
    SVC_Handler                              0x0800464d   Thumb Code     2  stm32f4xx_it.o(.text.SVC_Handler)
    SystemCoreClockUpdate                    0x08004651   Thumb Code   302  system_stm32f4xx.o(.text.SystemCoreClockUpdate)
    SystemInit                               0x08004781   Thumb Code     2  system_stm32f4xx.o(.text.SystemInit)
    Task_ColourSampling                      0x08004785   Thumb Code   182  main.o(.text.Task_ColourSampling)
    Task_OLEDUpdate                          0x0800483d   Thumb Code  3430  main.o(.text.Task_OLEDUpdate)
    Task_Veml_LedToggle                      0x080055a5   Thumb Code    78  main.o(.text.Task_Veml_LedToggle)
    UsageFault_Handler                       0x080055f5   Thumb Code     4  stm32f4xx_it.o(.text.UsageFault_Handler)
    _sys_close                               0x080055f9   Thumb Code    74  retarget_io.o(.text._sys_close)
    _sys_flen                                0x08005645   Thumb Code    72  retarget_io.o(.text._sys_flen)
    _sys_istty                               0x0800568d   Thumb Code    72  retarget_io.o(.text._sys_istty)
    _sys_open                                0x080056d5   Thumb Code   132  retarget_io.o(.text._sys_open)
    _sys_seek                                0x08005759   Thumb Code    82  retarget_io.o(.text._sys_seek)
    _sys_write                               0x080057ad   Thumb Code   118  retarget_io.o(.text._sys_write)
    bsp_flash_init                           0x08005825   Thumb Code    38  bsp_system.o(.text.bsp_flash_init)
    bsp_gpio_PA6_get_state                   0x0800584d   Thumb Code    14  bsp_gpio.o(.text.bsp_gpio_PA6_get_state)
    bsp_gpio_PA6_init                        0x0800585d   Thumb Code    48  bsp_gpio.o(.text.bsp_gpio_PA6_init)
    bsp_gpio_PA7_init                        0x0800588d   Thumb Code    78  bsp_gpio.o(.text.bsp_gpio_PA7_init)
    bsp_gpio_PA7_reset                       0x080058dd   Thumb Code    16  bsp_gpio.o(.text.bsp_gpio_PA7_reset)
    bsp_gpio_PA7_set                         0x080058ed   Thumb Code    16  bsp_gpio.o(.text.bsp_gpio_PA7_set)
    bsp_gpio_user_key_get_state              0x080058fd   Thumb Code    14  bsp_gpio.o(.text.bsp_gpio_user_key_get_state)
    bsp_gpio_user_key_init                   0x0800590d   Thumb Code    48  bsp_gpio.o(.text.bsp_gpio_user_key_init)
    bsp_i2c_init                             0x0800593d   Thumb Code   440  bsp_i2c.o(.text.bsp_i2c_init)
    bsp_i2c_master_receive                   0x08005af5   Thumb Code   792  bsp_i2c.o(.text.bsp_i2c_master_receive)
    bsp_i2c_master_receive_reg               0x08005e0d   Thumb Code   384  bsp_i2c.o(.text.bsp_i2c_master_receive_reg)
    bsp_i2c_master_transfer                  0x08005f8d   Thumb Code   374  bsp_i2c.o(.text.bsp_i2c_master_transfer)
    bsp_system_init                          0x080062e1   Thumb Code    16  bsp_system.o(.text.bsp_system_init)
    main                                     0x0800634d   Thumb Code   358  main.o(.text.main)
    sdd1306_clear_area                       0x080064b5   Thumb Code   100  sdd1306.o(.text.sdd1306_clear_area)
    sdd1306_draw                             0x08006519   Thumb Code   112  sdd1306.o(.text.sdd1306_draw)
    sdd1306_init                             0x08006589   Thumb Code   100  sdd1306.o(.text.sdd1306_init)
    veml6040_get_data_raw                    0x080065fd   Thumb Code   166  veml6040.o(.text.veml6040_get_data_raw)
    veml6040_init                            0x080066a5   Thumb Code    32  veml6040.o(.text.veml6040_init)
    _btod_d2e                                0x080066c5   Thumb Code    62  btod.o(CL$$btod_d2e)
    _d2e_denorm_low                          0x08006703   Thumb Code    70  btod.o(CL$$btod_d2e_denorm_low)
    _d2e_norm_op1                            0x08006749   Thumb Code    96  btod.o(CL$$btod_d2e_norm_op1)
    __btod_div_common                        0x080067a9   Thumb Code   696  btod.o(CL$$btod_div_common)
    _e2e                                     0x08006ae1   Thumb Code   220  btod.o(CL$$btod_e2e)
    _btod_ediv                               0x08006bbd   Thumb Code    42  btod.o(CL$$btod_ediv)
    _btod_emul                               0x08006be7   Thumb Code    42  btod.o(CL$$btod_emul)
    __btod_mult_common                       0x08006c11   Thumb Code   580  btod.o(CL$$btod_mult_common)
    __ARM_fpclassify                         0x08006e55   Thumb Code    40  fpclassify.o(i.__ARM_fpclassify)
    _is_digit                                0x08006e7d   Thumb Code    14  __printf_wp.o(i._is_digit)
    fputc                                    0x08006e8b   Thumb Code    28  fputc.o(i.fputc)
    _get_lc_numeric                          0x08006ea9   Thumb Code    44  lc_numeric_c.o(locale$$code)
    _get_lc_ctype                            0x08006ed5   Thumb Code    44  lc_ctype_c.o(locale$$code)
    _printf_fp_dec                           0x08006f01   Thumb Code     4  printf1.o(x$fpl$printf1)
    _printf_fp_hex                           0x08006f05   Thumb Code     4  printf2.o(x$fpl$printf2)
    __I$use$fp                               0x08006f08   Number         0  usenofp.o(x$fpl$usenofp)
    AHBPrescTable                            0x0800701e   Data          16  system_stm32f4xx.o(.rodata.AHBPrescTable)
    APBPrescTable                            0x0800702e   Data           8  system_stm32f4xx.o(.rodata.APBPrescTable)
    OSDataSize                               0x08007036   Data           2  os_dbg_r.o(.rodata.OSDataSize)
    OSDebugEn                                0x08007038   Data           2  os_dbg_r.o(.rodata.OSDebugEn)
    OSEndiannessTest                         0x0800703c   Data           4  os_dbg_r.o(.rodata.OSEndiannessTest)
    OSEventEn                                0x08007040   Data           2  os_dbg_r.o(.rodata.OSEventEn)
    OSEventMax                               0x08007042   Data           2  os_dbg_r.o(.rodata.OSEventMax)
    OSEventMultiEn                           0x08007044   Data           2  os_dbg_r.o(.rodata.OSEventMultiEn)
    OSEventNameEn                            0x08007046   Data           2  os_dbg_r.o(.rodata.OSEventNameEn)
    OSEventSize                              0x08007048   Data           2  os_dbg_r.o(.rodata.OSEventSize)
    OSEventTblSize                           0x0800704a   Data           2  os_dbg_r.o(.rodata.OSEventTblSize)
    OSFlagEn                                 0x0800704c   Data           2  os_dbg_r.o(.rodata.OSFlagEn)
    OSFlagGrpSize                            0x0800704e   Data           2  os_dbg_r.o(.rodata.OSFlagGrpSize)
    OSFlagMax                                0x08007050   Data           2  os_dbg_r.o(.rodata.OSFlagMax)
    OSFlagNameEn                             0x08007052   Data           2  os_dbg_r.o(.rodata.OSFlagNameEn)
    OSFlagNodeSize                           0x08007054   Data           2  os_dbg_r.o(.rodata.OSFlagNodeSize)
    OSFlagWidth                              0x08007056   Data           2  os_dbg_r.o(.rodata.OSFlagWidth)
    OSLowestPrio                             0x08007058   Data           2  os_dbg_r.o(.rodata.OSLowestPrio)
    OSMboxEn                                 0x0800705a   Data           2  os_dbg_r.o(.rodata.OSMboxEn)
    OSMemEn                                  0x0800705c   Data           2  os_dbg_r.o(.rodata.OSMemEn)
    OSMemMax                                 0x0800705e   Data           2  os_dbg_r.o(.rodata.OSMemMax)
    OSMemNameEn                              0x08007060   Data           2  os_dbg_r.o(.rodata.OSMemNameEn)
    OSMemSize                                0x08007062   Data           2  os_dbg_r.o(.rodata.OSMemSize)
    OSMemTblSize                             0x08007064   Data           2  os_dbg_r.o(.rodata.OSMemTblSize)
    OSMutexEn                                0x08007066   Data           2  os_dbg_r.o(.rodata.OSMutexEn)
    OSPtrSize                                0x08007068   Data           2  os_dbg_r.o(.rodata.OSPtrSize)
    OSQEn                                    0x0800706a   Data           2  os_dbg_r.o(.rodata.OSQEn)
    OSQMax                                   0x0800706c   Data           2  os_dbg_r.o(.rodata.OSQMax)
    OSQSize                                  0x0800706e   Data           2  os_dbg_r.o(.rodata.OSQSize)
    OSRdyTblSize                             0x08007070   Data           2  os_dbg_r.o(.rodata.OSRdyTblSize)
    OSSemEn                                  0x08007072   Data           2  os_dbg_r.o(.rodata.OSSemEn)
    OSStkWidth                               0x08007074   Data           2  os_dbg_r.o(.rodata.OSStkWidth)
    OSTCBPrioTblMax                          0x08007076   Data           2  os_dbg_r.o(.rodata.OSTCBPrioTblMax)
    OSTCBSize                                0x08007078   Data           2  os_dbg_r.o(.rodata.OSTCBSize)
    OSTaskCreateEn                           0x0800707a   Data           2  os_dbg_r.o(.rodata.OSTaskCreateEn)
    OSTaskCreateExtEn                        0x0800707c   Data           2  os_dbg_r.o(.rodata.OSTaskCreateExtEn)
    OSTaskDelEn                              0x0800707e   Data           2  os_dbg_r.o(.rodata.OSTaskDelEn)
    OSTaskIdleStkSize                        0x08007080   Data           2  os_dbg_r.o(.rodata.OSTaskIdleStkSize)
    OSTaskMax                                0x08007082   Data           2  os_dbg_r.o(.rodata.OSTaskMax)
    OSTaskNameEn                             0x08007084   Data           2  os_dbg_r.o(.rodata.OSTaskNameEn)
    OSTaskProfileEn                          0x08007086   Data           2  os_dbg_r.o(.rodata.OSTaskProfileEn)
    OSTaskStatEn                             0x08007088   Data           2  os_dbg_r.o(.rodata.OSTaskStatEn)
    OSTaskStatStkChkEn                       0x0800708a   Data           2  os_dbg_r.o(.rodata.OSTaskStatStkChkEn)
    OSTaskStatStkSize                        0x0800708c   Data           2  os_dbg_r.o(.rodata.OSTaskStatStkSize)
    OSTaskSwHookEn                           0x0800708e   Data           2  os_dbg_r.o(.rodata.OSTaskSwHookEn)
    OSTicksPerSec                            0x08007090   Data           2  os_dbg_r.o(.rodata.OSTicksPerSec)
    OSTimeTickHookEn                         0x08007092   Data           2  os_dbg_r.o(.rodata.OSTimeTickHookEn)
    OSUnMapTbl                               0x08007094   Data         256  os_core.o(.rodata.OSUnMapTbl)
    OSVersionNbr                             0x08007194   Data           2  os_dbg_r.o(.rodata.OSVersionNbr)
    __stderr_name                            0x08007196   Data           8  retarget_io.o(.rodata.__stderr_name)
    __stdin_name                             0x0800719e   Data           7  retarget_io.o(.rodata.__stdin_name)
    __stdout_name                            0x080071a5   Data           8  retarget_io.o(.rodata.__stdout_name)
    Region$$Table$$Base                      0x08007460   Number         0  anon$$obj.o(Region$$Table)
    Region$$Table$$Limit                     0x08007480   Number         0  anon$$obj.o(Region$$Table)
    __ctype                                  0x080074a9   Data           0  lc_ctype_c.o(locale$$data)
    __aeabi_stdin                            0x20000000   Data           4  stdio_streams.o(.data)
    __aeabi_stdout                           0x20000004   Data           4  stdio_streams.o(.data)
    __aeabi_stderr                           0x20000008   Data           4  stdio_streams.o(.data)
    SystemCoreClock                          0x2000000c   Data           4  system_stm32f4xx.o(.data.SystemCoreClock)
    __stdin                                  0x20000418   Data          84  stdio_streams.o(.bss)
    __stdout                                 0x2000046c   Data          84  stdio_streams.o(.bss)
    __stderr                                 0x200004c0   Data          84  stdio_streams.o(.bss)
    __libspace_start                         0x20000514   Data          96  libspace.o(.bss)
    ChangeMode                               0x20000574   Data           1  main.o(.bss.ChangeMode)
    __temporary_stack_top$libspace           0x20000574   Data           0  libspace.o(.bss)
    OSCPUUsage                               0x2000057a   Data           1  os_core.o(.bss.OSCPUUsage)
    OSCtxSwCtr                               0x2000057c   Data           4  os_core.o(.bss.OSCtxSwCtr)
    OSEventFreeList                          0x20000580   Data           4  os_core.o(.bss.OSEventFreeList)
    OSEventTbl                               0x20000584   Data         240  os_core.o(.bss.OSEventTbl)
    OSFlagFreeList                           0x20000674   Data           4  os_core.o(.bss.OSFlagFreeList)
    OSFlagTbl                                0x20000678   Data          80  os_core.o(.bss.OSFlagTbl)
    OSIdleCtr                                0x200006c8   Data           4  os_core.o(.bss.OSIdleCtr)
    OSIdleCtrMax                             0x200006cc   Data           4  os_core.o(.bss.OSIdleCtrMax)
    OSIdleCtrRun                             0x200006d0   Data           4  os_core.o(.bss.OSIdleCtrRun)
    OSIntNesting                             0x200006d4   Data           1  os_core.o(.bss.OSIntNesting)
    OSLockNesting                            0x200006d5   Data           1  os_core.o(.bss.OSLockNesting)
    OSMemFreeList                            0x200006d8   Data           4  os_core.o(.bss.OSMemFreeList)
    OSMemTbl                                 0x200006dc   Data         120  os_core.o(.bss.OSMemTbl)
    OSPrioCur                                0x20000754   Data           1  os_core.o(.bss.OSPrioCur)
    OSPrioHighRdy                            0x20000755   Data           1  os_core.o(.bss.OSPrioHighRdy)
    OSQFreeList                              0x20000758   Data           4  os_core.o(.bss.OSQFreeList)
    OSQTbl                                   0x2000075c   Data          96  os_core.o(.bss.OSQTbl)
    OSRdyGrp                                 0x200007bc   Data           1  os_core.o(.bss.OSRdyGrp)
    OSRdyTbl                                 0x200007bd   Data           8  os_core.o(.bss.OSRdyTbl)
    OSRunning                                0x200007c5   Data           1  os_core.o(.bss.OSRunning)
    OSStatRdy                                0x200007c6   Data           1  os_core.o(.bss.OSStatRdy)
    OSTCBCur                                 0x200007c8   Data           4  os_core.o(.bss.OSTCBCur)
    OSTCBFreeList                            0x200007cc   Data           4  os_core.o(.bss.OSTCBFreeList)
    OSTCBHighRdy                             0x200007d0   Data           4  os_core.o(.bss.OSTCBHighRdy)
    OSTCBList                                0x200007d4   Data           4  os_core.o(.bss.OSTCBList)
    OSTCBPrioTbl                             0x200007d8   Data         256  os_core.o(.bss.OSTCBPrioTbl)
    OSTCBTbl                                 0x200008d8   Data        2024  os_core.o(.bss.OSTCBTbl)
    OSTaskCtr                                0x200010c0   Data           1  os_core.o(.bss.OSTaskCtr)
    OSTaskIdleStk                            0x200010c4   Data         512  os_core.o(.bss.OSTaskIdleStk)
    OSTaskRegNextAvailID                     0x200012c4   Data           1  os_core.o(.bss.OSTaskRegNextAvailID)
    OSTaskStatStk                            0x200012c8   Data         512  os_core.o(.bss.OSTaskStatStk)
    OSTickStepState                          0x200014c8   Data           1  os_core.o(.bss.OSTickStepState)
    OSTime                                   0x200014cc   Data           4  os_core.o(.bss.OSTime)
    OS_CPU_ExceptStk                         0x200014d0   Data        1024  os_cpu_c.o(.bss.OS_CPU_ExceptStk)
    OS_CPU_ExceptStkBase                     0x200018d0   Data           4  os_cpu_c.o(.bss.OS_CPU_ExceptStkBase)
    OS_KA_BASEPRI_Boundary                   0x200018d4   Data           4  os_cpu_c.o(.bss.OS_KA_BASEPRI_Boundary)
    RGBCount                                 0x200018d8   Data           4  main.o(.bss.RGBCount)
    RGBCountMutex                            0x200018dc   Data           4  main.o(.bss.RGBCountMutex)
    TaskStk_ColourSampling                   0x200018e0   Data        2048  main.o(.bss.TaskStk_ColourSampling)
    TaskStk_OLEDUpdate                       0x200020e0   Data        2048  main.o(.bss.TaskStk_OLEDUpdate)
    TaskStk_Veml_LedToggle                   0x200028e0   Data         256  main.o(.bss.TaskStk_Veml_LedToggle)
    err                                      0x200029e0   Data           1  main.o(.bss.err)
    i2cMutex                                 0x200029e4   Data           4  main.o(.bss.i2cMutex)
    pa6switchSem                             0x200029e8   Data           4  main.o(.bss.pa6switchSem)
    tmpreg                                   0x200029ec   Data           4  bsp_system.o(.bss.tmpreg)



==============================================================================

Memory Map of the image

  Image Entry point : 0x08000425

  Load Region LR_1 (Base: 0x08000000, Size: 0x000079c0, Max: 0xffffffff, ABSOLUTE, COMPRESSED[0x000075bc])

    Execution Region ER_RO (Exec base: 0x08000000, Load base: 0x08000000, Size: 0x000075ac, Max: 0xffffffff, ABSOLUTE)

    Exec Addr    Load Addr    Size         Type   Attr      Idx    E Section Name        Object

    0x08000000   0x08000000   0x00000198   Data   RO          653    RESET               startup_stm32f411xe.o
    0x08000198   0x08000198   0x00000008   Code   RO          738  * !!!main             c_w.l(__main.o)
    0x080001a0   0x080001a0   0x00000034   Code   RO         1193    !!!scatter          c_w.l(__scatter.o)
    0x080001d4   0x080001d4   0x0000003a   Code   RO         1191    !!dczerorl          c_w.l(__dczerorl.o)
    0x0800020e   0x0800020e   0x00000002   PAD
    0x08000210   0x08000210   0x0000001c   Code   RO         1195    !!handler_zi        c_w.l(__scatter_zi.o)
    0x0800022c   0x0800022c   0x00000000   Code   RO          851    .ARM.Collect$$_printf_percent$$00000000  c_w.l(_printf_percent.o)
    0x0800022c   0x0800022c   0x00000006   Code   RO          840    .ARM.Collect$$_printf_percent$$00000001  c_w.l(_printf_n.o)
    0x08000232   0x08000232   0x00000006   Code   RO          842    .ARM.Collect$$_printf_percent$$00000002  c_w.l(_printf_p.o)
    0x08000238   0x08000238   0x00000006   Code   RO          847    .ARM.Collect$$_printf_percent$$00000003  c_w.l(_printf_f.o)
    0x0800023e   0x0800023e   0x00000006   Code   RO          848    .ARM.Collect$$_printf_percent$$00000004  c_w.l(_printf_e.o)
    0x08000244   0x08000244   0x00000006   Code   RO          849    .ARM.Collect$$_printf_percent$$00000005  c_w.l(_printf_g.o)
    0x0800024a   0x0800024a   0x00000006   Code   RO          850    .ARM.Collect$$_printf_percent$$00000006  c_w.l(_printf_a.o)
    0x08000250   0x08000250   0x0000000a   Code   RO          855    .ARM.Collect$$_printf_percent$$00000007  c_w.l(_printf_ll.o)
    0x0800025a   0x0800025a   0x00000006   Code   RO          844    .ARM.Collect$$_printf_percent$$00000008  c_w.l(_printf_i.o)
    0x08000260   0x08000260   0x00000006   Code   RO          845    .ARM.Collect$$_printf_percent$$00000009  c_w.l(_printf_d.o)
    0x08000266   0x08000266   0x00000006   Code   RO          846    .ARM.Collect$$_printf_percent$$0000000A  c_w.l(_printf_u.o)
    0x0800026c   0x0800026c   0x00000006   Code   RO          843    .ARM.Collect$$_printf_percent$$0000000B  c_w.l(_printf_o.o)
    0x08000272   0x08000272   0x00000006   Code   RO          841    .ARM.Collect$$_printf_percent$$0000000C  c_w.l(_printf_x.o)
    0x08000278   0x08000278   0x00000006   Code   RO          852    .ARM.Collect$$_printf_percent$$0000000D  c_w.l(_printf_lli.o)
    0x0800027e   0x0800027e   0x00000006   Code   RO          853    .ARM.Collect$$_printf_percent$$0000000E  c_w.l(_printf_lld.o)
    0x08000284   0x08000284   0x00000006   Code   RO          854    .ARM.Collect$$_printf_percent$$0000000F  c_w.l(_printf_llu.o)
    0x0800028a   0x0800028a   0x00000006   Code   RO          859    .ARM.Collect$$_printf_percent$$00000010  c_w.l(_printf_llo.o)
    0x08000290   0x08000290   0x00000006   Code   RO          860    .ARM.Collect$$_printf_percent$$00000011  c_w.l(_printf_llx.o)
    0x08000296   0x08000296   0x0000000a   Code   RO          856    .ARM.Collect$$_printf_percent$$00000012  c_w.l(_printf_l.o)
    0x080002a0   0x080002a0   0x00000006   Code   RO          838    .ARM.Collect$$_printf_percent$$00000013  c_w.l(_printf_c.o)
    0x080002a6   0x080002a6   0x00000006   Code   RO          839    .ARM.Collect$$_printf_percent$$00000014  c_w.l(_printf_s.o)
    0x080002ac   0x080002ac   0x00000006   Code   RO          857    .ARM.Collect$$_printf_percent$$00000015  c_w.l(_printf_lc.o)
    0x080002b2   0x080002b2   0x00000006   Code   RO          858    .ARM.Collect$$_printf_percent$$00000016  c_w.l(_printf_ls.o)
    0x080002b8   0x080002b8   0x00000004   Code   RO          973    .ARM.Collect$$_printf_percent$$00000017  c_w.l(_printf_percent_end.o)
    0x080002bc   0x080002bc   0x00000002   Code   RO         1085    .ARM.Collect$$libinit$$00000000  c_w.l(libinit.o)
    0x080002be   0x080002be   0x00000000   Code   RO          872    .ARM.Collect$$libinit$$00000002  c_w.l(libinit2.o)
    0x080002be   0x080002be   0x00000000   Code   RO          874    .ARM.Collect$$libinit$$00000004  c_w.l(libinit2.o)
    0x080002be   0x080002be   0x00000000   Code   RO          876    .ARM.Collect$$libinit$$00000006  c_w.l(libinit2.o)
    0x080002be   0x080002be   0x00000008   Code   RO          877    .ARM.Collect$$libinit$$00000007  c_w.l(libinit2.o)
    0x080002c6   0x080002c6   0x00000000   Code   RO          879    .ARM.Collect$$libinit$$0000000C  c_w.l(libinit2.o)
    0x080002c6   0x080002c6   0x00000000   Code   RO          881    .ARM.Collect$$libinit$$0000000E  c_w.l(libinit2.o)
    0x080002c6   0x080002c6   0x00000000   Code   RO          883    .ARM.Collect$$libinit$$00000010  c_w.l(libinit2.o)
    0x080002c6   0x080002c6   0x00000006   Code   RO          884    .ARM.Collect$$libinit$$00000011  c_w.l(libinit2.o)
    0x080002cc   0x080002cc   0x00000000   Code   RO          886    .ARM.Collect$$libinit$$00000013  c_w.l(libinit2.o)
    0x080002cc   0x080002cc   0x0000000c   Code   RO          887    .ARM.Collect$$libinit$$00000014  c_w.l(libinit2.o)
    0x080002d8   0x080002d8   0x00000000   Code   RO          888    .ARM.Collect$$libinit$$00000015  c_w.l(libinit2.o)
    0x080002d8   0x080002d8   0x00000000   Code   RO          890    .ARM.Collect$$libinit$$00000017  c_w.l(libinit2.o)
    0x080002d8   0x080002d8   0x0000000a   Code   RO          891    .ARM.Collect$$libinit$$00000018  c_w.l(libinit2.o)
    0x080002e2   0x080002e2   0x00000000   Code   RO          892    .ARM.Collect$$libinit$$00000019  c_w.l(libinit2.o)
    0x080002e2   0x080002e2   0x00000000   Code   RO          894    .ARM.Collect$$libinit$$0000001B  c_w.l(libinit2.o)
    0x080002e2   0x080002e2   0x00000000   Code   RO          896    .ARM.Collect$$libinit$$0000001D  c_w.l(libinit2.o)
    0x080002e2   0x080002e2   0x00000000   Code   RO          898    .ARM.Collect$$libinit$$0000001F  c_w.l(libinit2.o)
    0x080002e2   0x080002e2   0x00000000   Code   RO          900    .ARM.Collect$$libinit$$00000021  c_w.l(libinit2.o)
    0x080002e2   0x080002e2   0x00000000   Code   RO          902    .ARM.Collect$$libinit$$00000023  c_w.l(libinit2.o)
    0x080002e2   0x080002e2   0x00000000   Code   RO          904    .ARM.Collect$$libinit$$00000025  c_w.l(libinit2.o)
    0x080002e2   0x080002e2   0x00000004   Code   RO          905    .ARM.Collect$$libinit$$00000026  c_w.l(libinit2.o)
    0x080002e6   0x080002e6   0x00000000   Code   RO          906    .ARM.Collect$$libinit$$00000027  c_w.l(libinit2.o)
    0x080002e6   0x080002e6   0x00000000   Code   RO          910    .ARM.Collect$$libinit$$0000002E  c_w.l(libinit2.o)
    0x080002e6   0x080002e6   0x00000000   Code   RO          912    .ARM.Collect$$libinit$$00000030  c_w.l(libinit2.o)
    0x080002e6   0x080002e6   0x00000000   Code   RO          914    .ARM.Collect$$libinit$$00000032  c_w.l(libinit2.o)
    0x080002e6   0x080002e6   0x00000000   Code   RO          916    .ARM.Collect$$libinit$$00000034  c_w.l(libinit2.o)
    0x080002e6   0x080002e6   0x00000002   Code   RO          917    .ARM.Collect$$libinit$$00000035  c_w.l(libinit2.o)
    0x080002e8   0x080002e8   0x00000002   Code   RO         1188    .ARM.Collect$$libshutdown$$00000000  c_w.l(libshutdown.o)
    0x080002ea   0x080002ea   0x00000000   Code   RO         1087    .ARM.Collect$$libshutdown$$00000002  c_w.l(libshutdown2.o)
    0x080002ea   0x080002ea   0x00000004   Code   RO         1088    .ARM.Collect$$libshutdown$$00000003  c_w.l(libshutdown2.o)
    0x080002ee   0x080002ee   0x00000000   Code   RO         1089    .ARM.Collect$$libshutdown$$00000004  c_w.l(libshutdown2.o)
    0x080002ee   0x080002ee   0x00000000   Code   RO         1092    .ARM.Collect$$libshutdown$$00000007  c_w.l(libshutdown2.o)
    0x080002ee   0x080002ee   0x00000000   Code   RO         1095    .ARM.Collect$$libshutdown$$0000000A  c_w.l(libshutdown2.o)
    0x080002ee   0x080002ee   0x00000000   Code   RO         1097    .ARM.Collect$$libshutdown$$0000000C  c_w.l(libshutdown2.o)
    0x080002ee   0x080002ee   0x00000000   Code   RO         1100    .ARM.Collect$$libshutdown$$0000000F  c_w.l(libshutdown2.o)
    0x080002ee   0x080002ee   0x00000002   Code   RO         1101    .ARM.Collect$$libshutdown$$00000010  c_w.l(libshutdown2.o)
    0x080002f0   0x080002f0   0x00000000   Code   RO          742    .ARM.Collect$$rtentry$$00000000  c_w.l(__rtentry.o)
    0x080002f0   0x080002f0   0x00000000   Code   RO          934    .ARM.Collect$$rtentry$$00000002  c_w.l(__rtentry2.o)
    0x080002f0   0x080002f0   0x00000006   Code   RO          946    .ARM.Collect$$rtentry$$00000004  c_w.l(__rtentry4.o)
    0x080002f6   0x080002f6   0x00000000   Code   RO          936    .ARM.Collect$$rtentry$$00000009  c_w.l(__rtentry2.o)
    0x080002f6   0x080002f6   0x00000004   Code   RO          937    .ARM.Collect$$rtentry$$0000000A  c_w.l(__rtentry2.o)
    0x080002fa   0x080002fa   0x00000000   Code   RO          939    .ARM.Collect$$rtentry$$0000000C  c_w.l(__rtentry2.o)
    0x080002fa   0x080002fa   0x00000008   Code   RO          940    .ARM.Collect$$rtentry$$0000000D  c_w.l(__rtentry2.o)
    0x08000302   0x08000302   0x00000002   Code   RO         1113    .ARM.Collect$$rtexit$$00000000  c_w.l(rtexit.o)
    0x08000304   0x08000304   0x00000000   Code   RO         1147    .ARM.Collect$$rtexit$$00000002  c_w.l(rtexit2.o)
    0x08000304   0x08000304   0x00000004   Code   RO         1148    .ARM.Collect$$rtexit$$00000003  c_w.l(rtexit2.o)
    0x08000308   0x08000308   0x00000006   Code   RO         1149    .ARM.Collect$$rtexit$$00000004  c_w.l(rtexit2.o)
    0x0800030e   0x0800030e   0x00000002   PAD
    0x08000310   0x08000310   0x00000114   Code   RO          547    .text               os_cpu_a.o
    0x08000424   0x08000424   0x00000040   Code   RO          654  * .text               startup_stm32f411xe.o
    0x08000464   0x08000464   0x0000005e   Code   RO          676    .text               c_w.l(h1_alloc.o)
    0x080004c2   0x080004c2   0x00000002   PAD
    0x080004c4   0x080004c4   0x00000018   Code   RO          730    .text               c_w.l(printf.o)
    0x080004dc   0x080004dc   0x0000008a   Code   RO          732    .text               c_w.l(rt_memcpy_v6.o)
    0x08000566   0x08000566   0x00000002   PAD
    0x08000568   0x08000568   0x0000007c   Code   RO          734    .text               c_w.l(strcmpv7em.o)
    0x080005e4   0x080005e4   0x00000006   Code   RO          736    .text               c_w.l(heapauxi.o)
    0x080005ea   0x080005ea   0x00000002   PAD
    0x080005ec   0x080005ec   0x00000008   Code   RO          746    .text               c_w.l(rt_heap_descriptor_intlibspace.o)
    0x080005f4   0x080005f4   0x00000004   Code   RO          748    .text               c_w.l(hguard.o)
    0x080005f8   0x080005f8   0x0000008a   Code   RO          750    .text               c_w.l(init_alloc.o)
    0x08000682   0x08000682   0x0000000e   Code   RO          756    .text               c_w.l(h1_init.o)
    0x08000690   0x08000690   0x0000004e   Code   RO          758    .text               c_w.l(h1_free.o)
    0x080006de   0x080006de   0x0000004e   Code   RO          774    .text               c_w.l(_printf_pad.o)
    0x0800072c   0x0800072c   0x00000024   Code   RO          776    .text               c_w.l(_printf_truncate.o)
    0x08000750   0x08000750   0x00000052   Code   RO          778    .text               c_w.l(_printf_str.o)
    0x080007a2   0x080007a2   0x00000002   PAD
    0x080007a4   0x080007a4   0x00000078   Code   RO          780    .text               c_w.l(_printf_dec.o)
    0x0800081c   0x0800081c   0x00000028   Code   RO          782    .text               c_w.l(_printf_charcount.o)
    0x08000844   0x08000844   0x00000024   Code   RO          784    .text               c_w.l(_printf_char_file.o)
    0x08000868   0x08000868   0x000000bc   Code   RO          786    .text               c_w.l(_printf_wctomb.o)
    0x08000924   0x08000924   0x0000007c   Code   RO          789    .text               c_w.l(_printf_longlong_dec.o)
    0x080009a0   0x080009a0   0x00000070   Code   RO          795    .text               c_w.l(_printf_oct_int_ll.o)
    0x08000a10   0x08000a10   0x00000094   Code   RO          815    .text               c_w.l(_printf_hex_int_ll_ptr.o)
    0x08000aa4   0x08000aa4   0x00000188   Code   RO          835    .text               c_w.l(__printf_flags_ss_wp.o)
    0x08000c2c   0x08000c2c   0x00000064   Code   RO          867    .text               c_w.l(rt_memcpy_w.o)
    0x08000c90   0x08000c90   0x00000008   Code   RO          930    .text               c_w.l(libspace.o)
    0x08000c98   0x08000c98   0x00000000   Code   RO          950    .text               c_w.l(maybetermalloc1.o)
    0x08000c98   0x08000c98   0x00000034   Code   RO          952    .text               c_w.l(h1_extend.o)
    0x08000ccc   0x08000ccc   0x0000008a   Code   RO          956    .text               c_w.l(lludiv10.o)
    0x08000d56   0x08000d56   0x000000b2   Code   RO          958    .text               c_w.l(_printf_intcommon.o)
    0x08000e08   0x08000e08   0x0000041c   Code   RO          960    .text               c_w.l(_printf_fp_dec.o)
    0x08001224   0x08001224   0x000002fc   Code   RO          964    .text               c_w.l(_printf_fp_hex.o)
    0x08001520   0x08001520   0x00000030   Code   RO          967    .text               c_w.l(_printf_char_common.o)
    0x08001550   0x08001550   0x0000002c   Code   RO          969    .text               c_w.l(_printf_char.o)
    0x0800157c   0x0800157c   0x0000002c   Code   RO          971    .text               c_w.l(_printf_wchar.o)
    0x080015a8   0x080015a8   0x00000008   Code   RO          974    .text               c_w.l(ferror.o)
    0x080015b0   0x080015b0   0x00000138   Code   RO          980    .text               c_w.l(initio.o)
    0x080016e8   0x080016e8   0x00000048   Code   RO          988    .text               c_w.l(_c16rtomb.o)
    0x08001730   0x08001730   0x0000000e   Code   RO          990    .text               c_w.l(defsig_rtmem_outer.o)
    0x0800173e   0x0800173e   0x00000002   Code   RO         1001    .text               c_w.l(use_no_semi.o)
    0x08001740   0x08001740   0x00000000   Code   RO         1003    .text               c_w.l(indicate_semi.o)
    0x08001740   0x08001740   0x0000004a   Code   RO         1004    .text               c_w.l(sys_stackheap_outer.o)
    0x0800178a   0x0800178a   0x00000002   PAD
    0x0800178c   0x0800178c   0x00000010   Code   RO         1006    .text               c_w.l(rt_ctype_table.o)
    0x0800179c   0x0800179c   0x00000008   Code   RO         1013    .text               c_w.l(rt_locale_intlibspace.o)
    0x080017a4   0x080017a4   0x00000080   Code   RO         1017    .text               c_w.l(_printf_fp_infnan.o)
    0x08001824   0x08001824   0x000000e4   Code   RO         1021    .text               c_w.l(bigflt0.o)
    0x08001908   0x08001908   0x000001e2   Code   RO         1048    .text               c_w.l(flsbuf.o)
    0x08001aea   0x08001aea   0x00000046   Code   RO         1050    .text               c_w.l(setvbuf.o)
    0x08001b30   0x08001b30   0x000000f0   Code   RO         1053    .text               c_w.l(fopen.o)
    0x08001c20   0x08001c20   0x0000004c   Code   RO         1055    .text               c_w.l(fclose.o)
    0x08001c6c   0x08001c6c   0x00000012   Code   RO         1064    .text               c_w.l(exit.o)
    0x08001c7e   0x08001c7e   0x0000000a   Code   RO         1066    .text               c_w.l(defsig_exit.o)
    0x08001c88   0x08001c88   0x0000000e   Code   RO         1068    .text               c_w.l(defsig_rtred_outer.o)
    0x08001c96   0x08001c96   0x00000002   PAD
    0x08001c98   0x08001c98   0x00000050   Code   RO         1072    .text               c_w.l(defsig_rtmem_inner.o)
    0x08001ce8   0x08001ce8   0x0000004e   Code   RO         1074    .text               c_w.l(rt_memclr_w.o)
    0x08001d36   0x08001d36   0x00000002   PAD
    0x08001d38   0x08001d38   0x0000000c   Code   RO         1109    .text               c_w.l(sys_exit.o)
    0x08001d44   0x08001d44   0x000000f8   Code   RO         1123    .text               c_w.l(fseek.o)
    0x08001e3c   0x08001e3c   0x00000108   Code   RO         1125    .text               c_w.l(stdio.o)
    0x08001f44   0x08001f44   0x00000032   Code   RO         1136    .text               c_w.l(defsig_general.o)
    0x08001f76   0x08001f76   0x00000002   PAD
    0x08001f78   0x08001f78   0x00000034   Code   RO         1138    .text               c_w.l(defsig_rtred_inner.o)
    0x08001fac   0x08001fac   0x0000000e   Code   RO         1142    .text               c_w.l(sys_wrch.o)
    0x08001fba   0x08001fba   0x00000042   Code   RO         1159    .text               c_w.l(ftell.o)
    0x08001ffc   0x08001ffc   0x00000008   Code   RO         1170    .text               c_w.l(rt_errno_addr_intlibspace.o)
    0x08002004   0x08002004   0x00000008   Code   RO          539    .text.App_TCBInitHook  app_hooks.o
    0x0800200c   0x0800200c   0x00000008   Code   RO          527    .text.App_TaskCreateHook  app_hooks.o
    0x08002014   0x08002014   0x00000008   Code   RO          529    .text.App_TaskDelHook  app_hooks.o
    0x0800201c   0x0800201c   0x00000002   Code   RO          531    .text.App_TaskIdleHook  app_hooks.o
    0x0800201e   0x0800201e   0x00000002   PAD
    0x08002020   0x08002020   0x00000008   Code   RO          535    .text.App_TaskReturnHook  app_hooks.o
    0x08002028   0x08002028   0x00000002   Code   RO          533    .text.App_TaskStatHook  app_hooks.o
    0x0800202a   0x0800202a   0x00000002   PAD
    0x0800202c   0x0800202c   0x00000002   Code   RO          537    .text.App_TaskSwHook  app_hooks.o
    0x0800202e   0x0800202e   0x00000002   PAD
    0x08002030   0x08002030   0x00000032   Code   RO           14    .text.App_TimeTickHook  main.o
    0x08002062   0x08002062   0x00000002   PAD
    0x08002064   0x08002064   0x00000004   Code   RO           45    .text.BusFault_Handler  stm32f4xx_it.o
    0x08002068   0x08002068   0x0000004e   Code   RO           10    .text.DebounceSwitch  main.o
    0x080020b6   0x080020b6   0x00000002   PAD
    0x080020b8   0x080020b8   0x0000004e   Code   RO           12    .text.DebounceSwitch2  main.o
    0x08002106   0x08002106   0x00000002   PAD
    0x08002108   0x08002108   0x00000002   Code   RO           51    .text.DebugMon_Handler  stm32f4xx_it.o
    0x0800210a   0x0800210a   0x00000002   PAD
    0x0800210c   0x0800210c   0x00000002   Code   RO           61    .text.EXTI0_IRQHandler  stm32f4xx_it.o
    0x0800210e   0x0800210e   0x00000002   PAD
    0x08002110   0x08002110   0x00000002   Code   RO           57    .text.EXTI15_10_IRQHandler  stm32f4xx_it.o
    0x08002112   0x08002112   0x00000002   PAD
    0x08002114   0x08002114   0x00000004   Code   RO           41    .text.HardFault_Handler  stm32f4xx_it.o
    0x08002118   0x08002118   0x00000042   Code   RO          620    .text.ITM_SendChar  retarget_io.o
    0x0800215a   0x0800215a   0x00000002   PAD
    0x0800215c   0x0800215c   0x00000004   Code   RO           43    .text.MemManage_Handler  stm32f4xx_it.o
    0x08002160   0x08002160   0x00000004   Code   RO           39    .text.NMI_Handler   stm32f4xx_it.o
    0x08002164   0x08002164   0x000001d2   Code   RO          248    .text.OSDebugInit   os_dbg_r.o
    0x08002336   0x08002336   0x00000002   PAD
    0x08002338   0x08002338   0x00000034   Code   RO          152    .text.OSInit        os_core.o
    0x0800236c   0x0800236c   0x0000005a   Code   RO          553    .text.OSInitHookBegin  os_cpu_c.o
    0x080023c6   0x080023c6   0x00000002   PAD
    0x080023c8   0x080023c8   0x00000002   Code   RO          555    .text.OSInitHookEnd  os_cpu_c.o
    0x080023ca   0x080023ca   0x00000002   PAD
    0x080023cc   0x080023cc   0x00000034   Code   RO          166    .text.OSIntEnter    os_core.o
    0x08002400   0x08002400   0x000000d2   Code   RO          168    .text.OSIntExit     os_core.o
    0x080024d2   0x080024d2   0x00000002   PAD
    0x080024d4   0x080024d4   0x0000013a   Code   RO          395    .text.OSMutexCreate  os_mutex.o
    0x0800260e   0x0800260e   0x00000002   PAD
    0x08002610   0x08002610   0x00000366   Code   RO          401    .text.OSMutexPend   os_mutex.o
    0x08002976   0x08002976   0x00000002   PAD
    0x08002978   0x08002978   0x0000017c   Code   RO          403    .text.OSMutexPost   os_mutex.o
    0x08002af4   0x08002af4   0x000000dc   Code   RO          399    .text.OSMutex_RdyAtPrio  os_mutex.o
    0x08002bd0   0x08002bd0   0x00000092   Code   RO          447    .text.OSSemCreate   os_sem.o
    0x08002c62   0x08002c62   0x00000002   PAD
    0x08002c64   0x08002c64   0x0000014c   Code   RO          451    .text.OSSemPend     os_sem.o
    0x08002db0   0x08002db0   0x000000a2   Code   RO          455    .text.OSSemPost     os_sem.o
    0x08002e52   0x08002e52   0x00000002   PAD
    0x08002e54   0x08002e54   0x00000054   Code   RO          176    .text.OSStart       os_core.o
    0x08002ea8   0x08002ea8   0x00000010   Code   RO          571    .text.OSTCBInitHook  os_cpu_c.o
    0x08002eb8   0x08002eb8   0x00000152   Code   RO          473    .text.OSTaskCreateExt  os_task.o
    0x0800300a   0x0800300a   0x00000002   PAD
    0x0800300c   0x0800300c   0x00000010   Code   RO          557    .text.OSTaskCreateHook  os_cpu_c.o
    0x0800301c   0x0800301c   0x00000242   Code   RO          477    .text.OSTaskDel     os_task.o
    0x0800325e   0x0800325e   0x00000002   PAD
    0x08003260   0x08003260   0x00000010   Code   RO          559    .text.OSTaskDelHook  os_cpu_c.o
    0x08003270   0x08003270   0x00000008   Code   RO          561    .text.OSTaskIdleHook  os_cpu_c.o
    0x08003278   0x08003278   0x000000dc   Code   RO          483    .text.OSTaskNameSet  os_task.o
    0x08003354   0x08003354   0x00000010   Code   RO          563    .text.OSTaskReturnHook  os_cpu_c.o
    0x08003364   0x08003364   0x00000008   Code   RO          565    .text.OSTaskStatHook  os_cpu_c.o
    0x0800336c   0x0800336c   0x0000011e   Code   RO          487    .text.OSTaskStkChk  os_task.o
    0x0800348a   0x0800348a   0x00000002   PAD
    0x0800348c   0x0800348c   0x0000010e   Code   RO          567    .text.OSTaskStkInit  os_cpu_c.o
    0x0800359a   0x0800359a   0x00000002   PAD
    0x0800359c   0x0800359c   0x00000154   Code   RO          489    .text.OSTaskSuspend  os_task.o
    0x080036f0   0x080036f0   0x00000008   Code   RO          569    .text.OSTaskSwHook  os_cpu_c.o
    0x080036f8   0x080036f8   0x000000b2   Code   RO          509    .text.OSTimeDly     os_time.o
    0x080037aa   0x080037aa   0x00000002   PAD
    0x080037ac   0x080037ac   0x0000016c   Code   RO          180    .text.OSTimeTick    os_core.o
    0x08003918   0x08003918   0x00000008   Code   RO          573    .text.OSTimeTickHook  os_cpu_c.o
    0x08003920   0x08003920   0x0000002a   Code   RO          575    .text.OS_CPU_SysTickHandler  os_cpu_c.o
    0x0800394a   0x0800394a   0x00000002   PAD
    0x0800394c   0x0800394c   0x00000002   Code   RO          184    .text.OS_Dummy      os_core.o
    0x0800394e   0x0800394e   0x00000002   PAD
    0x08003950   0x08003950   0x000000e4   Code   RO          186    .text.OS_EventTaskRdy  os_core.o
    0x08003a34   0x08003a34   0x0000004c   Code   RO          188    .text.OS_EventTaskRemove  os_core.o
    0x08003a80   0x08003a80   0x00000076   Code   RO          150    .text.OS_EventTaskRemoveMulti  os_core.o
    0x08003af6   0x08003af6   0x00000002   PAD
    0x08003af8   0x08003af8   0x00000082   Code   RO          190    .text.OS_EventTaskWait  os_core.o
    0x08003b7a   0x08003b7a   0x00000002   PAD
    0x08003b7c   0x08003b7c   0x00000038   Code   RO          192    .text.OS_EventWaitListInit  os_core.o
    0x08003bb4   0x08003bb4   0x000000a6   Code   RO          337    .text.OS_FlagInit   os_flag.o
    0x08003c5a   0x08003c5a   0x00000002   PAD
    0x08003c5c   0x08003c5c   0x00000058   Code   RO          329    .text.OS_FlagUnlink  os_flag.o
    0x08003cb4   0x08003cb4   0x000000b2   Code   RO          160    .text.OS_InitEventList  os_core.o
    0x08003d66   0x08003d66   0x00000002   PAD
    0x08003d68   0x08003d68   0x00000072   Code   RO          154    .text.OS_InitMisc   os_core.o
    0x08003dda   0x08003dda   0x00000002   PAD
    0x08003ddc   0x08003ddc   0x0000006a   Code   RO          156    .text.OS_InitRdyList  os_core.o
    0x08003e46   0x08003e46   0x00000002   PAD
    0x08003e48   0x08003e48   0x000000bc   Code   RO          158    .text.OS_InitTCBList  os_core.o
    0x08003f04   0x08003f04   0x0000004c   Code   RO          162    .text.OS_InitTaskIdle  os_core.o
    0x08003f50   0x08003f50   0x0000004c   Code   RO          164    .text.OS_InitTaskStat  os_core.o
    0x08003f9c   0x08003f9c   0x0000002c   Code   RO          194    .text.OS_MemClr     os_core.o
    0x08003fc8   0x08003fc8   0x0000009c   Code   RO          383    .text.OS_MemInit    os_mem.o
    0x08004064   0x08004064   0x00000090   Code   RO          435    .text.OS_QInit      os_q.o
    0x080040f4   0x080040f4   0x0000009c   Code   RO          148    .text.OS_Sched      os_core.o
    0x08004190   0x08004190   0x0000003c   Code   RO          170    .text.OS_SchedNew   os_core.o
    0x080041cc   0x080041cc   0x0000021a   Code   RO          204    .text.OS_TCBInit    os_core.o
    0x080043e6   0x080043e6   0x00000002   PAD
    0x080043e8   0x080043e8   0x00000036   Code   RO          198    .text.OS_TaskIdle   os_core.o
    0x0800441e   0x0800441e   0x00000002   PAD
    0x08004420   0x08004420   0x00000018   Code   RO          499    .text.OS_TaskReturn  os_task.o
    0x08004438   0x08004438   0x00000152   Code   RO          200    .text.OS_TaskStat   os_core.o
    0x0800458a   0x0800458a   0x00000002   PAD
    0x0800458c   0x0800458c   0x00000076   Code   RO          202    .text.OS_TaskStatStkChk  os_core.o
    0x08004602   0x08004602   0x00000002   PAD
    0x08004604   0x08004604   0x00000042   Code   RO          475    .text.OS_TaskStkClr  os_task.o
    0x08004646   0x08004646   0x00000002   PAD
    0x08004648   0x08004648   0x00000002   Code   RO           59    .text.OTG_FS_IRQHandler  stm32f4xx_it.o
    0x0800464a   0x0800464a   0x00000002   PAD
    0x0800464c   0x0800464c   0x00000002   Code   RO           49    .text.SVC_Handler   stm32f4xx_it.o
    0x0800464e   0x0800464e   0x00000002   PAD
    0x08004650   0x08004650   0x0000012e   Code   RO          661    .text.SystemCoreClockUpdate  system_stm32f4xx.o
    0x0800477e   0x0800477e   0x00000002   PAD
    0x08004780   0x08004780   0x00000002   Code   RO          659    .text.SystemInit    system_stm32f4xx.o
    0x08004782   0x08004782   0x00000002   PAD
    0x08004784   0x08004784   0x000000b6   Code   RO            4    .text.Task_ColourSampling  main.o
    0x0800483a   0x0800483a   0x00000002   PAD
    0x0800483c   0x0800483c   0x00000d66   Code   RO            2    .text.Task_OLEDUpdate  main.o
    0x080055a2   0x080055a2   0x00000002   PAD
    0x080055a4   0x080055a4   0x0000004e   Code   RO            6    .text.Task_Veml_LedToggle  main.o
    0x080055f2   0x080055f2   0x00000002   PAD
    0x080055f4   0x080055f4   0x00000004   Code   RO           47    .text.UsageFault_Handler  stm32f4xx_it.o
    0x080055f8   0x080055f8   0x0000004a   Code   RO          626    .text._sys_close    retarget_io.o
    0x08005642   0x08005642   0x00000002   PAD
    0x08005644   0x08005644   0x00000048   Code   RO          638    .text._sys_flen     retarget_io.o
    0x0800568c   0x0800568c   0x00000048   Code   RO          634    .text._sys_istty    retarget_io.o
    0x080056d4   0x080056d4   0x00000084   Code   RO          624    .text._sys_open     retarget_io.o
    0x08005758   0x08005758   0x00000052   Code   RO          636    .text._sys_seek     retarget_io.o
    0x080057aa   0x080057aa   0x00000002   PAD
    0x080057ac   0x080057ac   0x00000076   Code   RO          628    .text._sys_write    retarget_io.o
    0x08005822   0x08005822   0x00000002   PAD
    0x08005824   0x08005824   0x00000026   Code   RO          124    .text.bsp_flash_init  bsp_system.o
    0x0800584a   0x0800584a   0x00000002   PAD
    0x0800584c   0x0800584c   0x0000000e   Code   RO           98    .text.bsp_gpio_PA6_get_state  bsp_gpio.o
    0x0800585a   0x0800585a   0x00000002   PAD
    0x0800585c   0x0800585c   0x00000030   Code   RO           92    .text.bsp_gpio_PA6_init  bsp_gpio.o
    0x0800588c   0x0800588c   0x0000004e   Code   RO           86    .text.bsp_gpio_PA7_init  bsp_gpio.o
    0x080058da   0x080058da   0x00000002   PAD
    0x080058dc   0x080058dc   0x00000010   Code   RO           90    .text.bsp_gpio_PA7_reset  bsp_gpio.o
    0x080058ec   0x080058ec   0x00000010   Code   RO           88    .text.bsp_gpio_PA7_set  bsp_gpio.o
    0x080058fc   0x080058fc   0x0000000e   Code   RO           84    .text.bsp_gpio_user_key_get_state  bsp_gpio.o
    0x0800590a   0x0800590a   0x00000002   PAD
    0x0800590c   0x0800590c   0x00000030   Code   RO           76    .text.bsp_gpio_user_key_init  bsp_gpio.o
    0x0800593c   0x0800593c   0x000001b8   Code   RO          107    .text.bsp_i2c_init  bsp_i2c.o
    0x08005af4   0x08005af4   0x00000318   Code   RO          111    .text.bsp_i2c_master_receive  bsp_i2c.o
    0x08005e0c   0x08005e0c   0x00000180   Code   RO          113    .text.bsp_i2c_master_receive_reg  bsp_i2c.o
    0x08005f8c   0x08005f8c   0x00000176   Code   RO          109    .text.bsp_i2c_master_transfer  bsp_i2c.o
    0x08006102   0x08006102   0x00000002   PAD
    0x08006104   0x08006104   0x000001da   Code   RO          126    .text.bsp_rcc_clock_init  bsp_system.o
    0x080062de   0x080062de   0x00000002   PAD
    0x080062e0   0x080062e0   0x00000010   Code   RO          122    .text.bsp_system_init  bsp_system.o
    0x080062f0   0x080062f0   0x0000005a   Code   RO          128    .text.bsp_systick_init  bsp_system.o
    0x0800634a   0x0800634a   0x00000002   PAD
    0x0800634c   0x0800634c   0x00000166   Code   RO            8    .text.main          main.o
    0x080064b2   0x080064b2   0x00000002   PAD
    0x080064b4   0x080064b4   0x00000064   Code   RO          595    .text.sdd1306_clear_area  sdd1306.o
    0x08006518   0x08006518   0x00000070   Code   RO          593    .text.sdd1306_draw  sdd1306.o
    0x08006588   0x08006588   0x00000064   Code   RO          591    .text.sdd1306_init  sdd1306.o
    0x080065ec   0x080065ec   0x00000010   Code   RO          630    .text.stdout_putchar  retarget_io.o
    0x080065fc   0x080065fc   0x000000a6   Code   RO          609    .text.veml6040_get_data_raw  veml6040.o
    0x080066a2   0x080066a2   0x00000002   PAD
    0x080066a4   0x080066a4   0x00000020   Code   RO          607    .text.veml6040_init  veml6040.o
    0x080066c4   0x080066c4   0x0000003e   Code   RO         1024    CL$$btod_d2e        c_w.l(btod.o)
    0x08006702   0x08006702   0x00000046   Code   RO         1026    CL$$btod_d2e_denorm_low  c_w.l(btod.o)
    0x08006748   0x08006748   0x00000060   Code   RO         1025    CL$$btod_d2e_norm_op1  c_w.l(btod.o)
    0x080067a8   0x080067a8   0x00000338   Code   RO         1034    CL$$btod_div_common  c_w.l(btod.o)
    0x08006ae0   0x08006ae0   0x000000dc   Code   RO         1031    CL$$btod_e2e        c_w.l(btod.o)
    0x08006bbc   0x08006bbc   0x0000002a   Code   RO         1028    CL$$btod_ediv       c_w.l(btod.o)
    0x08006be6   0x08006be6   0x0000002a   Code   RO         1027    CL$$btod_emul       c_w.l(btod.o)
    0x08006c10   0x08006c10   0x00000244   Code   RO         1033    CL$$btod_mult_common  c_w.l(btod.o)
    0x08006e54   0x08006e54   0x00000028   Code   RO         1107    i.__ARM_fpclassify  m_ws.l(fpclassify.o)
    0x08006e7c   0x08006e7c   0x0000000e   Code   RO          828    i._is_digit         c_w.l(__printf_wp.o)
    0x08006e8a   0x08006e8a   0x0000001c   Code   RO          977    i.fputc             c_w.l(fputc.o)
    0x08006ea6   0x08006ea6   0x00000002   PAD
    0x08006ea8   0x08006ea8   0x0000002c   Code   RO         1062    locale$$code        c_w.l(lc_numeric_c.o)
    0x08006ed4   0x08006ed4   0x0000002c   Code   RO         1132    locale$$code        c_w.l(lc_ctype_c.o)
    0x08006f00   0x08006f00   0x00000004   Code   RO          918    x$fpl$printf1       fz_ws.l(printf1.o)
    0x08006f04   0x08006f04   0x00000004   Code   RO          920    x$fpl$printf2       fz_ws.l(printf2.o)
    0x08006f08   0x08006f08   0x00000000   Code   RO         1106    x$fpl$usenofp       fz_ws.l(usenofp.o)
    0x08006f08   0x08006f08   0x00000008   Data   RO          787    .constdata          c_w.l(_printf_wctomb.o)
    0x08006f10   0x08006f10   0x00000028   Data   RO          816    .constdata          c_w.l(_printf_hex_int_ll_ptr.o)
    0x08006f38   0x08006f38   0x00000011   Data   RO          836    .constdata          c_w.l(__printf_flags_ss_wp.o)
    0x08006f49   0x08006f49   0x00000026   Data   RO          965    .constdata          c_w.l(_printf_fp_hex.o)
    0x08006f6f   0x08006f6f   0x00000001   PAD
    0x08006f70   0x08006f70   0x00000094   Data   RO         1022    .constdata          c_w.l(bigflt0.o)
    0x08007004   0x08007004   0x0000001a   Data   RO          597    .rodata..L__const.sdd1306_init.initializeCmds  sdd1306.o
    0x0800701e   0x0800701e   0x00000010   Data   RO          664    .rodata.AHBPrescTable  system_stm32f4xx.o
    0x0800702e   0x0800702e   0x00000008   Data   RO          665    .rodata.APBPrescTable  system_stm32f4xx.o
    0x08007036   0x08007036   0x00000002   Data   RO          306    .rodata.OSDataSize  os_dbg_r.o
    0x08007038   0x08007038   0x00000002   Data   RO          250    .rodata.OSDebugEn   os_dbg_r.o
    0x0800703a   0x0800703a   0x00000002   PAD
    0x0800703c   0x0800703c   0x00000004   Data   RO          251    .rodata.OSEndiannessTest  os_dbg_r.o
    0x08007040   0x08007040   0x00000002   Data   RO          252    .rodata.OSEventEn   os_dbg_r.o
    0x08007042   0x08007042   0x00000002   Data   RO          253    .rodata.OSEventMax  os_dbg_r.o
    0x08007044   0x08007044   0x00000002   Data   RO          257    .rodata.OSEventMultiEn  os_dbg_r.o
    0x08007046   0x08007046   0x00000002   Data   RO          254    .rodata.OSEventNameEn  os_dbg_r.o
    0x08007048   0x08007048   0x00000002   Data   RO          255    .rodata.OSEventSize  os_dbg_r.o
    0x0800704a   0x0800704a   0x00000002   Data   RO          256    .rodata.OSEventTblSize  os_dbg_r.o
    0x0800704c   0x0800704c   0x00000002   Data   RO          258    .rodata.OSFlagEn    os_dbg_r.o
    0x0800704e   0x0800704e   0x00000002   Data   RO          259    .rodata.OSFlagGrpSize  os_dbg_r.o
    0x08007050   0x08007050   0x00000002   Data   RO          262    .rodata.OSFlagMax   os_dbg_r.o
    0x08007052   0x08007052   0x00000002   Data   RO          263    .rodata.OSFlagNameEn  os_dbg_r.o
    0x08007054   0x08007054   0x00000002   Data   RO          260    .rodata.OSFlagNodeSize  os_dbg_r.o
    0x08007056   0x08007056   0x00000002   Data   RO          261    .rodata.OSFlagWidth  os_dbg_r.o
    0x08007058   0x08007058   0x00000002   Data   RO          264    .rodata.OSLowestPrio  os_dbg_r.o
    0x0800705a   0x0800705a   0x00000002   Data   RO          265    .rodata.OSMboxEn    os_dbg_r.o
    0x0800705c   0x0800705c   0x00000002   Data   RO          266    .rodata.OSMemEn     os_dbg_r.o
    0x0800705e   0x0800705e   0x00000002   Data   RO          267    .rodata.OSMemMax    os_dbg_r.o
    0x08007060   0x08007060   0x00000002   Data   RO          268    .rodata.OSMemNameEn  os_dbg_r.o
    0x08007062   0x08007062   0x00000002   Data   RO          269    .rodata.OSMemSize   os_dbg_r.o
    0x08007064   0x08007064   0x00000002   Data   RO          270    .rodata.OSMemTblSize  os_dbg_r.o
    0x08007066   0x08007066   0x00000002   Data   RO          271    .rodata.OSMutexEn   os_dbg_r.o
    0x08007068   0x08007068   0x00000002   Data   RO          272    .rodata.OSPtrSize   os_dbg_r.o
    0x0800706a   0x0800706a   0x00000002   Data   RO          273    .rodata.OSQEn       os_dbg_r.o
    0x0800706c   0x0800706c   0x00000002   Data   RO          274    .rodata.OSQMax      os_dbg_r.o
    0x0800706e   0x0800706e   0x00000002   Data   RO          275    .rodata.OSQSize     os_dbg_r.o
    0x08007070   0x08007070   0x00000002   Data   RO          276    .rodata.OSRdyTblSize  os_dbg_r.o
    0x08007072   0x08007072   0x00000002   Data   RO          277    .rodata.OSSemEn     os_dbg_r.o
    0x08007074   0x08007074   0x00000002   Data   RO          278    .rodata.OSStkWidth  os_dbg_r.o
    0x08007076   0x08007076   0x00000002   Data   RO          291    .rodata.OSTCBPrioTblMax  os_dbg_r.o
    0x08007078   0x08007078   0x00000002   Data   RO          292    .rodata.OSTCBSize   os_dbg_r.o
    0x0800707a   0x0800707a   0x00000002   Data   RO          279    .rodata.OSTaskCreateEn  os_dbg_r.o
    0x0800707c   0x0800707c   0x00000002   Data   RO          280    .rodata.OSTaskCreateExtEn  os_dbg_r.o
    0x0800707e   0x0800707e   0x00000002   Data   RO          281    .rodata.OSTaskDelEn  os_dbg_r.o
    0x08007080   0x08007080   0x00000002   Data   RO          282    .rodata.OSTaskIdleStkSize  os_dbg_r.o
    0x08007082   0x08007082   0x00000002   Data   RO          284    .rodata.OSTaskMax   os_dbg_r.o
    0x08007084   0x08007084   0x00000002   Data   RO          285    .rodata.OSTaskNameEn  os_dbg_r.o
    0x08007086   0x08007086   0x00000002   Data   RO          283    .rodata.OSTaskProfileEn  os_dbg_r.o
    0x08007088   0x08007088   0x00000002   Data   RO          286    .rodata.OSTaskStatEn  os_dbg_r.o
    0x0800708a   0x0800708a   0x00000002   Data   RO          288    .rodata.OSTaskStatStkChkEn  os_dbg_r.o
    0x0800708c   0x0800708c   0x00000002   Data   RO          287    .rodata.OSTaskStatStkSize  os_dbg_r.o
    0x0800708e   0x0800708e   0x00000002   Data   RO          289    .rodata.OSTaskSwHookEn  os_dbg_r.o
    0x08007090   0x08007090   0x00000002   Data   RO          293    .rodata.OSTicksPerSec  os_dbg_r.o
    0x08007092   0x08007092   0x00000002   Data   RO          294    .rodata.OSTimeTickHookEn  os_dbg_r.o
    0x08007094   0x08007094   0x00000100   Data   RO          206    .rodata.OSUnMapTbl  os_core.o
    0x08007194   0x08007194   0x00000002   Data   RO          295    .rodata.OSVersionNbr  os_dbg_r.o
    0x08007196   0x08007196   0x00000008   Data   RO          643    .rodata.__stderr_name  retarget_io.o
    0x0800719e   0x0800719e   0x00000007   Data   RO          641    .rodata.__stdin_name  retarget_io.o
    0x080071a5   0x080071a5   0x00000008   Data   RO          642    .rodata.__stdout_name  retarget_io.o
    0x080071ad   0x080071ad   0x00000252   Data   RO           30    .rodata.font16x16   main.o
    0x080073ff   0x080073ff   0x0000002b   Data   RO           21    .rodata.str1.1      main.o
    0x0800742a   0x0800742a   0x0000001e   Data   RO          227    .rodata.str1.1      os_core.o
    0x08007448   0x08007448   0x00000017   Data   RO          644    .rodata.str1.1      retarget_io.o
    0x0800745f   0x0800745f   0x00000001   PAD
    0x08007460   0x08007460   0x00000020   Data   RO         1190    Region$$Table       anon$$obj.o
    0x08007480   0x08007480   0x0000001c   Data   RO         1061    locale$$data        c_w.l(lc_numeric_c.o)
    0x0800749c   0x0800749c   0x00000110   Data   RO         1131    locale$$data        c_w.l(lc_ctype_c.o)


    Execution Region ER_RW (Exec base: 0x20000000, Load base: 0x080075ac, Size: 0x00000414, Max: 0xffffffff, ABSOLUTE, COMPRESSED[0x00000010])

    Exec Addr    Load Addr    Size         Type   Attr      Idx    E Section Name        Object

    0x20000000   COMPRESSED   0x00000004   Data   RW          864    .data               c_w.l(stdio_streams.o)
    0x20000004   COMPRESSED   0x00000004   Data   RW          865    .data               c_w.l(stdio_streams.o)
    0x20000008   COMPRESSED   0x00000004   Data   RW          866    .data               c_w.l(stdio_streams.o)
    0x2000000c   COMPRESSED   0x00000004   Data   RW          663    .data.SystemCoreClock  system_stm32f4xx.o
    0x20000010   COMPRESSED   0x00000401   Data   RW          599    .data.zeros         sdd1306.o


    Execution Region ER_ZI (Exec base: 0x20000418, Load base: 0x080075bc, Size: 0x00002bd8, Max: 0xffffffff, ABSOLUTE)

    Exec Addr    Load Addr    Size         Type   Attr      Idx    E Section Name        Object

    0x20000418        -       0x00000054   Zero   RW          861    .bss                c_w.l(stdio_streams.o)
    0x2000046c        -       0x00000054   Zero   RW          862    .bss                c_w.l(stdio_streams.o)
    0x200004c0        -       0x00000054   Zero   RW          863    .bss                c_w.l(stdio_streams.o)
    0x20000514        -       0x00000060   Zero   RW          931    .bss                c_w.l(libspace.o)
    0x20000574        -       0x00000001   Zero   RW           18    .bss.ChangeMode     main.o
    0x20000575   0x080075bc   0x00000001   PAD
    0x20000576        -       0x00000002   Zero   RW           28    .bss.DebounceSwitch.State  main.o
    0x20000578        -       0x00000002   Zero   RW           29    .bss.DebounceSwitch2.State  main.o
    0x2000057a        -       0x00000001   Zero   RW          224    .bss.OSCPUUsage     os_core.o
    0x2000057b   0x080075bc   0x00000001   PAD
    0x2000057c        -       0x00000004   Zero   RW          215    .bss.OSCtxSwCtr     os_core.o
    0x20000580        -       0x00000004   Zero   RW          229    .bss.OSEventFreeList  os_core.o
    0x20000584        -       0x000000f0   Zero   RW          230    .bss.OSEventTbl     os_core.o
    0x20000674        -       0x00000004   Zero   RW          232    .bss.OSFlagFreeList  os_core.o
    0x20000678        -       0x00000050   Zero   RW          231    .bss.OSFlagTbl      os_core.o
    0x200006c8        -       0x00000004   Zero   RW          216    .bss.OSIdleCtr      os_core.o
    0x200006cc        -       0x00000004   Zero   RW          217    .bss.OSIdleCtrMax   os_core.o
    0x200006d0        -       0x00000004   Zero   RW          225    .bss.OSIdleCtrRun   os_core.o
    0x200006d4        -       0x00000001   Zero   RW          207    .bss.OSIntNesting   os_core.o
    0x200006d5        -       0x00000001   Zero   RW          208    .bss.OSLockNesting  os_core.o
    0x200006d6   0x080075bc   0x00000002   PAD
    0x200006d8        -       0x00000004   Zero   RW          236    .bss.OSMemFreeList  os_core.o
    0x200006dc        -       0x00000078   Zero   RW          237    .bss.OSMemTbl       os_core.o
    0x20000754        -       0x00000001   Zero   RW          214    .bss.OSPrioCur      os_core.o
    0x20000755        -       0x00000001   Zero   RW          212    .bss.OSPrioHighRdy  os_core.o
    0x20000756   0x080075bc   0x00000002   PAD
    0x20000758        -       0x00000004   Zero   RW          238    .bss.OSQFreeList    os_core.o
    0x2000075c        -       0x00000060   Zero   RW          239    .bss.OSQTbl         os_core.o
    0x200007bc        -       0x00000001   Zero   RW          222    .bss.OSRdyGrp       os_core.o
    0x200007bd        -       0x00000008   Zero   RW          223    .bss.OSRdyTbl       os_core.o
    0x200007c5        -       0x00000001   Zero   RW          210    .bss.OSRunning      os_core.o
    0x200007c6        -       0x00000001   Zero   RW          218    .bss.OSStatRdy      os_core.o
    0x200007c7   0x080075bc   0x00000001   PAD
    0x200007c8        -       0x00000004   Zero   RW          209    .bss.OSTCBCur       os_core.o
    0x200007cc        -       0x00000004   Zero   RW          226    .bss.OSTCBFreeList  os_core.o
    0x200007d0        -       0x00000004   Zero   RW          213    .bss.OSTCBHighRdy   os_core.o
    0x200007d4        -       0x00000004   Zero   RW          221    .bss.OSTCBList      os_core.o
    0x200007d8        -       0x00000100   Zero   RW          211    .bss.OSTCBPrioTbl   os_core.o
    0x200008d8        -       0x000007e8   Zero   RW          235    .bss.OSTCBTbl       os_core.o
    0x200010c0        -       0x00000001   Zero   RW          228    .bss.OSTaskCtr      os_core.o
    0x200010c1   0x080075bc   0x00000003   PAD
    0x200010c4        -       0x00000200   Zero   RW          234    .bss.OSTaskIdleStk  os_core.o
    0x200012c4        -       0x00000001   Zero   RW          240    .bss.OSTaskRegNextAvailID  os_core.o
    0x200012c5   0x080075bc   0x00000003   PAD
    0x200012c8        -       0x00000200   Zero   RW          233    .bss.OSTaskStatStk  os_core.o
    0x200014c8        -       0x00000001   Zero   RW          220    .bss.OSTickStepState  os_core.o
    0x200014c9   0x080075bc   0x00000003   PAD
    0x200014cc        -       0x00000004   Zero   RW          219    .bss.OSTime         os_core.o
    0x200014d0        -       0x00000400   Zero   RW          581    .bss.OS_CPU_ExceptStk  os_cpu_c.o
    0x200018d0        -       0x00000004   Zero   RW          582    .bss.OS_CPU_ExceptStkBase  os_cpu_c.o
    0x200018d4        -       0x00000004   Zero   RW          583    .bss.OS_KA_BASEPRI_Boundary  os_cpu_c.o
    0x200018d8        -       0x00000004   Zero   RW           23    .bss.RGBCount       main.o
    0x200018dc        -       0x00000004   Zero   RW           22    .bss.RGBCountMutex  main.o
    0x200018e0        -       0x00000800   Zero   RW           26    .bss.TaskStk_ColourSampling  main.o
    0x200020e0        -       0x00000800   Zero   RW           25    .bss.TaskStk_OLEDUpdate  main.o
    0x200028e0        -       0x00000100   Zero   RW           27    .bss.TaskStk_Veml_LedToggle  main.o
    0x200029e0        -       0x00000001   Zero   RW           20    .bss.err            main.o
    0x200029e1   0x080075bc   0x00000003   PAD
    0x200029e4        -       0x00000004   Zero   RW           19    .bss.i2cMutex       main.o
    0x200029e8        -       0x00000004   Zero   RW           24    .bss.pa6switchSem   main.o
    0x200029ec        -       0x00000004   Zero   RW          130    .bss.tmpreg         bsp_system.o
    0x200029f0        -       0x00000200   Zero   RW          652    HEAP                startup_stm32f411xe.o
    0x20002bf0        -       0x00000400   Zero   RW          651    STACK               startup_stm32f411xe.o


==============================================================================

Image component sizes


      Code (inc. data)   RO Data    RW Data    ZI Data      Debug   Object Name

        38          0          0          0          0       2595   app_hooks.o
       234          0          0          0          0       5815   bsp_gpio.o
      1990          0          0          0          0       4031   bsp_i2c.o
       618          0          0          0          4       2499   bsp_system.o
      4254          0        637          0       4374       4810   main.o
      3418          0        286          0       3911      12581   os_core.o
       276         32          0          0          0        364   os_cpu_a.o
       500          0          0          0       1032       4193   os_cpu_c.o
       466          0         94          0          0       2338   os_dbg_r.o
       254          0          0          0          0       7925   os_flag.o
       156          0          0          0          0       3250   os_mem.o
      1784          0          0          0          0       5900   os_mutex.o
       144          0          0          0          0       5706   os_q.o
       640          0          0          0          0       3812   os_sem.o
      1852          0          0          0          0       8445   os_task.o
       178          0          0          0          0       3258   os_time.o
       632          0         46          0          0       2972   retarget_io.o
       312          0         26       1025          0       1335   sdd1306.o
        64         26        408          0       1536        820   startup_stm32f411xe.o
        30          0          0          0          0       1221   stm32f4xx_it.o
       304          0         24          4          0       2135   system_stm32f4xx.o
       198          0          0          0          0       1145   veml6040.o

    ----------------------------------------------------------------------
     18452         58       1556       1032      10876      87150   Object Totals
         0          0         32          0          0          0   (incl. Generated)
       110          0          3          3         19          0   (incl. Padding)

    ----------------------------------------------------------------------

      Code (inc. data)   RO Data    RW Data    ZI Data      Debug   Library Member Name

        58          0          0          0          0          0   __dczerorl.o
         8          0          0          0          0         68   __main.o
       392          4         17          0          0         92   __printf_flags_ss_wp.o
        14          0          0          0          0         68   __printf_wp.o
         0          0          0          0          0          0   __rtentry.o
        12          0          0          0          0          0   __rtentry2.o
         6          0          0          0          0          0   __rtentry4.o
        52          8          0          0          0          0   __scatter.o
        28          0          0          0          0          0   __scatter_zi.o
        72          0          0          0          0         96   _c16rtomb.o
         6          0          0          0          0          0   _printf_a.o
         6          0          0          0          0          0   _printf_c.o
        44          0          0          0          0        108   _printf_char.o
        48          6          0          0          0         96   _printf_char_common.o
        36          4          0          0          0         80   _printf_char_file.o
        40          0          0          0          0         68   _printf_charcount.o
         6          0          0          0          0          0   _printf_d.o
       120         16          0          0          0         92   _printf_dec.o
         6          0          0          0          0          0   _printf_e.o
         6          0          0          0          0          0   _printf_f.o
      1052          0          0          0          0        148   _printf_fp_dec.o
       764          8         38          0          0        100   _printf_fp_hex.o
       128         16          0          0          0         84   _printf_fp_infnan.o
         6          0          0          0          0          0   _printf_g.o
       148          4         40          0          0        160   _printf_hex_int_ll_ptr.o
         6          0          0          0          0          0   _printf_i.o
       178          0          0          0          0         88   _printf_intcommon.o
        10          0          0          0          0          0   _printf_l.o
         6          0          0          0          0          0   _printf_lc.o
        10          0          0          0          0          0   _printf_ll.o
         6          0          0          0          0          0   _printf_lld.o
         6          0          0          0          0          0   _printf_lli.o
         6          0          0          0          0          0   _printf_llo.o
         6          0          0          0          0          0   _printf_llu.o
         6          0          0          0          0          0   _printf_llx.o
       124         16          0          0          0         92   _printf_longlong_dec.o
         6          0          0          0          0          0   _printf_ls.o
         6          0          0          0          0          0   _printf_n.o
         6          0          0          0          0          0   _printf_o.o
       112          8          0          0          0        124   _printf_oct_int_ll.o
         6          0          0          0          0          0   _printf_p.o
        78          0          0          0          0        108   _printf_pad.o
         0          0          0          0          0          0   _printf_percent.o
         4          0          0          0          0          0   _printf_percent_end.o
         6          0          0          0          0          0   _printf_s.o
        82          0          0          0          0         80   _printf_str.o
        36          0          0          0          0         84   _printf_truncate.o
         6          0          0          0          0          0   _printf_u.o
        44          0          0          0          0        108   _printf_wchar.o
       188          6          8          0          0         92   _printf_wctomb.o
         6          0          0          0          0          0   _printf_x.o
       228          4        148          0          0         96   bigflt0.o
      1936        128          0          0          0        668   btod.o
        10          0          0          0          0         68   defsig_exit.o
        50          0          0          0          0         88   defsig_general.o
        80         58          0          0          0         76   defsig_rtmem_inner.o
        14          0          0          0          0         80   defsig_rtmem_outer.o
        52         38          0          0          0         76   defsig_rtred_inner.o
        14          0          0          0          0         80   defsig_rtred_outer.o
        18          0          0          0          0         80   exit.o
        76          0          0          0          0         88   fclose.o
         8          0          0          0          0         68   ferror.o
       482          0          0          0          0         92   flsbuf.o
       240          6          0          0          0        128   fopen.o
        28          0          0          0          0         68   fputc.o
       248          6          0          0          0         84   fseek.o
        66          0          0          0          0         76   ftell.o
        94          0          0          0          0         80   h1_alloc.o
        52          0          0          0          0         68   h1_extend.o
        78          0          0          0          0         80   h1_free.o
        14          0          0          0          0         84   h1_init.o
         6          0          0          0          0        152   heapauxi.o
         4          0          0          0          0        136   hguard.o
         0          0          0          0          0          0   indicate_semi.o
       138          0          0          0          0        168   init_alloc.o
       312         46          0          0          0        112   initio.o
        44         10        272          0          0         76   lc_ctype_c.o
        44         10         28          0          0         76   lc_numeric_c.o
         2          0          0          0          0          0   libinit.o
        42          0          0          0          0          0   libinit2.o
         2          0          0          0          0          0   libshutdown.o
         6          0          0          0          0          0   libshutdown2.o
         8          4          0          0         96         68   libspace.o
       138          0          0          0          0         80   lludiv10.o
         0          0          0          0          0          0   maybetermalloc1.o
        24          4          0          0          0         84   printf.o
        16          4          0          0          0         76   rt_ctype_table.o
         8          4          0          0          0         68   rt_errno_addr_intlibspace.o
         8          4          0          0          0         68   rt_heap_descriptor_intlibspace.o
         8          4          0          0          0         68   rt_locale_intlibspace.o
        78          0          0          0          0         80   rt_memclr_w.o
       138          0          0          0          0         68   rt_memcpy_v6.o
       100          0          0          0          0         80   rt_memcpy_w.o
         2          0          0          0          0          0   rtexit.o
        10          0          0          0          0          0   rtexit2.o
        70          0          0          0          0         80   setvbuf.o
       264          6          0          0          0        160   stdio.o
         0          0          0         12        252          0   stdio_streams.o
       124          0          0          0          0         88   strcmpv7em.o
        12          4          0          0          0         68   sys_exit.o
        74          0          0          0          0         80   sys_stackheap_outer.o
        14          0          0          0          0         76   sys_wrch.o
         2          0          0          0          0         68   use_no_semi.o
         4          0          0          0          0         68   printf1.o
         4          0          0          0          0         68   printf2.o
         0          0          0          0          0          0   usenofp.o
        40          0          0          0          0         68   fpclassify.o

    ----------------------------------------------------------------------
      9564        436        552         12        348       6548   Library Totals
        22          0          1          0          0          0   (incl. Padding)

    ----------------------------------------------------------------------

      Code (inc. data)   RO Data    RW Data    ZI Data      Debug   Library Name

      9494        436        551         12        348       6344   c_w.l
         8          0          0          0          0        136   fz_ws.l
        40          0          0          0          0         68   m_ws.l

    ----------------------------------------------------------------------
      9564        436        552         12        348       6548   Library Totals

    ----------------------------------------------------------------------

==============================================================================


      Code (inc. data)   RO Data    RW Data    ZI Data      Debug   

     28016        494       2108       1044      11224      89674   Grand Totals
     28016        494       2108         16      11224      89674   ELF Image Totals (compressed)
     28016        494       2108         16          0          0   ROM Totals

==============================================================================

    Total RO  Size (Code + RO Data)                30124 (  29.42kB)
    Total RW  Size (RW Data + ZI Data)             12268 (  11.98kB)
    Total ROM Size (Code + RO Data + RW Data)      30140 (  29.43kB)

==============================================================================

